Component: ARM Compiler 5.06 update 1 (build 61) Tool: armlink [4d35a8]

==============================================================================

Section Cross References

    startup_stm32f10x_hd.o(RESET) refers to startup_stm32f10x_hd.o(STACK) for __initial_sp
    startup_stm32f10x_hd.o(RESET) refers to startup_stm32f10x_hd.o(.text) for Reset_Handler
    startup_stm32f10x_hd.o(RESET) refers to stm32f10x_it.o(i.NMI_Handler) for NMI_Handler
    startup_stm32f10x_hd.o(RESET) refers to stm32f10x_it.o(i.HardFault_Handler) for HardFault_Handler
    startup_stm32f10x_hd.o(RESET) refers to stm32f10x_it.o(i.MemManage_Handler) for MemManage_Handler
    startup_stm32f10x_hd.o(RESET) refers to stm32f10x_it.o(i.BusFault_Handler) for BusFault_Handler
    startup_stm32f10x_hd.o(RESET) refers to stm32f10x_it.o(i.UsageFault_Handler) for UsageFault_Handler
    startup_stm32f10x_hd.o(RESET) refers to stm32f10x_it.o(i.SVC_Handler) for SVC_Handler
    startup_stm32f10x_hd.o(RESET) refers to stm32f10x_it.o(i.DebugMon_Handler) for DebugMon_Handler
    startup_stm32f10x_hd.o(RESET) refers to os_cpu_a.o(CODE) for OS_CPU_PendSVHandler
    startup_stm32f10x_hd.o(RESET) refers to os_cpu_c.o(i.OS_CPU_SysTickHandler) for OS_CPU_SysTickHandler
    startup_stm32f10x_hd.o(RESET) refers to stm32f10x_it.o(i.EXTI4_IRQHandler) for EXTI4_IRQHandler
    startup_stm32f10x_hd.o(RESET) refers to stm32f10x_it.o(i.ADC1_2_IRQHandler) for ADC1_2_IRQHandler
    startup_stm32f10x_hd.o(RESET) refers to stm32f10x_it.o(i.TIM3_IRQHandler) for TIM3_IRQHandler
    startup_stm32f10x_hd.o(RESET) refers to stm32f10x_it.o(i.USART3_IRQHandler) for USART3_IRQHandler
    startup_stm32f10x_hd.o(RESET) refers to stm32f10x_it.o(i.EXTI15_10_IRQHandler) for EXTI15_10_IRQHandler
    startup_stm32f10x_hd.o(.text) refers to system_stm32f10x.o(i.SystemInit) for SystemInit
    startup_stm32f10x_hd.o(.text) refers to entry.o(.ARM.Collect$$$$00000000) for __main
    system_stm32f10x.o(i.SetSysClock) refers to system_stm32f10x.o(i.SetSysClockTo72) for SetSysClockTo72
    system_stm32f10x.o(i.SystemCoreClockUpdate) refers to system_stm32f10x.o(.data) for SystemCoreClock
    system_stm32f10x.o(i.SystemInit) refers to system_stm32f10x.o(i.SetSysClock) for SetSysClock
    stm32f10x_adc.o(i.ADC_DeInit) refers to stm32f10x_rcc.o(i.RCC_APB2PeriphResetCmd) for RCC_APB2PeriphResetCmd
    stm32f10x_bkp.o(i.BKP_DeInit) refers to stm32f10x_rcc.o(i.RCC_BackupResetCmd) for RCC_BackupResetCmd
    stm32f10x_can.o(i.CAN_DeInit) refers to stm32f10x_rcc.o(i.RCC_APB1PeriphResetCmd) for RCC_APB1PeriphResetCmd
    stm32f10x_can.o(i.CAN_GetITStatus) refers to stm32f10x_can.o(i.CheckITStatus) for CheckITStatus
    stm32f10x_cec.o(i.CEC_DeInit) refers to stm32f10x_rcc.o(i.RCC_APB1PeriphResetCmd) for RCC_APB1PeriphResetCmd
    stm32f10x_dac.o(i.DAC_DeInit) refers to stm32f10x_rcc.o(i.RCC_APB1PeriphResetCmd) for RCC_APB1PeriphResetCmd
    stm32f10x_flash.o(i.FLASH_EnableWriteProtection) refers to stm32f10x_flash.o(i.FLASH_WaitForLastOperation) for FLASH_WaitForLastOperation
    stm32f10x_flash.o(i.FLASH_EraseAllBank1Pages) refers to stm32f10x_flash.o(i.FLASH_WaitForLastBank1Operation) for FLASH_WaitForLastBank1Operation
    stm32f10x_flash.o(i.FLASH_EraseAllPages) refers to stm32f10x_flash.o(i.FLASH_WaitForLastOperation) for FLASH_WaitForLastOperation
    stm32f10x_flash.o(i.FLASH_EraseOptionBytes) refers to stm32f10x_flash.o(i.FLASH_GetReadOutProtectionStatus) for FLASH_GetReadOutProtectionStatus
    stm32f10x_flash.o(i.FLASH_EraseOptionBytes) refers to stm32f10x_flash.o(i.FLASH_WaitForLastOperation) for FLASH_WaitForLastOperation
    stm32f10x_flash.o(i.FLASH_ErasePage) refers to stm32f10x_flash.o(i.FLASH_WaitForLastOperation) for FLASH_WaitForLastOperation
    stm32f10x_flash.o(i.FLASH_ProgramHalfWord) refers to stm32f10x_flash.o(i.FLASH_WaitForLastOperation) for FLASH_WaitForLastOperation
    stm32f10x_flash.o(i.FLASH_ProgramOptionByteData) refers to stm32f10x_flash.o(i.FLASH_WaitForLastOperation) for FLASH_WaitForLastOperation
    stm32f10x_flash.o(i.FLASH_ProgramWord) refers to stm32f10x_flash.o(i.FLASH_WaitForLastOperation) for FLASH_WaitForLastOperation
    stm32f10x_flash.o(i.FLASH_ReadOutProtection) refers to stm32f10x_flash.o(i.FLASH_WaitForLastOperation) for FLASH_WaitForLastOperation
    stm32f10x_flash.o(i.FLASH_UserOptionByteConfig) refers to stm32f10x_flash.o(i.FLASH_WaitForLastOperation) for FLASH_WaitForLastOperation
    stm32f10x_flash.o(i.FLASH_WaitForLastBank1Operation) refers to stm32f10x_flash.o(i.FLASH_GetBank1Status) for FLASH_GetBank1Status
    stm32f10x_flash.o(i.FLASH_WaitForLastOperation) refers to stm32f10x_flash.o(i.FLASH_GetBank1Status) for FLASH_GetBank1Status
    stm32f10x_gpio.o(i.GPIO_AFIODeInit) refers to stm32f10x_rcc.o(i.RCC_APB2PeriphResetCmd) for RCC_APB2PeriphResetCmd
    stm32f10x_gpio.o(i.GPIO_DeInit) refers to stm32f10x_rcc.o(i.RCC_APB2PeriphResetCmd) for RCC_APB2PeriphResetCmd
[...]
    __main                                   0x08010131   Thumb Code     0  entry.o(.ARM.Collect$$$$00000000)
    _main_stk                                0x08010131   Thumb Code     0  entry2.o(.ARM.Collect$$$$00000001)
    _main_scatterload                        0x08010135   Thumb Code     0  entry5.o(.ARM.Collect$$$$00000004)
    __main_after_scatterload                 0x08010139   Thumb Code     0  entry5.o(.ARM.Collect$$$$00000004)
    _main_clock                              0x08010139   Thumb Code     0  entry7b.o(.ARM.Collect$$$$00000008)
    _main_cpp_init                           0x08010139   Thumb Code     0  entry8b.o(.ARM.Collect$$$$0000000A)
    _main_init                               0x08010139   Thumb Code     0  entry9a.o(.ARM.Collect$$$$0000000B)
    __rt_final_cpp                           0x08010141   Thumb Code     0  entry10a.o(.ARM.Collect$$$$0000000D)
    __rt_final_exit                          0x08010141   Thumb Code     0  entry11a.o(.ARM.Collect$$$$0000000F)
    Reset_Handler                            0x08010145   Thumb Code     8  startup_stm32f10x_hd.o(.text)
    ADC3_IRQHandler                          0x0801015f   Thumb Code     0  startup_stm32f10x_hd.o(.text)
    CAN1_RX1_IRQHandler                      0x0801015f   Thumb Code     0  startup_stm32f10x_hd.o(.text)
    CAN1_SCE_IRQHandler                      0x0801015f   Thumb Code     0  startup_stm32f10x_hd.o(.text)
    DMA1_Channel1_IRQHandler                 0x0801015f   Thumb Code     0  startup_stm32f10x_hd.o(.text)
    DMA1_Channel2_IRQHandler                 0x0801015f   Thumb Code     0  startup_stm32f10x_hd.o(.text)
    DMA1_Channel3_IRQHandler                 0x0801015f   Thumb Code     0  startup_stm32f10x_hd.o(.text)
    DMA1_Channel4_IRQHandler                 0x0801015f   Thumb Code     0  startup_stm32f10x_hd.o(.text)
    DMA1_Channel5_IRQHandler                 0x0801015f   Thumb Code     0  startup_stm32f10x_hd.o(.text)
    DMA1_Channel6_IRQHandler                 0x0801015f   Thumb Code     0  startup_stm32f10x_hd.o(.text)
    DMA1_Channel7_IRQHandler                 0x0801015f   Thumb Code     0  startup_stm32f10x_hd.o(.text)
    DMA2_Channel1_IRQHandler                 0x0801015f   Thumb Code     0  startup_stm32f10x_hd.o(.text)
    DMA2_Channel2_IRQHandler                 0x0801015f   Thumb Code     0  startup_stm32f10x_hd.o(.text)
    DMA2_Channel3_IRQHandler                 0x0801015f   Thumb Code     0  startup_stm32f10x_hd.o(.text)
    DMA2_Channel4_5_IRQHandler               0x0801015f   Thumb Code     0  startup_stm32f10x_hd.o(.text)
    EXTI0_IRQHandler                         0x0801015f   Thumb Code     0  startup_stm32f10x_hd.o(.text)
    EXTI1_IRQHandler                         0x0801015f   Thumb Code     0  startup_stm32f10x_hd.o(.text)
    EXTI2_IRQHandler                         0x0801015f   Thumb Code     0  startup_stm32f10x_hd.o(.text)
    EXTI3_IRQHandler                         0x0801015f   Thumb Code     0  startup_stm32f10x_hd.o(.text)
    EXTI9_5_IRQHandler                       0x0801015f   Thumb Code     0  startup_stm32f10x_hd.o(.text)
    FLASH_IRQHandler                         0x0801015f   Thumb Code     0  startup_stm32f10x_hd.o(.text)
    FSMC_IRQHandler                          0x0801015f   Thumb Code     0  startup_stm32f10x_hd.o(.text)
    I2C1_ER_IRQHandler                       0x0801015f   Thumb Code     0  startup_stm32f10x_hd.o(.text)
    I2C1_EV_IRQHandler                       0x0801015f   Thumb Code     0  startup_stm32f10x_hd.o(.text)
    I2C2_ER_IRQHandler                       0x0801015f   Thumb Code     0  startup_stm32f10x_hd.o(.text)
    I2C2_EV_IRQHandler                       0x0801015f   Thumb Code     0  startup_stm32f10x_hd.o(.text)
    PVD_IRQHandler                           0x0801015f   Thumb Code     0  startup_stm32f10x_hd.o(.text)
    RCC_IRQHandler                           0x0801015f   Thumb Code     0  startup_stm32f10x_hd.o(.text)
    RTCAlarm_IRQHandler                      0x0801015f   Thumb Code     0  startup_stm32f10x_hd.o(.text)
    RTC_IRQHandler                           0x0801015f   Thumb Code     0  startup_stm32f10x_hd.o(.text)
    SDIO_IRQHandler                          0x0801015f   Thumb Code     0  startup_stm32f10x_hd.o(.text)
    SPI1_IRQHandler                          0x0801015f   Thumb Code     0  startup_stm32f10x_hd.o(.text)
    SPI2_IRQHandler                          0x0801015f   Thumb Code     0  startup_stm32f10x_hd.o(.text)
    SPI3_IRQHandler                          0x0801015f   Thumb Code     0  startup_stm32f10x_hd.o(.text)
    TAMPER_IRQHandler                        0x0801015f   Thumb Code     0  startup_stm32f10x_hd.o(.text)
    TIM1_BRK_IRQHandler                      0x0801015f   Thumb Code     0  startup_stm32f10x_hd.o(.text)
    TIM1_CC_IRQHandler                       0x0801015f   Thumb Code     0  startup_stm32f10x_hd.o(.text)
    TIM1_TRG_COM_IRQHandler                  0x0801015f   Thumb Code     0  startup_stm32f10x_hd.o(.text)
    TIM1_UP_IRQHandler                       0x0801015f   Thumb Code     0  startup_stm32f10x_hd.o(.text)
    TIM2_IRQHandler                          0x0801015f   Thumb Code     0  startup_stm32f10x_hd.o(.text)
    TIM4_IRQHandler                          0x0801015f   Thumb Code     0  startup_stm32f10x_hd.o(.text)
    TIM5_IRQHandler                          0x0801015f   Thumb Code     0  startup_stm32f10x_hd.o(.text)
    TIM6_IRQHandler                          0x0801015f   Thumb Code     0  startup_stm32f10x_hd.o(.text)
    TIM7_IRQHandler                          0x0801015f   Thumb Code     0  startup_stm32f10x_hd.o(.text)
    TIM8_BRK_IRQHandler                      0x0801015f   Thumb Code     0  startup_stm32f10x_hd.o(.text)
    TIM8_CC_IRQHandler                       0x0801015f   Thumb Code     0  startup_stm32f10x_hd.o(.text)
    TIM8_TRG_COM_IRQHandler                  0x0801015f   Thumb Code     0  startup_stm32f10x_hd.o(.text)
    TIM8_UP_IRQHandler                       0x0801015f   Thumb Code     0  startup_stm32f10x_hd.o(.text)
    UART4_IRQHandler                         0x0801015f   Thumb Code     0  startup_stm32f10x_hd.o(.text)
    UART5_IRQHandler                         0x0801015f   Thumb Code     0  startup_stm32f10x_hd.o(.text)
    USART1_IRQHandler                        0x0801015f   Thumb Code     0  startup_stm32f10x_hd.o(.text)
    USART2_IRQHandler                        0x0801015f   Thumb Code     0  startup_stm32f10x_hd.o(.text)
    USBWakeUp_IRQHandler                     0x0801015f   Thumb Code     0  startup_stm32f10x_hd.o(.text)
    USB_HP_CAN1_TX_IRQHandler                0x0801015f   Thumb Code     0  startup_stm32f10x_hd.o(.text)
    USB_LP_CAN1_RX0_IRQHandler               0x0801015f   Thumb Code     0  startup_stm32f10x_hd.o(.text)
    WWDG_IRQHandler                          0x0801015f   Thumb Code     0  startup_stm32f10x_hd.o(.text)
    CPU_IntDis                               0x08010169   Thumb Code     0  cpu_a.o(.text)
    CPU_IntEn                                0x0801016d   Thumb Code     0  cpu_a.o(.text)
    CPU_SR_Save                              0x08010171   Thumb Code     0  cpu_a.o(.text)
    CPU_SR_Restore                           0x08010179   Thumb Code     0  cpu_a.o(.text)
    CPU_WaitForInt                           0x0801017f   Thumb Code     0  cpu_a.o(.text)
    CPU_WaitForExcept                        0x08010183   Thumb Code     0  cpu_a.o(.text)
    CPU_CntLeadZeros                         0x08010187   Thumb Code     0  cpu_a.o(.text)
    CPU_CntTrailZeros                        0x0801018d   Thumb Code     0  cpu_a.o(.text)
    CPU_RevBits                              0x08010197   Thumb Code     0  cpu_a.o(.text)
    __aeabi_memset                           0x0801019d   Thumb Code    14  memseta.o(.text)
    __aeabi_memset4                          0x0801019d   Thumb Code     0  memseta.o(.text)
    __aeabi_memset8                          0x0801019d   Thumb Code     0  memseta.o(.text)
    __aeabi_memclr                           0x080101ab   Thumb Code     4  memseta.o(.text)
    __aeabi_memclr4                          0x080101ab   Thumb Code     0  memseta.o(.text)
    __aeabi_memclr8                          0x080101ab   Thumb Code     0  memseta.o(.text)
    _memset$wrapper                          0x080101af   Thumb Code    18  memseta.o(.text)
    strstr                                   0x080101c1   Thumb Code    36  strstr.o(.text)
    __aeabi_fadd                             0x080101e5   Thumb Code   164  fadd.o(.text)
    __aeabi_fsub                             0x08010289   Thumb Code     6  fadd.o(.text)
    __aeabi_frsub                            0x0801028f   Thumb Code     6  fadd.o(.text)
    __aeabi_fmul                             0x08010295   Thumb Code   100  fmul.o(.text)
    __aeabi_fdiv                             0x080102f9   Thumb Code   124  fdiv.o(.text)
    __aeabi_dmul                             0x08010375   Thumb Code   228  dmul.o(.text)
    __aeabi_ddiv                             0x08010459   Thumb Code   222  ddiv.o(.text)
    __aeabi_ui2f                             0x08010537   Thumb Code    10  ffltui.o(.text)
    __aeabi_i2d                              0x08010541   Thumb Code    34  dflti.o(.text)
    __aeabi_ui2d                             0x08010563   Thumb Code    26  dfltui.o(.text)
    __aeabi_f2iz                             0x0801057d   Thumb Code    50  ffixi.o(.text)
    __aeabi_d2uiz                            0x080105af   Thumb Code    50  dfixui.o(.text)
    __aeabi_f2d                              0x080105e1   Thumb Code    38  f2d.o(.text)
    __aeabi_d2f                              0x08010607   Thumb Code    56  d2f.o(.text)
    __aeabi_uidiv                            0x0801063f   Thumb Code     0  uidiv.o(.text)
    __aeabi_uidivmod                         0x0801063f   Thumb Code    44  uidiv.o(.text)
    __aeabi_uldivmod                         0x0801066b   Thumb Code    98  uldiv.o(.text)
    __aeabi_llsr                             0x080106cd   Thumb Code    32  llushr.o(.text)
    _ll_ushift_r                             0x080106cd   Thumb Code     0  llushr.o(.text)
    __I$use$fp                               0x080106ed   Thumb Code     0  iusefp.o(.text)
    _float_round                             0x080106ed   Thumb Code    18  fepilogue.o(.text)
    _float_epilogue                          0x080106ff   Thumb Code    92  fepilogue.o(.text)
    _double_round                            0x0801075b   Thumb Code    30  depilogue.o(.text)
    _double_epilogue                         0x08010779   Thumb Code   156  depilogue.o(.text)
    __aeabi_dadd                             0x08010815   Thumb Code   322  dadd.o(.text)
    __aeabi_dsub                             0x08010957   Thumb Code     6  dadd.o(.text)
    __aeabi_drsub                            0x0801095d   Thumb Code     6  dadd.o(.text)
    __aeabi_d2ulz                            0x08010963   Thumb Code    48  dfixul.o(.text)
    __aeabi_cdrcmple                         0x08010995   Thumb Code    48  cdrcmple.o(.text)
    __scatterload                            0x080109c5   Thumb Code    28  init.o(.text)
    __scatterload_rt2                        0x080109c5   Thumb Code     0  init.o(.text)
    __aeabi_llsl                             0x080109e9   Thumb Code    30  llshl.o(.text)
    _ll_shift_l                              0x080109e9   Thumb Code     0  llshl.o(.text)
    __aeabi_lasr                             0x08010a07   Thumb Code    36  llsshr.o(.text)
    _ll_sshift_r                             0x08010a07   Thumb Code     0  llsshr.o(.text)
    __decompress                             0x08010a2b   Thumb Code     0  __dczerorl2.o(.text)
    __decompress1                            0x08010a2b   Thumb Code    86  __dczerorl2.o(.text)
    OSStartHighRdy                           0x08010a81   Thumb Code     0  os_cpu_a.o(CODE)
    OS_CPU_PendSVHandler                     0x08010aa3   Thumb Code     0  os_cpu_a.o(CODE)
    ADC1_2_IRQHandler                        0x08010b05   Thumb Code    38  stm32f10x_it.o(i.ADC1_2_IRQHandler)
    ADC_ClearITPendingBit                    0x08010b35   Thumb Code    10  stm32f10x_adc.o(i.ADC_ClearITPendingBit)
    ADC_Cmd                                  0x08010b3f   Thumb Code    22  stm32f10x_adc.o(i.ADC_Cmd)
    ADC_GetCalibrationStatus                 0x08010b55   Thumb Code    20  stm32f10x_adc.o(i.ADC_GetCalibrationStatus)
    ADC_GetConversionValue                   0x08010b69   Thumb Code     8  stm32f10x_adc.o(i.ADC_GetConversionValue)
    ADC_GetITStatus                          0x08010b71   Thumb Code    36  stm32f10x_adc.o(i.ADC_GetITStatus)
    ADC_GetResetCalibrationStatus            0x08010b95   Thumb Code    20  stm32f10x_adc.o(i.ADC_GetResetCalibrationStatus)
    ADC_ITConfig                             0x08010ba9   Thumb Code    24  stm32f10x_adc.o(i.ADC_ITConfig)
    ADC_Init                                 0x08010bc1   Thumb Code    70  stm32f10x_adc.o(i.ADC_Init)
    ADC_RegularChannelConfig                 0x08010c37   Thumb Code   184  stm32f10x_adc.o(i.ADC_RegularChannelConfig)
    ADC_ResetCalibration                     0x08010cef   Thumb Code    10  stm32f10x_adc.o(i.ADC_ResetCalibration)
    ADC_SoftwareStartConvCmd                 0x08010cf9   Thumb Code    22  stm32f10x_adc.o(i.ADC_SoftwareStartConvCmd)
    ADC_StartCalibration                     0x08010d0f   Thumb Code    10  stm32f10x_adc.o(i.ADC_StartCalibration)
    ADCx_Init                                0x08010d3d   Thumb Code    16  bsp_adc.o(i.ADCx_Init)
    BSP_CPU_ClkFreq                          0x08010f59   Thumb Code    16  bsp.o(i.BSP_CPU_ClkFreq)
    BSP_Init                                 0x08010f69   Thumb Code    42  bsp.o(i.BSP_Init)
    BusFault_Handler                         0x08010fa5   Thumb Code     4  stm32f10x_it.o(i.BusFault_Handler)
    CPU_Init                                 0x08010fa9   Thumb Code    16  cpu_core.o(i.CPU_Init)
    CPU_IntDisMeasMaxCurGet                  0x08011059   Thumb Code    40  cpu_core.o(i.CPU_IntDisMeasMaxCurGet)
    CPU_IntDisMeasMaxCurReset                0x08011085   Thumb Code    40  cpu_core.o(i.CPU_IntDisMeasMaxCurReset)
    CPU_IntDisMeasMaxGet                     0x080110b1   Thumb Code    40  cpu_core.o(i.CPU_IntDisMeasMaxGet)
    CPU_IntDisMeasStart                      0x080110dd   Thumb Code    38  cpu_core.o(i.CPU_IntDisMeasStart)
    CPU_IntDisMeasStop                       0x08011111   Thumb Code    62  cpu_core.o(i.CPU_IntDisMeasStop)
    CPU_NameClr                              0x08011165   Thumb Code    50  cpu_core.o(i.CPU_NameClr)
    CPU_TS_TmrFreqSet                        0x080111b9   Thumb Code     6  cpu_core.o(i.CPU_TS_TmrFreqSet)
    CPU_TS_TmrInit                           0x080111c5   Thumb Code    44  bsp.o(i.CPU_TS_TmrInit)
    CPU_TS_TmrRd                             0x080111f9   Thumb Code     6  bsp.o(i.CPU_TS_TmrRd)
    DS18B20_GetTemp_SkipRom                  0x08011231   Thumb Code   108  bsp_ds18b20.o(i.DS18B20_GetTemp_SkipRom)
    DS18B20_Init                             0x080112a1   Thumb Code    24  bsp_ds18b20.o(i.DS18B20_Init)
    DebugMon_Handler                         0x0801144d   Thumb Code     2  stm32f10x_it.o(i.DebugMon_Handler)
    Delay_Tim4_Init                          0x08011451   Thumb Code    76  bsp_tim.o(i.Delay_Tim4_Init)
    Delay_us                                 0x080114a1   Thumb Code    64  bsp_tim.o(i.Delay_us)
    ESP8266_Cmd                              0x080114e5   Thumb Code   164  bsp_esp8266.o(i.ESP8266_Cmd)
    ESP8266_Enable_MultipleId                0x0801159d   Thumb Code    42  bsp_esp8266.o(i.ESP8266_Enable_MultipleId)
    ESP8266_ExitUnvarnishSend                0x080115dd   Thumb Code    52  bsp_esp8266.o(i.ESP8266_ExitUnvarnishSend)
    ESP8266_Get_LinkStatus                   0x0801165d   Thumb Code    64  bsp_esp8266.o(i.ESP8266_Get_LinkStatus)
    ESP8266_Init                             0x080116d9   Thumb Code    32  bsp_esp8266.o(i.ESP8266_Init)
    ESP8266_JoinAP                           0x080116fd   Thumb Code    48  bsp_esp8266.o(i.ESP8266_JoinAP)
    ESP8266_Link_Server                      0x08011745   Thumb Code   110  bsp_esp8266.o(i.ESP8266_Link_Server)
    ESP8266_Net_Mode_Choose                  0x08011805   Thumb Code    68  bsp_esp8266.o(i.ESP8266_Net_Mode_Choose)
    ESP8266_SendString                       0x0801187d   Thumb Code   102  bsp_esp8266.o(i.ESP8266_SendString)
    ESP8266_UnvarnishSend                    0x080119e1   Thumb Code    38  bsp_esp8266.o(i.ESP8266_UnvarnishSend)
    EXTI15_10_IRQHandler                     0x08011a2d   Thumb Code    36  stm32f10x_it.o(i.EXTI15_10_IRQHandler)
    EXTI4_IRQHandler                         0x08011a59   Thumb Code    34  stm32f10x_it.o(i.EXTI4_IRQHandler)
    EXTI_ClearITPendingBit                   0x08011a85   Thumb Code     6  stm32f10x_exti.o(i.EXTI_ClearITPendingBit)
    EXTI_GetITStatus                         0x08011a91   Thumb Code    34  stm32f10x_exti.o(i.EXTI_GetITStatus)
    EXTI_HUOER_Config                        0x08011ab9   Thumb Code   150  huoer_exti.o(i.EXTI_HUOER_Config)
    EXTI_Init                                0x08011b59   Thumb Code   142  stm32f10x_exti.o(i.EXTI_Init)
    GPIO_AFIODeInit                          0x08011bed   Thumb Code    20  stm32f10x_gpio.o(i.GPIO_AFIODeInit)
    GPIO_EXTILineConfig                      0x08011c01   Thumb Code    60  stm32f10x_gpio.o(i.GPIO_EXTILineConfig)
    GPIO_Init                                0x08011c41   Thumb Code   278  stm32f10x_gpio.o(i.GPIO_Init)
    GPIO_PinRemapConfig                      0x08011d59   Thumb Code   138  stm32f10x_gpio.o(i.GPIO_PinRemapConfig)
    GPIO_ReadInputDataBit                    0x08011de9   Thumb Code    18  stm32f10x_gpio.o(i.GPIO_ReadInputDataBit)
    GPIO_ResetBits                           0x08011dfb   Thumb Code     4  stm32f10x_gpio.o(i.GPIO_ResetBits)
    GPIO_SetBits                             0x08011dff   Thumb Code     4  stm32f10x_gpio.o(i.GPIO_SetBits)
    HardFault_Handler                        0x08011e03   Thumb Code     4  stm32f10x_it.o(i.HardFault_Handler)
    HexToStr                                 0x08011e07   Thumb Code   118  bsp_agreement.o(i.HexToStr)
    I2C_Cmd                                  0x08011e7d   Thumb Code    24  stm32f10x_i2c.o(i.I2C_Cmd)
    I2C_EE_Init                              0x08011e95   Thumb Code    18  bsp_i2c_ee.o(i.I2C_EE_Init)
    I2C_Init                                 0x08011ef9   Thumb Code   222  stm32f10x_i2c.o(i.I2C_Init)
    LED_Init                                 0x08012099   Thumb Code    42  bsp_led.o(i.LED_Init)
    Link_start                               0x080120c9   Thumb Code   652  bsp_main.o(i.Link_start)
    MemManage_Handler                        0x08012489   Thumb Code     4  stm32f10x_it.o(i.MemManage_Handler)
    Mem_Clr                                  0x0801248d   Thumb Code    18  lib_mem.o(i.Mem_Clr)
    Mem_Init                                 0x080124a1   Thumb Code    54  lib_mem.o(i.Mem_Init)
    Mem_Set                                  0x080124e9   Thumb Code    98  lib_mem.o(i.Mem_Set)
    Motor_Speed_Set                          0x0801254d   Thumb Code    66  bsp_tim_pwm.o(i.Motor_Speed_Set)
    NMI_Handler                              0x080125b9   Thumb Code     2  stm32f10x_it.o(i.NMI_Handler)
    NVIC_Init                                0x0801263d   Thumb Code   100  misc.o(i.NVIC_Init)
    NVIC_PriorityGroupConfig                 0x080126ad   Thumb Code    10  misc.o(i.NVIC_PriorityGroupConfig)
    OSCfg_Init                               0x080126c1   Thumb Code     2  os_cfg_app.o(i.OSCfg_Init)
    OSIdleTaskHook                           0x080126c5   Thumb Code    16  os_cpu_c.o(i.OSIdleTaskHook)
    OSInit                                   0x080126d9   Thumb Code   300  os_core.o(i.OSInit)
    OSInitHook                               0x08012865   Thumb Code    42  os_cpu_c.o(i.OSInitHook)
    OSIntExit                                0x0801289d   Thumb Code   192  os_core.o(i.OSIntExit)
    OSSched                                  0x08012981   Thumb Code   134  os_core.o(i.OSSched)
    OSSchedLock                              0x08012a29   Thumb Code   112  os_core.o(i.OSSchedLock)
    OSSchedUnlock                            0x08012aa5   Thumb Code   148  os_core.o(i.OSSchedUnlock)
    OSStart                                  0x08012b45   Thumb Code    78  os_core.o(i.OSStart)
    OSStatReset                              0x08012bad   Thumb Code   316  os_stat.o(i.OSStatReset)
    OSStatTaskCPUUsageInit                   0x08012d15   Thumb Code   228  os_stat.o(i.OSStatTaskCPUUsageInit)
    OSStatTaskHook                           0x08012e15   Thumb Code    16  os_cpu_c.o(i.OSStatTaskHook)
    OSTaskCreate                             0x08012e29   Thumb Code   624  os_task.o(i.OSTaskCreate)
    OSTaskCreateHook                         0x080130bd   Thumb Code    20  os_cpu_c.o(i.OSTaskCreateHook)
    OSTaskDel                                0x080130d5   Thumb Code   490  os_task.o(i.OSTaskDel)
    OSTaskDelHook                            0x080132dd   Thumb Code    20  os_cpu_c.o(i.OSTaskDelHook)
    OSTaskResume                             0x080132f5   Thumb Code   124  os_task.o(i.OSTaskResume)
    OSTaskReturnHook                         0x0801337d   Thumb Code    20  os_cpu_c.o(i.OSTaskReturnHook)
    OSTaskSemPend                            0x08013395   Thumb Code   578  os_task.o(i.OSTaskSemPend)
    OSTaskStkChk                             0x080135e5   Thumb Code   220  os_task.o(i.OSTaskStkChk)
    OSTaskStkInit                            0x080136c9   Thumb Code   188  os_cpu_c.o(i.OSTaskStkInit)
    OSTaskSuspend                            0x08013789   Thumb Code    78  os_task.o(i.OSTaskSuspend)
    OSTaskSwHook                             0x080137e9   Thumb Code   146  os_cpu_c.o(i.OSTaskSwHook)
    OSTimeDly                                0x0801388d   Thumb Code   322  os_time.o(i.OSTimeDly)
    OSTimeDlyHMSM                            0x080139dd   Thumb Code   538  os_time.o(i.OSTimeDlyHMSM)
    OSTimeTick                               0x08013c09   Thumb Code    54  os_time.o(i.OSTimeTick)
    OSTimeTickHook                           0x08013c4d   Thumb Code    16  os_cpu_c.o(i.OSTimeTickHook)
    OS_CPU_SysTickHandler                    0x08013c61   Thumb Code    60  os_cpu_c.o(i.OS_CPU_SysTickHandler)
    OS_CPU_SysTickInit                       0x08013ca1   Thumb Code    44  os_cpu_c.o(i.OS_CPU_SysTickInit)
    OS_Dbg_Init                              0x08013cd1   Thumb Code   150  os_dbg.o(i.OS_Dbg_Init)
    OS_FlagInit                              0x08013e85   Thumb Code    14  os_flag.o(i.OS_FlagInit)
    OS_FlagPost                              0x08013e9d   Thumb Code   626  os_flag.o(i.OS_FlagPost)
    OS_FlagTaskRdy                           0x08014119   Thumb Code    86  os_flag.o(i.OS_FlagTaskRdy)
    OS_IdleTask                              0x08014171   Thumb Code    68  os_core.o(i.OS_IdleTask)
    OS_IdleTaskInit                          0x080141bd   Thumb Code    66  os_core.o(i.OS_IdleTaskInit)
    OS_IntQPost                              0x0801422d   Thumb Code   224  os_int.o(i.OS_IntQPost)
    OS_IntQRePost                            0x08014331   Thumb Code   360  os_int.o(i.OS_IntQRePost)
    OS_IntQTask                              0x080144d5   Thumb Code   182  os_int.o(i.OS_IntQTask)
    OS_IntQTaskInit                          0x0801459d   Thumb Code   206  os_int.o(i.OS_IntQTaskInit)
    OS_MemInit                               0x080146c5   Thumb Code    14  os_mem.o(i.OS_MemInit)
    OS_MsgPoolInit                           0x080146dd   Thumb Code   110  os_msg.o(i.OS_MsgPoolInit)
    OS_MsgQFreeAll                           0x08014759   Thumb Code    62  os_msg.o(i.OS_MsgQFreeAll)
    OS_MsgQInit                              0x0801479d   Thumb Code    14  os_msg.o(i.OS_MsgQInit)
    OS_MsgQPut                               0x080147ad   Thumb Code   254  os_msg.o(i.OS_MsgQPut)
    OS_MutexInit                             0x080148b1   Thumb Code    14  os_mutex.o(i.OS_MutexInit)
    OS_Pend                                  0x080148c9   Thumb Code    98  os_core.o(i.OS_Pend)
    OS_PendDataInit                          0x08014931   Thumb Code    38  os_core.o(i.OS_PendDataInit)
    OS_PendDbgNameAdd                        0x08014959   Thumb Code    66  os_core.o(i.OS_PendDbgNameAdd)
    OS_PendDbgNameRemove                     0x080149b5   Thumb Code    30  os_core.o(i.OS_PendDbgNameRemove)
    OS_PendListInsertPrio                    0x080149d9   Thumb Code   102  os_core.o(i.OS_PendListInsertPrio)
    OS_PendListRemove                        0x08014a3f   Thumb Code    48  os_core.o(i.OS_PendListRemove)
    OS_PendListRemove1                       0x08014a6f   Thumb Code    66  os_core.o(i.OS_PendListRemove1)
    OS_Post                                  0x08014ab1   Thumb Code   192  os_core.o(i.OS_Post)
    OS_Post1                                 0x08014b71   Thumb Code    42  os_core.o(i.OS_Post1)
    OS_PrioGetHighest                        0x08014b9d   Thumb Code    36  os_prio.o(i.OS_PrioGetHighest)
    OS_PrioInit                              0x08014bc5   Thumb Code    20  os_prio.o(i.OS_PrioInit)
    OS_PrioInsert                            0x08014bdd   Thumb Code    32  os_prio.o(i.OS_PrioInsert)
    OS_PrioRemove                            0x08014c01   Thumb Code    32  os_prio.o(i.OS_PrioRemove)
    OS_QInit                                 0x08014c25   Thumb Code    14  os_q.o(i.OS_QInit)
    OS_QPost                                 0x08014c3d   Thumb Code   382  os_q.o(i.OS_QPost)
    OS_RdyListInit                           0x08014dc5   Thumb Code    32  os_core.o(i.OS_RdyListInit)
    OS_RdyListInsert                         0x08014de9   Thumb Code    40  os_core.o(i.OS_RdyListInsert)
    OS_RdyListInsertHead                     0x08014e15   Thumb Code    58  os_core.o(i.OS_RdyListInsertHead)
    OS_RdyListInsertTail                     0x08014e55   Thumb Code    56  os_core.o(i.OS_RdyListInsertTail)
    OS_RdyListMoveHeadToTail                 0x08014e91   Thumb Code    68  os_core.o(i.OS_RdyListMoveHeadToTail)
    OS_RdyListRemove                         0x08014ed5   Thumb Code    86  os_core.o(i.OS_RdyListRemove)
    OS_Sched0                                0x08014f31   Thumb Code    72  os_core.o(i.OS_Sched0)
    OS_SchedLockTimeMeasStart                0x08014f8d   Thumb Code    20  os_core.o(i.OS_SchedLockTimeMeasStart)
    OS_SchedLockTimeMeasStop                 0x08014fa9   Thumb Code    44  os_core.o(i.OS_SchedLockTimeMeasStop)
    OS_SchedRoundRobin                       0x08014fe5   Thumb Code   218  os_core.o(i.OS_SchedRoundRobin)
    OS_SemInit                               0x080150d1   Thumb Code    14  os_sem.o(i.OS_SemInit)
    OS_SemPost                               0x080150e9   Thumb Code   404  os_sem.o(i.OS_SemPost)
    OS_StatTask                              0x08015281   Thumb Code   878  os_stat.o(i.OS_StatTask)
    OS_StatTaskInit                          0x08015639   Thumb Code   136  os_stat.o(i.OS_StatTaskInit)
    OS_TaskBlock                             0x08015705   Thumb Code    56  os_core.o(i.OS_TaskBlock)
    OS_TaskDbgListAdd                        0x0801573d   Thumb Code    42  os_task.o(i.OS_TaskDbgListAdd)
    OS_TaskDbgListRemove                     0x0801576d   Thumb Code    64  os_task.o(i.OS_TaskDbgListRemove)
    OS_TaskInit                              0x080157b1   Thumb Code    18  os_task.o(i.OS_TaskInit)
    OS_TaskInitTCB                           0x080157d1   Thumb Code   194  os_task.o(i.OS_TaskInitTCB)
    OS_TaskQPost                             0x080158a1   Thumb Code   606  os_task.o(i.OS_TaskQPost)
    OS_TaskRdy                               0x08015b0d   Thumb Code    28  os_core.o(i.OS_TaskRdy)
    OS_TaskResume                            0x08015b29   Thumb Code   374  os_task.o(i.OS_TaskResume)
    OS_TaskReturn                            0x08015ca5   Thumb Code    20  os_task.o(i.OS_TaskReturn)
    OS_TaskSemPost                           0x08015cbd   Thumb Code  1438  os_task.o(i.OS_TaskSemPost)
    OS_TaskSuspend                           0x08016265   Thumb Code   392  os_task.o(i.OS_TaskSuspend)
    OS_TickListInit                          0x080163f5   Thumb Code    32  os_tick.o(i.OS_TickListInit)
    OS_TickListInsert                        0x0801641d   Thumb Code   430  os_tick.o(i.OS_TickListInsert)
    OS_TickListRemove                        0x080165d9   Thumb Code    56  os_tick.o(i.OS_TickListRemove)
    OS_TickListResetPeak                     0x08016611   Thumb Code    28  os_tick.o(i.OS_TickListResetPeak)
    OS_TickListUpdate                        0x08016635   Thumb Code   520  os_tick.o(i.OS_TickListUpdate)
    OS_TickTask                              0x08016855   Thumb Code    38  os_tick.o(i.OS_TickTask)
    OS_TickTaskInit                          0x08016881   Thumb Code   128  os_tick.o(i.OS_TickTaskInit)
    OS_TmrInit                               0x08016939   Thumb Code   206  os_tmr.o(i.OS_TmrInit)
    OS_TmrLink                               0x08016a61   Thumb Code   196  os_tmr.o(i.OS_TmrLink)
    OS_TmrResetPeak                          0x08016b31   Thumb Code    28  os_tmr.o(i.OS_TmrResetPeak)
    OS_TmrTask                               0x08016b55   Thumb Code   176  os_tmr.o(i.OS_TmrTask)
    OS_TmrUnlink                             0x08016c15   Thumb Code    72  os_tmr.o(i.OS_TmrUnlink)
    RCC_ADCCLKConfig                         0x08016c65   Thumb Code    18  stm32f10x_rcc.o(i.RCC_ADCCLKConfig)
    RCC_APB1PeriphClockCmd                   0x08016c7d   Thumb Code    26  stm32f10x_rcc.o(i.RCC_APB1PeriphClockCmd)
    RCC_APB2PeriphClockCmd                   0x08016c9d   Thumb Code    26  stm32f10x_rcc.o(i.RCC_APB2PeriphClockCmd)
    RCC_APB2PeriphResetCmd                   0x08016cbd   Thumb Code    26  stm32f10x_rcc.o(i.RCC_APB2PeriphResetCmd)
    RCC_GetClocksFreq                        0x08016cdd   Thumb Code   192  stm32f10x_rcc.o(i.RCC_GetClocksFreq)
    SVC_Handler                              0x08016db1   Thumb Code     2  stm32f10x_it.o(i.SVC_Handler)
    Soft_Delay_us                            0x08016e9d   Thumb Code    46  bsp_tim.o(i.Soft_Delay_us)
    SystemInit                               0x08016ecd   Thumb Code    78  system_stm32f10x.o(i.SystemInit)
    TIM3_IRQHandler                          0x08016f2d   Thumb Code    52  stm32f10x_it.o(i.TIM3_IRQHandler)
    TIM_ARRPreloadConfig                     0x08016f69   Thumb Code    24  stm32f10x_tim.o(i.TIM_ARRPreloadConfig)
    TIM_ClearITPendingBit                    0x08016f81   Thumb Code     6  stm32f10x_tim.o(i.TIM_ClearITPendingBit)
    TIM_Cmd                                  0x08016f87   Thumb Code    24  stm32f10x_tim.o(i.TIM_Cmd)
    TIM_GetITStatus                          0x08016f9f   Thumb Code    34  stm32f10x_tim.o(i.TIM_GetITStatus)
    TIM_ITConfig                             0x08016fc1   Thumb Code    18  stm32f10x_tim.o(i.TIM_ITConfig)
    TIM_OC2Init                              0x08016fd5   Thumb Code   154  stm32f10x_tim.o(i.TIM_OC2Init)
    TIM_OC2PreloadConfig                     0x08017079   Thumb Code    26  stm32f10x_tim.o(i.TIM_OC2PreloadConfig)
    TIM_TimeBaseInit                         0x08017095   Thumb Code   122  stm32f10x_tim.o(i.TIM_TimeBaseInit)
    TIM_TimeBaseStructInit                   0x08017139   Thumb Code    18  stm32f10x_tim.o(i.TIM_TimeBaseStructInit)
    TIMx_Breathing_Init                      0x0801714b   Thumb Code    16  bsp_tim_pwm.o(i.TIMx_Breathing_Init)
    USART3_IRQHandler                        0x08017229   Thumb Code   134  stm32f10x_it.o(i.USART3_IRQHandler)
    USART_Cmd                                0x080172c9   Thumb Code    24  stm32f10x_usart.o(i.USART_Cmd)
    USART_Config                             0x080172e1   Thumb Code   136  bsp_usart.o(i.USART_Config)
    USART_GetFlagStatus                      0x08017371   Thumb Code    26  stm32f10x_usart.o(i.USART_GetFlagStatus)
    USART_GetITStatus                        0x0801738b   Thumb Code    84  stm32f10x_usart.o(i.USART_GetITStatus)
    USART_ITConfig                           0x080173df   Thumb Code    74  stm32f10x_usart.o(i.USART_ITConfig)
    USART_Init                               0x08017429   Thumb Code   210  stm32f10x_usart.o(i.USART_Init)
    USART_ReceiveData                        0x08017501   Thumb Code    10  stm32f10x_usart.o(i.USART_ReceiveData)
    USART_SendData                           0x0801750b   Thumb Code     8  stm32f10x_usart.o(i.USART_SendData)
    USART_printf                             0x08017513   Thumb Code   262  bsp_common.o(i.USART_printf)
    UsageFault_Handler                       0x08017619   Thumb Code     4  stm32f10x_it.o(i.UsageFault_Handler)
    __0printf                                0x0801761d   Thumb Code    22  printfa.o(i.__0printf)
    __1printf                                0x0801761d   Thumb Code     0  printfa.o(i.__0printf)
    __2printf                                0x0801761d   Thumb Code     0  printfa.o(i.__0printf)
    __c89printf                              0x0801761d   Thumb Code     0  printfa.o(i.__0printf)
    printf                                   0x0801761d   Thumb Code     0  printfa.o(i.__0printf)
    __0sprintf                               0x0801763d   Thumb Code    34  printfa.o(i.__0sprintf)
    __1sprintf                               0x0801763d   Thumb Code     0  printfa.o(i.__0sprintf)
    __2sprintf                               0x0801763d   Thumb Code     0  printfa.o(i.__0sprintf)
    __c89sprintf                             0x0801763d   Thumb Code     0  printfa.o(i.__0sprintf)
    sprintf                                  0x0801763d   Thumb Code     0  printfa.o(i.__0sprintf)
    __scatterload_copy                       0x08017665   Thumb Code    14  handlers.o(i.__scatterload_copy)
    __scatterload_null                       0x08017673   Thumb Code     2  handlers.o(i.__scatterload_null)
    __scatterload_zeroinit                   0x08017675   Thumb Code    14  handlers.o(i.__scatterload_zeroinit)
    dt_send                                  0x08017f21   Thumb Code   130  bsp_agreement.o(i.dt_send)
    dt_send2                                 0x08017fa9   Thumb Code   130  bsp_agreement.o(i.dt_send2)
    fputc                                    0x08018031   Thumb Code    32  bsp_usart.o(i.fputc)
    main                                     0x080180b9   Thumb Code    76  app.o(i.main)
    real_time_data                           0x08018129   Thumb Code   274  bsp_main.o(i.real_time_data)
    tcp_Agreement                            0x080182e1   Thumb Code  1294  bsp_agreement.o(i.tcp_Agreement)
    OSCfg_IdleTaskStkBasePtr                 0x08018818   Data           4  os_cfg_app.o(.constdata)
    OSCfg_IdleTaskStkLimit                   0x0801881c   Data           4  os_cfg_app.o(.constdata)
    OSCfg_IdleTaskStkSize                    0x08018820   Data           4  os_cfg_app.o(.constdata)
    OSCfg_IdleTaskStkSizeRAM                 0x08018824   Data           4  os_cfg_app.o(.constdata)
    OSCfg_IntQBasePtr                        0x08018828   Data           4  os_cfg_app.o(.constdata)
    OSCfg_IntQSize                           0x0801882c   Data           2  os_cfg_app.o(.constdata)
    OSCfg_IntQSizeRAM                        0x08018830   Data           4  os_cfg_app.o(.constdata)
    OSCfg_IntQTaskStkBasePtr                 0x08018834   Data           4  os_cfg_app.o(.constdata)
    OSCfg_IntQTaskStkLimit                   0x08018838   Data           4  os_cfg_app.o(.constdata)
    OSCfg_IntQTaskStkSize                    0x0801883c   Data           4  os_cfg_app.o(.constdata)
    OSCfg_IntQTaskStkSizeRAM                 0x08018840   Data           4  os_cfg_app.o(.constdata)
    OSCfg_ISRStkBasePtr                      0x08018844   Data           4  os_cfg_app.o(.constdata)
    OSCfg_ISRStkSize                         0x08018848   Data           4  os_cfg_app.o(.constdata)
    OSCfg_ISRStkSizeRAM                      0x0801884c   Data           4  os_cfg_app.o(.constdata)
    OSCfg_MsgPoolSize                        0x08018850   Data           2  os_cfg_app.o(.constdata)
    OSCfg_MsgPoolSizeRAM                     0x08018854   Data           4  os_cfg_app.o(.constdata)
    OSCfg_MsgPoolBasePtr                     0x08018858   Data           4  os_cfg_app.o(.constdata)
    OSCfg_StatTaskPrio                       0x0801885c   Data           1  os_cfg_app.o(.constdata)
    OSCfg_StatTaskRate_Hz                    0x08018860   Data           4  os_cfg_app.o(.constdata)
    OSCfg_StatTaskStkBasePtr                 0x08018864   Data           4  os_cfg_app.o(.constdata)
    OSCfg_StatTaskStkLimit                   0x08018868   Data           4  os_cfg_app.o(.constdata)
    OSCfg_StatTaskStkSize                    0x0801886c   Data           4  os_cfg_app.o(.constdata)
    OSCfg_StatTaskStkSizeRAM                 0x08018870   Data           4  os_cfg_app.o(.constdata)
    OSCfg_StkSizeMin                         0x08018874   Data           4  os_cfg_app.o(.constdata)
    OSCfg_TickRate_Hz                        0x08018878   Data           4  os_cfg_app.o(.constdata)
    OSCfg_TickTaskPrio                       0x0801887c   Data           1  os_cfg_app.o(.constdata)
    OSCfg_TickTaskStkBasePtr                 0x08018880   Data           4  os_cfg_app.o(.constdata)
    OSCfg_TickTaskStkLimit                   0x08018884   Data           4  os_cfg_app.o(.constdata)
    OSCfg_TickTaskStkSize                    0x08018888   Data           4  os_cfg_app.o(.constdata)
    OSCfg_TickTaskStkSizeRAM                 0x0801888c   Data           4  os_cfg_app.o(.constdata)
    OSCfg_TickWheelSize                      0x08018890   Data           2  os_cfg_app.o(.constdata)
    OSCfg_TickWheelSizeRAM                   0x08018894   Data           4  os_cfg_app.o(.constdata)
    OSCfg_TmrTaskPrio                        0x08018898   Data           1  os_cfg_app.o(.constdata)
    OSCfg_TmrTaskRate_Hz                     0x0801889c   Data           4  os_cfg_app.o(.constdata)
    OSCfg_TmrTaskStkBasePtr                  0x080188a0   Data           4  os_cfg_app.o(.constdata)
    OSCfg_TmrTaskStkLimit                    0x080188a4   Data           4  os_cfg_app.o(.constdata)
    OSCfg_TmrTaskStkSize                     0x080188a8   Data           4  os_cfg_app.o(.constdata)
    OSCfg_TmrTaskStkSizeRAM                  0x080188ac   Data           4  os_cfg_app.o(.constdata)
    OSCfg_TmrWheelSize                       0x080188b0   Data           2  os_cfg_app.o(.constdata)
    OSCfg_TmrWheelSizeRAM                    0x080188b4   Data           4  os_cfg_app.o(.constdata)
    OSCfg_DataSizeRAM                        0x080188b8   Data           4  os_cfg_app.o(.constdata)
    OSDbg_DbgEn                              0x080188bc   Data           1  os_dbg.o(.constdata)
    OSDbg_ArgChkEn                           0x080188bd   Data           1  os_dbg.o(.constdata)
    OSDbg_AppHooksEn                         0x080188be   Data           1  os_dbg.o(.constdata)
    OSDbg_EndiannessTest                     0x080188c0   Data           4  os_dbg.o(.constdata)
    OSDbg_CalledFromISRChkEn                 0x080188c4   Data           1  os_dbg.o(.constdata)
    OSDbg_FlagEn                             0x080188c5   Data           1  os_dbg.o(.constdata)
    OSDbg_FlagGrp                            0x080188c8   Data          40  os_dbg.o(.constdata)
    OSDbg_FlagDelEn                          0x080188f0   Data           1  os_dbg.o(.constdata)
    OSDbg_FlagModeClrEn                      0x080188f1   Data           1  os_dbg.o(.constdata)
    OSDbg_FlagPendAbortEn                    0x080188f2   Data           1  os_dbg.o(.constdata)
    OSDbg_FlagGrpSize                        0x080188f4   Data           2  os_dbg.o(.constdata)
    OSDbg_FlagWidth                          0x080188f6   Data           2  os_dbg.o(.constdata)
    OSDbg_IntQ                               0x080188f8   Data           2  os_dbg.o(.constdata)
    OSDbg_ISRPostDeferredEn                  0x080188fa   Data           1  os_dbg.o(.constdata)
    OSDbg_Mem                                0x080188fc   Data          32  os_dbg.o(.constdata)
    OSDbg_MemEn                              0x0801891c   Data           1  os_dbg.o(.constdata)
    OSDbg_MemSize                            0x0801891e   Data           2  os_dbg.o(.constdata)
    OSDbg_MsgEn                              0x08018920   Data           1  os_dbg.o(.constdata)
    OSDbg_MsgSize                            0x08018922   Data           2  os_dbg.o(.constdata)
    OSDbg_MsgPoolSize                        0x08018924   Data           2  os_dbg.o(.constdata)
    OSDbg_MsgQSize                           0x08018926   Data           2  os_dbg.o(.constdata)
    OSDbg_Mutex                              0x08018928   Data          44  os_dbg.o(.constdata)
    OSDbg_MutexEn                            0x08018954   Data           1  os_dbg.o(.constdata)
    OSDbg_MutexDelEn                         0x08018955   Data           1  os_dbg.o(.constdata)
    OSDbg_MutexPendAbortEn                   0x08018956   Data           1  os_dbg.o(.constdata)
    OSDbg_MutexSize                          0x08018958   Data           2  os_dbg.o(.constdata)
    OSDbg_ObjTypeChkEn                       0x0801895a   Data           1  os_dbg.o(.constdata)
    OSDbg_PendMultiEn                        0x0801895b   Data           1  os_dbg.o(.constdata)
    OSDbg_PendDataSize                       0x0801895c   Data           2  os_dbg.o(.constdata)
    OSDbg_PendListSize                       0x0801895e   Data           2  os_dbg.o(.constdata)
    OSDbg_PendObjSize                        0x08018960   Data           2  os_dbg.o(.constdata)
    OSDbg_PrioMax                            0x08018962   Data           2  os_dbg.o(.constdata)
    OSDbg_PrioTblSize                        0x08018964   Data           2  os_dbg.o(.constdata)
    OSDbg_PtrSize                            0x08018966   Data           2  os_dbg.o(.constdata)
    OSDbg_Q                                  0x08018968   Data          48  os_dbg.o(.constdata)
    OSDbg_QEn                                0x08018998   Data           1  os_dbg.o(.constdata)
    OSDbg_QDelEn                             0x08018999   Data           1  os_dbg.o(.constdata)
    OSDbg_QFlushEn                           0x0801899a   Data           1  os_dbg.o(.constdata)
    OSDbg_QPendAbortEn                       0x0801899b   Data           1  os_dbg.o(.constdata)
    OSDbg_QSize                              0x0801899c   Data           2  os_dbg.o(.constdata)
    OSDbg_SchedRoundRobinEn                  0x0801899e   Data           1  os_dbg.o(.constdata)
    OSDbg_Sem                                0x080189a0   Data          40  os_dbg.o(.constdata)
    OSDbg_SemEn                              0x080189c8   Data           1  os_dbg.o(.constdata)
    OSDbg_SemDelEn                           0x080189c9   Data           1  os_dbg.o(.constdata)
    OSDbg_SemPendAbortEn                     0x080189ca   Data           1  os_dbg.o(.constdata)
    OSDbg_SemSetEn                           0x080189cb   Data           1  os_dbg.o(.constdata)
    OSDbg_SemSize                            0x080189cc   Data           2  os_dbg.o(.constdata)
    OSDbg_RdyList                            0x080189ce   Data           2  os_dbg.o(.constdata)
    OSDbg_RdyListSize                        0x080189d0   Data           4  os_dbg.o(.constdata)
    OSDbg_StkWidth                           0x080189d4   Data           1  os_dbg.o(.constdata)
    OSDbg_StatTaskEn                         0x080189d5   Data           1  os_dbg.o(.constdata)
    OSDbg_StatTaskStkChkEn                   0x080189d6   Data           1  os_dbg.o(.constdata)
    OSDbg_TaskChangePrioEn                   0x080189d7   Data           1  os_dbg.o(.constdata)
    OSDbg_TaskDelEn                          0x080189d8   Data           1  os_dbg.o(.constdata)
    OSDbg_TaskQEn                            0x080189d9   Data           1  os_dbg.o(.constdata)
    OSDbg_TaskQPendAbortEn                   0x080189da   Data           1  os_dbg.o(.constdata)
    OSDbg_TaskProfileEn                      0x080189db   Data           1  os_dbg.o(.constdata)
    OSDbg_TaskRegTblSize                     0x080189dc   Data           2  os_dbg.o(.constdata)
    OSDbg_TaskSemPendAbortEn                 0x080189de   Data           1  os_dbg.o(.constdata)
    OSDbg_TaskSuspendEn                      0x080189df   Data           1  os_dbg.o(.constdata)
    OSDbg_TCBSize                            0x080189e0   Data           2  os_dbg.o(.constdata)
    OSDbg_TickSpokeSize                      0x080189e2   Data           2  os_dbg.o(.constdata)
    OSDbg_TimeDlyHMSMEn                      0x080189e4   Data           1  os_dbg.o(.constdata)
    OSDbg_TimeDlyResumeEn                    0x080189e5   Data           1  os_dbg.o(.constdata)
    OSDbg_TLS_TblSize                        0x080189e6   Data           2  os_dbg.o(.constdata)
    OSDbg_Tmr                                0x080189e8   Data          52  os_dbg.o(.constdata)
    OSDbg_TmrEn                              0x08018a1c   Data           1  os_dbg.o(.constdata)
    OSDbg_TmrDelEn                           0x08018a1d   Data           1  os_dbg.o(.constdata)
    OSDbg_TmrSize                            0x08018a1e   Data           2  os_dbg.o(.constdata)
    OSDbg_TmrSpokeSize                       0x08018a20   Data           2  os_dbg.o(.constdata)
    OSDbg_VersionNbr                         0x08018a22   Data           2  os_dbg.o(.constdata)
    OSDbg_DataSize                           0x08018a24   Data           4  os_dbg.o(.constdata)
    Region$$Table$$Base                      0x08018a28   Number         0  anon$$obj.o(Region$$Table)
    Region$$Table$$Limit                     0x08018a48   Number         0  anon$$obj.o(Region$$Table)
    Motor_Speed_Counter                      0x20000014   Data           4  bsp_tim_pwm.o(.data)
    Motor_Speed_Now                          0x20000018   Data           1  bsp_tim_pwm.o(.data)
    ADC_ConvertedValue                       0x2000001c   Data           2  bsp_adc.o(.data)
    ADC_ConvertedValueLocal                  0x20000020   Data           4  bsp_adc.o(.data)
    vi                                       0x20000024   Data           4  bsp_adc.o(.data)
    err                                      0x20000028   Data           2  bsp_agreement.o(.data)
    Distance                                 0x2000002a   Data           2  bsp_agreement.o(.data)
    data                                     0x2000002c   Data           1  bsp_agreement.o(.data)
    cw                                       0x2000002d   Data           1  bsp_agreement.o(.data)
    j                                        0x2000002e   Data           1  bsp_agreement.o(.data)
    flag                                     0x2000002f   Data           1  bsp_agreement.o(.data)
    flag1                                    0x20000030   Data           1  bsp_agreement.o(.data)
    ucTcpClosedFlag                          0x20000031   Data           1  bsp_agreement.o(.data)
    wifi_link_Status                         0x20000032   Data           1  bsp_agreement.o(.data)
    tcp_link_Status                          0x20000033   Data           1  bsp_agreement.o(.data)
    EEPROM_ADDRESS                           0x20000034   Data           2  bsp_i2c_ee.o(.data)
    CPU_TS_TmrFreq_Hz                        0x2000003c   Data           4  cpu_core.o(.data)
    CPU_IntDisMeasCtr                        0x20000040   Data           2  cpu_core.o(.data)
    CPU_IntDisNestCtr                        0x20000042   Data           2  cpu_core.o(.data)
    CPU_IntDisMeasStart_cnts                 0x20000044   Data           4  cpu_core.o(.data)
    CPU_IntDisMeasStop_cnts                  0x20000048   Data           4  cpu_core.o(.data)
    CPU_IntDisMeasOvrhd_cnts                 0x2000004c   Data           4  cpu_core.o(.data)
    CPU_IntDisMeasMaxCur_cnts                0x20000050   Data           4  cpu_core.o(.data)
    CPU_IntDisMeasMax_cnts                   0x20000054   Data           4  cpu_core.o(.data)
    Mem_PoolTbl                              0x20000058   Data           4  lib_mem.o(.data)
    OSPrioTbl                                0x2000005c   Data           4  os_prio.o(.data)
    OS_AppTaskCreateHookPtr                  0x20000060   Data           4  os_var.o(.data)
    OS_AppTaskDelHookPtr                     0x20000064   Data           4  os_var.o(.data)
    OS_AppTaskReturnHookPtr                  0x20000068   Data           4  os_var.o(.data)
    OS_AppIdleTaskHookPtr                    0x2000006c   Data           4  os_var.o(.data)
    OS_AppStatTaskHookPtr                    0x20000070   Data           4  os_var.o(.data)
    OS_AppTaskSwHookPtr                      0x20000074   Data           4  os_var.o(.data)
    OS_AppTimeTickHookPtr                    0x20000078   Data           4  os_var.o(.data)
    OSIdleTaskCtr                            0x2000007c   Data           4  os_var.o(.data)
    OSIntNestingCtr                          0x20000080   Data           1  os_var.o(.data)
    OSIntDisTimeMax                          0x20000084   Data           4  os_var.o(.data)
    OSRunning                                0x20000088   Data           1  os_var.o(.data)
    OSIntQInPtr                              0x2000008c   Data           4  os_var.o(.data)
    OSIntQOutPtr                             0x20000090   Data           4  os_var.o(.data)
    OSIntQNbrEntries                         0x20000094   Data           2  os_var.o(.data)
    OSIntQNbrEntriesMax                      0x20000096   Data           2  os_var.o(.data)
    OSIntQOvfCtr                             0x20000098   Data           2  os_var.o(.data)
    OSIntQTaskTimeMax                        0x2000009c   Data           4  os_var.o(.data)
    OSFlagDbgListPtr                         0x200000a0   Data           4  os_var.o(.data)
    OSFlagQty                                0x200000a4   Data           2  os_var.o(.data)
    OSMemDbgListPtr                          0x200000a8   Data           4  os_var.o(.data)
    OSMemQty                                 0x200000ac   Data           2  os_var.o(.data)
    OSMutexDbgListPtr                        0x200000b0   Data           4  os_var.o(.data)
    OSMutexQty                               0x200000b4   Data           2  os_var.o(.data)
    OSPrioCur                                0x200000b6   Data           1  os_var.o(.data)
    OSPrioHighRdy                            0x200000b7   Data           1  os_var.o(.data)
    OSPrioSaved                              0x200000b8   Data           1  os_var.o(.data)
    OSQDbgListPtr                            0x200000bc   Data           4  os_var.o(.data)
    OSQQty                                   0x200000c0   Data           2  os_var.o(.data)
    OSSchedLockTimeBegin                     0x200000c4   Data           4  os_var.o(.data)
    OSSchedLockTimeMax                       0x200000c8   Data           4  os_var.o(.data)
    OSSchedLockTimeMaxCur                    0x200000cc   Data           4  os_var.o(.data)
    OSSchedLockNestingCtr                    0x200000d0   Data           1  os_var.o(.data)
    OSSchedRoundRobinDfltTimeQuanta          0x200000d4   Data           4  os_var.o(.data)
    OSSchedRoundRobinEn                      0x200000d8   Data           1  os_var.o(.data)
    OSSemDbgListPtr                          0x200000dc   Data           4  os_var.o(.data)
    OSSemQty                                 0x200000e0   Data           2  os_var.o(.data)
    OSStatResetFlag                          0x200000e2   Data           1  os_var.o(.data)
    OSStatTaskCPUUsage                       0x200000e4   Data           2  os_var.o(.data)
    OSStatTaskCPUUsageMax                    0x200000e6   Data           2  os_var.o(.data)
    OSStatTaskCtr                            0x200000e8   Data           4  os_var.o(.data)
    OSStatTaskCtrMax                         0x200000ec   Data           4  os_var.o(.data)
    OSStatTaskCtrRun                         0x200000f0   Data           4  os_var.o(.data)
    OSStatTaskRdy                            0x200000f4   Data           1  os_var.o(.data)
    OSStatTaskTimeMax                        0x200000f8   Data           4  os_var.o(.data)
    OSTaskCtxSwCtr                           0x200000fc   Data           4  os_var.o(.data)
    OSTaskDbgListPtr                         0x20000100   Data           4  os_var.o(.data)
    OSTaskQty                                0x20000104   Data           2  os_var.o(.data)
    OSTaskRegNextAvailID                     0x20000106   Data           1  os_var.o(.data)
    OSTickCtr                                0x20000108   Data           4  os_var.o(.data)
    OSTickTaskTimeMax                        0x2000010c   Data           4  os_var.o(.data)
    OSTmrDbgListPtr                          0x20000110   Data           4  os_var.o(.data)
    OSTmrQty                                 0x20000114   Data           2  os_var.o(.data)
    OSTmrTaskTimeMax                         0x20000118   Data           4  os_var.o(.data)
    OSTmrTickCtr                             0x2000011c   Data           4  os_var.o(.data)
    OSTmrUpdateCnt                           0x20000120   Data           4  os_var.o(.data)
    OSTmrUpdateCtr                           0x20000124   Data           4  os_var.o(.data)
    OSTCBCurPtr                              0x20000128   Data           4  os_var.o(.data)
    OSTCBHighRdyPtr                          0x2000012c   Data           4  os_var.o(.data)
    OS_CPU_ExceptStkBase                     0x20000130   Data           4  os_cpu_c.o(.data)
    __stdout                                 0x20000134   Data           4  stdout.o(.data)
    strEsp8266_Fram_Record                   0x20001e58   Data        1026  bsp_esp8266.o(.bss)
    data_send                                0x2000225a   Data         100  bsp_agreement.o(.bss)
    CPU_Name                                 0x200022be   Data          16  cpu_core.o(.bss)
    Mem_PoolHeap                             0x200022d0   Data          72  lib_mem.o(.bss)
    Mem_Heap                                 0x20002318   Data       27648  lib_mem.o(.bss)
    OSCfg_IdleTaskStk                        0x20008f18   Data         512  os_cfg_app.o(.bss)
    OSCfg_IntQ                               0x20009118   Data         320  os_cfg_app.o(.bss)
    OSCfg_IntQTaskStk                        0x20009258   Data         512  os_cfg_app.o(.bss)
    OSCfg_ISRStk                             0x20009458   Data         512  os_cfg_app.o(.bss)
    OSCfg_MsgPool                            0x20009658   Data        1600  os_cfg_app.o(.bss)
    OSCfg_StatTaskStk                        0x20009c98   Data         512  os_cfg_app.o(.bss)
    OSCfg_TickTaskStk                        0x20009e98   Data         512  os_cfg_app.o(.bss)
    OSCfg_TickWheel                          0x2000a098   Data         136  os_cfg_app.o(.bss)
    OSCfg_TmrTaskStk                         0x2000a120   Data         512  os_cfg_app.o(.bss)
    OSCfg_TmrWheel                           0x2000a320   Data         136  os_cfg_app.o(.bss)
    OSIdleTaskTCB                            0x2000a3a8   Data         200  os_var.o(.bss)
    OSIntQTaskTCB                            0x2000a470   Data         200  os_var.o(.bss)
    OSMsgPool                                0x2000a538   Data          12  os_var.o(.bss)
    OSRdyList                                0x2000a544   Data         384  os_var.o(.bss)
    OSStatTaskTCB                            0x2000a6c4   Data         200  os_var.o(.bss)
    OSTickTaskTCB                            0x2000a78c   Data         200  os_var.o(.bss)
    OSTmrTaskTCB                             0x2000a854   Data         200  os_var.o(.bss)
    __initial_sp                             0x2000ad20   Data           0  startup_stm32f10x_hd.o(STACK)



==============================================================================

Memory Map of the image

  Image Entry point : 0x08010131

  Load Region LR_IROM1 (Base: 0x08010000, Size: 0x00008b80, Max: 0x00080000, ABSOLUTE, COMPRESSED[0x00008a60])

    Execution Region ER_IROM1 (Base: 0x08010000, Size: 0x00008a48, Max: 0x00080000, ABSOLUTE)

    Base Addr    Size         Type   Attr      Idx    E Section Name        Object

    0x08010000   0x00000130   Data   RO            3    RESET               startup_stm32f10x_hd.o
    0x08010130   0x00000000   Code   RO         5891  * .ARM.Collect$$$$00000000  mc_w.l(entry.o)
    0x08010130   0x00000004   Code   RO         6183    .ARM.Collect$$$$00000001  mc_w.l(entry2.o)
    0x08010134   0x00000004   Code   RO         6186    .ARM.Collect$$$$00000004  mc_w.l(entry5.o)
    0x08010138   0x00000000   Code   RO         6188    .ARM.Collect$$$$00000008  mc_w.l(entry7b.o)
    0x08010138   0x00000000   Code   RO         6190    .ARM.Collect$$$$0000000A  mc_w.l(entry8b.o)
    0x08010138   0x00000008   Code   RO         6191    .ARM.Collect$$$$0000000B  mc_w.l(entry9a.o)
    0x08010140   0x00000000   Code   RO         6193    .ARM.Collect$$$$0000000D  mc_w.l(entry10a.o)
    0x08010140   0x00000000   Code   RO         6195    .ARM.Collect$$$$0000000F  mc_w.l(entry11a.o)
    0x08010140   0x00000004   Code   RO         6184    .ARM.Collect$$$$00002712  mc_w.l(entry2.o)
    0x08010144   0x00000024   Code   RO            4    .text               startup_stm32f10x_hd.o
    0x08010168   0x00000034   Code   RO         4211    .text               cpu_a.o
    0x0801019c   0x00000024   Code   RO         5894    .text               mc_w.l(memseta.o)
    0x080101c0   0x00000024   Code   RO         5896    .text               mc_w.l(strstr.o)
    0x080101e4   0x000000b0   Code   RO         6159    .text               mf_w.l(fadd.o)
    0x08010294   0x00000064   Code   RO         6161    .text               mf_w.l(fmul.o)
    0x080102f8   0x0000007c   Code   RO         6163    .text               mf_w.l(fdiv.o)
    0x08010374   0x000000e4   Code   RO         6165    .text               mf_w.l(dmul.o)
    0x08010458   0x000000de   Code   RO         6167    .text               mf_w.l(ddiv.o)
    0x08010536   0x0000000a   Code   RO         6169    .text               mf_w.l(ffltui.o)
    0x08010540   0x00000022   Code   RO         6171    .text               mf_w.l(dflti.o)
    0x08010562   0x0000001a   Code   RO         6173    .text               mf_w.l(dfltui.o)
    0x0801057c   0x00000032   Code   RO         6175    .text               mf_w.l(ffixi.o)
    0x080105ae   0x00000032   Code   RO         6177    .text               mf_w.l(dfixui.o)
    0x080105e0   0x00000026   Code   RO         6179    .text               mf_w.l(f2d.o)
    0x08010606   0x00000038   Code   RO         6181    .text               mf_w.l(d2f.o)
    0x0801063e   0x0000002c   Code   RO         6198    .text               mc_w.l(uidiv.o)
    0x0801066a   0x00000062   Code   RO         6200    .text               mc_w.l(uldiv.o)
    0x080106cc   0x00000020   Code   RO         6202    .text               mc_w.l(llushr.o)
    0x080106ec   0x00000000   Code   RO         6204    .text               mc_w.l(iusefp.o)
    0x080106ec   0x0000006e   Code   RO         6205    .text               mf_w.l(fepilogue.o)
    0x0801075a   0x000000ba   Code   RO         6207    .text               mf_w.l(depilogue.o)
    0x08010814   0x0000014e   Code   RO         6209    .text               mf_w.l(dadd.o)
    0x08010962   0x00000030   Code   RO         6211    .text               mf_w.l(dfixul.o)
    0x08010992   0x00000002   PAD
    0x08010994   0x00000030   Code   RO         6213    .text               mf_w.l(cdrcmple.o)
    0x080109c4   0x00000024   Code   RO         6215    .text               mc_w.l(init.o)
    0x080109e8   0x0000001e   Code   RO         6217    .text               mc_w.l(llshl.o)
    0x08010a06   0x00000024   Code   RO         6219    .text               mc_w.l(llsshr.o)
    0x08010a2a   0x00000056   Code   RO         6229    .text               mc_w.l(__dczerorl2.o)
    0x08010a80   0x00000084   Code   RO         5810    CODE                os_cpu_a.o
    0x08010b04   0x00000030   Code   RO         3108    i.ADC1_2_IRQHandler  stm32f10x_it.o
    0x08010b34   0x0000000a   Code   RO          182    i.ADC_ClearITPendingBit  stm32f10x_adc.o
    0x08010b3e   0x00000016   Code   RO          183    i.ADC_Cmd           stm32f10x_adc.o
    0x08010b54   0x00000014   Code   RO          191    i.ADC_GetCalibrationStatus  stm32f10x_adc.o
    0x08010b68   0x00000008   Code   RO          192    i.ADC_GetConversionValue  stm32f10x_adc.o
    0x08010b70   0x00000024   Code   RO          195    i.ADC_GetITStatus   stm32f10x_adc.o
    0x08010b94   0x00000014   Code   RO          197    i.ADC_GetResetCalibrationStatus  stm32f10x_adc.o
    0x08010ba8   0x00000018   Code   RO          200    i.ADC_ITConfig      stm32f10x_adc.o
    0x08010bc0   0x00000050   Code   RO          201    i.ADC_Init          stm32f10x_adc.o
    0x08010c10   0x00000026   Code   RO         3759    i.ADC_NVIC_Config   bsp_adc.o
    0x08010c36   0x000000b8   Code   RO          205    i.ADC_RegularChannelConfig  stm32f10x_adc.o
    0x08010cee   0x0000000a   Code   RO          206    i.ADC_ResetCalibration  stm32f10x_adc.o
    0x08010cf8   0x00000016   Code   RO          208    i.ADC_SoftwareStartConvCmd  stm32f10x_adc.o
    0x08010d0e   0x0000000a   Code   RO          210    i.ADC_StartCalibration  stm32f10x_adc.o
    0x08010d18   0x00000024   Code   RO         3760    i.ADCx_GPIO_Config  bsp_adc.o
    0x08010d3c   0x00000010   Code   RO         3761    i.ADCx_Init         bsp_adc.o
    0x08010d4c   0x00000090   Code   RO         3762    i.ADCx_Mode_Config  bsp_adc.o
    0x08010ddc   0x00000028   Code   RO         3231    i.AppTaskLed1       app.o
    0x08010e04   0x0000001a   Code   RO         3232    i.AppTaskLed2       app.o
    0x08010e1e   0x00000012   Code   RO         3233    i.AppTaskLed3       app.o
    0x08010e30   0x00000128   Code   RO         3234    i.AppTaskStart      app.o
    0x08010f58   0x00000010   Code   RO         3445    i.BSP_CPU_ClkFreq   bsp.o
    0x08010f68   0x0000003c   Code   RO         3446    i.BSP_Init          bsp.o
    0x08010fa4   0x00000004   Code   RO         3109    i.BusFault_Handler  stm32f10x_it.o
    0x08010fa8   0x00000010   Code   RO         4047    i.CPU_Init          cpu_core.o
    0x08010fb8   0x00000084   Code   RO         4048    i.CPU_IntDisMeasInit  cpu_core.o
    0x0801103c   0x0000001c   Code   RO         4049    i.CPU_IntDisMeasMaxCalc  cpu_core.o
    0x08011058   0x0000002c   Code   RO         4050    i.CPU_IntDisMeasMaxCurGet  cpu_core.o
    0x08011084   0x0000002c   Code   RO         4051    i.CPU_IntDisMeasMaxCurReset  cpu_core.o
    0x080110b0   0x0000002c   Code   RO         4052    i.CPU_IntDisMeasMaxGet  cpu_core.o
    0x080110dc   0x00000034   Code   RO         4053    i.CPU_IntDisMeasStart  cpu_core.o
    0x08011110   0x00000054   Code   RO         4054    i.CPU_IntDisMeasStop  cpu_core.o
    0x08011164   0x00000038   Code   RO         4055    i.CPU_NameClr       cpu_core.o
    0x0801119c   0x00000008   Code   RO         4057    i.CPU_NameInit      cpu_core.o
    0x080111a4   0x00000014   Code   RO         4061    i.CPU_TS_Init       cpu_core.o
    0x080111b8   0x0000000c   Code   RO         4063    i.CPU_TS_TmrFreqSet  cpu_core.o
    0x080111c4   0x00000034   Code   RO         3447    i.CPU_TS_TmrInit    bsp.o
    0x080111f8   0x0000000c   Code   RO         3448    i.CPU_TS_TmrRd      bsp.o
    0x08011204   0x0000002c   Code   RO         3789    i.DS18B20_GPIO_Config  bsp_ds18b20.o
    0x08011230   0x00000070   Code   RO         3791    i.DS18B20_GetTemp_SkipRom  bsp_ds18b20.o
    0x080112a0   0x0000001c   Code   RO         3792    i.DS18B20_Init      bsp_ds18b20.o
    0x080112bc   0x0000001c   Code   RO         3794    i.DS18B20_Mode_IPU  bsp_ds18b20.o
    0x080112d8   0x00000024   Code   RO         3795    i.DS18B20_Mode_Out_PP  bsp_ds18b20.o
    0x080112fc   0x00000058   Code   RO         3796    i.DS18B20_Presence  bsp_ds18b20.o
    0x08011354   0x00000038   Code   RO         3797    i.DS18B20_ReadBit   bsp_ds18b20.o
    0x0801138c   0x00000022   Code   RO         3798    i.DS18B20_ReadByte  bsp_ds18b20.o
    0x080113ae   0x00000002   PAD
    0x080113b0   0x0000002c   Code   RO         3800    i.DS18B20_Rst       bsp_ds18b20.o
    0x080113dc   0x00000012   Code   RO         3801    i.DS18B20_SkipRom   bsp_ds18b20.o
    0x080113ee   0x00000002   PAD
    0x080113f0   0x0000005c   Code   RO         3802    i.DS18B20_WriteByte  bsp_ds18b20.o
    0x0801144c   0x00000002   Code   RO         3110    i.DebugMon_Handler  stm32f10x_it.o
    0x0801144e   0x00000002   PAD
    0x08011450   0x00000050   Code   RO         3869    i.Delay_Tim4_Init   bsp_tim.o
    0x080114a0   0x00000044   Code   RO         3870    i.Delay_us          bsp_tim.o
    0x080114e4   0x000000b8   Code   RO         3589    i.ESP8266_Cmd       bsp_esp8266.o
    0x0801159c   0x00000040   Code   RO         3590    i.ESP8266_Enable_MultipleId  bsp_esp8266.o
    0x080115dc   0x0000003c   Code   RO         3591    i.ESP8266_ExitUnvarnishSend  bsp_esp8266.o
    0x08011618   0x00000044   Code   RO         3592    i.ESP8266_GPIO_Config  bsp_esp8266.o
    0x0801165c   0x0000007c   Code   RO         3594    i.ESP8266_Get_LinkStatus  bsp_esp8266.o
    0x080116d8   0x00000024   Code   RO         3595    i.ESP8266_Init      bsp_esp8266.o
    0x080116fc   0x00000048   Code   RO         3597    i.ESP8266_JoinAP    bsp_esp8266.o
    0x08011744   0x000000c0   Code   RO         3598    i.ESP8266_Link_Server  bsp_esp8266.o
    0x08011804   0x00000078   Code   RO         3599    i.ESP8266_Net_Mode_Choose  bsp_esp8266.o
    0x0801187c   0x000000a0   Code   RO         3602    i.ESP8266_SendString  bsp_esp8266.o
    0x0801191c   0x0000009c   Code   RO         3604    i.ESP8266_USART_Config  bsp_esp8266.o
    0x080119b8   0x00000028   Code   RO         3605    i.ESP8266_USART_NVIC_Configuration  bsp_esp8266.o
    0x080119e0   0x0000004c   Code   RO         3606    i.ESP8266_UnvarnishSend  bsp_esp8266.o
    0x08011a2c   0x0000002c   Code   RO         3111    i.EXTI15_10_IRQHandler  stm32f10x_it.o
    0x08011a58   0x0000002c   Code   RO         3112    i.EXTI4_IRQHandler  stm32f10x_it.o
    0x08011a84   0x0000000c   Code   RO          939    i.EXTI_ClearITPendingBit  stm32f10x_exti.o
    0x08011a90   0x00000028   Code   RO          943    i.EXTI_GetITStatus  stm32f10x_exti.o
    0x08011ab8   0x000000a0   Code   RO         3742    i.EXTI_HUOER_Config  huoer_exti.o
    0x08011b58   0x00000094   Code   RO          944    i.EXTI_Init         stm32f10x_exti.o
    0x08011bec   0x00000014   Code   RO         1286    i.GPIO_AFIODeInit   stm32f10x_gpio.o
    0x08011c00   0x00000040   Code   RO         1289    i.GPIO_EXTILineConfig  stm32f10x_gpio.o
    0x08011c40   0x00000116   Code   RO         1292    i.GPIO_Init         stm32f10x_gpio.o
    0x08011d56   0x00000002   PAD
    0x08011d58   0x00000090   Code   RO         1294    i.GPIO_PinRemapConfig  stm32f10x_gpio.o
    0x08011de8   0x00000012   Code   RO         1296    i.GPIO_ReadInputDataBit  stm32f10x_gpio.o
    0x08011dfa   0x00000004   Code   RO         1299    i.GPIO_ResetBits    stm32f10x_gpio.o
    0x08011dfe   0x00000004   Code   RO         1300    i.GPIO_SetBits      stm32f10x_gpio.o
    0x08011e02   0x00000004   Code   RO         3113    i.HardFault_Handler  stm32f10x_it.o
    0x08011e06   0x00000076   Code   RO         3919    i.HexToStr          bsp_agreement.o
    0x08011e7c   0x00000018   Code   RO         1406    i.I2C_Cmd           stm32f10x_i2c.o
    0x08011e94   0x00000018   Code   RO         3976    i.I2C_EE_Init       bsp_i2c_ee.o
    0x08011eac   0x0000004c   Code   RO         3979    i.I2C_GPIO_Config   bsp_i2c_ee.o
    0x08011ef8   0x000000ec   Code   RO         1420    i.I2C_Init          stm32f10x_i2c.o
    0x08011fe4   0x00000044   Code   RO         3980    i.I2C_Mode_Configu  bsp_i2c_ee.o
    0x08012028   0x00000070   Code   RO         3481    i.LED_GPIO_Config   bsp_led.o
    0x08012098   0x00000030   Code   RO         3482    i.LED_Init          bsp_led.o
    0x080120c8   0x000003c0   Code   RO         3893    i.Link_start        bsp_main.o
    0x08012488   0x00000004   Code   RO         3114    i.MemManage_Handler  stm32f10x_it.o
    0x0801248c   0x00000012   Code   RO         4403    i.Mem_Clr           lib_mem.o
    0x0801249e   0x00000002   PAD
    0x080124a0   0x00000048   Code   RO         4407    i.Mem_Init          lib_mem.o
    0x080124e8   0x00000062   Code   RO         4420    i.Mem_Set           lib_mem.o
    0x0801254a   0x00000002   PAD
    0x0801254c   0x0000006c   Code   RO         3498    i.Motor_Speed_Set   bsp_tim_pwm.o
    0x080125b8   0x00000002   Code   RO         3115    i.NMI_Handler       stm32f10x_it.o
    0x080125ba   0x0000002a   Code   RO         3499    i.NVIC_Config_PWM   bsp_tim_pwm.o
    0x080125e4   0x00000026   Code   RO         3534    i.NVIC_Configuration  bsp_usart.o
    0x0801260a   0x00000032   Code   RO         3743    i.NVIC_Houer_Configuration  huoer_exti.o
    0x0801263c   0x00000070   Code   RO          137    i.NVIC_Init         misc.o
    0x080126ac   0x00000014   Code   RO          138    i.NVIC_PriorityGroupConfig  misc.o
    0x080126c0   0x00000002   Code   RO         4677    i.OSCfg_Init        os_cfg_app.o
    0x080126c2   0x00000002   PAD
    0x080126c4   0x00000014   Code   RO         5813    i.OSIdleTaskHook    os_cpu_c.o
    0x080126d8   0x0000018c   Code   RO         4700    i.OSInit            os_core.o
    0x08012864   0x00000038   Code   RO         5814    i.OSInitHook        os_cpu_c.o
    0x0801289c   0x000000e4   Code   RO         4702    i.OSIntExit         os_core.o
    0x08012980   0x000000a8   Code   RO         4703    i.OSSched           os_core.o
    0x08012a28   0x0000007c   Code   RO         4704    i.OSSchedLock       os_core.o
    0x08012aa4   0x000000a0   Code   RO         4707    i.OSSchedUnlock     os_core.o
    0x08012b44   0x00000068   Code   RO         4708    i.OSStart           os_core.o
    0x08012bac   0x00000168   Code   RO         5418    i.OSStatReset       os_stat.o
    0x08012d14   0x00000100   Code   RO         5419    i.OSStatTaskCPUUsageInit  os_stat.o
    0x08012e14   0x00000014   Code   RO         5815    i.OSStatTaskHook    os_cpu_c.o
    0x08012e28   0x00000294   Code   RO         5449    i.OSTaskCreate      os_task.o
    0x080130bc   0x00000018   Code   RO         5816    i.OSTaskCreateHook  os_cpu_c.o
    0x080130d4   0x00000208   Code   RO         5450    i.OSTaskDel         os_task.o
    0x080132dc   0x00000018   Code   RO         5817    i.OSTaskDelHook     os_cpu_c.o
    0x080132f4   0x00000088   Code   RO         5458    i.OSTaskResume      os_task.o
    0x0801337c   0x00000018   Code   RO         5818    i.OSTaskReturnHook  os_cpu_c.o
    0x08013394   0x00000250   Code   RO         5459    i.OSTaskSemPend     os_task.o
    0x080135e4   0x000000e4   Code   RO         5463    i.OSTaskStkChk      os_task.o
    0x080136c8   0x000000c0   Code   RO         5819    i.OSTaskStkInit     os_cpu_c.o
    0x08013788   0x00000060   Code   RO         5464    i.OSTaskSuspend     os_task.o
    0x080137e8   0x000000a4   Code   RO         5820    i.OSTaskSwHook      os_cpu_c.o
    0x0801388c   0x00000150   Code   RO         5664    i.OSTimeDly         os_time.o
    0x080139dc   0x0000022c   Code   RO         5665    i.OSTimeDlyHMSM     os_time.o
    0x08013c08   0x00000044   Code   RO         5669    i.OSTimeTick        os_time.o
    0x08013c4c   0x00000014   Code   RO         5821    i.OSTimeTickHook    os_cpu_c.o
    0x08013c60   0x00000040   Code   RO         5822    i.OS_CPU_SysTickHandler  os_cpu_c.o
    0x08013ca0   0x00000030   Code   RO         5823    i.OS_CPU_SysTickInit  os_cpu_c.o
    0x08013cd0   0x000001b4   Code   RO         4946    i.OS_Dbg_Init       os_dbg.o
    0x08013e84   0x00000018   Code   RO         4971    i.OS_FlagInit       os_flag.o
    0x08013e9c   0x0000027c   Code   RO         4972    i.OS_FlagPost       os_flag.o
    0x08014118   0x00000056   Code   RO         4973    i.OS_FlagTaskRdy    os_flag.o
    0x0801416e   0x00000002   PAD
    0x08014170   0x0000004c   Code   RO         4710    i.OS_IdleTask       os_core.o
    0x080141bc   0x00000070   Code   RO         4711    i.OS_IdleTaskInit   os_core.o
    0x0801422c   0x00000104   Code   RO         5045    i.OS_IntQPost       os_int.o
    0x08014330   0x000001a4   Code   RO         5046    i.OS_IntQRePost     os_int.o
    0x080144d4   0x000000c8   Code   RO         5047    i.OS_IntQTask       os_int.o
    0x0801459c   0x00000128   Code   RO         5048    i.OS_IntQTaskInit   os_int.o
    0x080146c4   0x00000018   Code   RO         5079    i.OS_MemInit        os_mem.o
    0x080146dc   0x0000007c   Code   RO         5111    i.OS_MsgPoolInit    os_msg.o
    0x08014758   0x00000044   Code   RO         5112    i.OS_MsgQFreeAll    os_msg.o
    0x0801479c   0x0000000e   Code   RO         5114    i.OS_MsgQInit       os_msg.o
    0x080147aa   0x00000002   PAD
    0x080147ac   0x00000104   Code   RO         5115    i.OS_MsgQPut        os_msg.o
    0x080148b0   0x00000018   Code   RO         5155    i.OS_MutexInit      os_mutex.o
    0x080148c8   0x00000068   Code   RO         4712    i.OS_Pend           os_core.o
    0x08014930   0x00000026   Code   RO         4715    i.OS_PendDataInit   os_core.o
    0x08014956   0x00000002   PAD
    0x08014958   0x0000005c   Code   RO         4716    i.OS_PendDbgNameAdd  os_core.o
    0x080149b4   0x00000024   Code   RO         4717    i.OS_PendDbgNameRemove  os_core.o
    0x080149d8   0x00000066   Code   RO         4721    i.OS_PendListInsertPrio  os_core.o
    0x08014a3e   0x00000030   Code   RO         4722    i.OS_PendListRemove  os_core.o
    0x08014a6e   0x00000042   Code   RO         4723    i.OS_PendListRemove1  os_core.o
    0x08014ab0   0x000000c0   Code   RO         4726    i.OS_Post           os_core.o
    0x08014b70   0x0000002a   Code   RO         4727    i.OS_Post1          os_core.o
    0x08014b9a   0x00000002   PAD
    0x08014b9c   0x00000028   Code   RO         5237    i.OS_PrioGetHighest  os_prio.o
    0x08014bc4   0x00000018   Code   RO         5238    i.OS_PrioInit       os_prio.o
    0x08014bdc   0x00000024   Code   RO         5239    i.OS_PrioInsert     os_prio.o
    0x08014c00   0x00000024   Code   RO         5240    i.OS_PrioRemove     os_prio.o
    0x08014c24   0x00000018   Code   RO         5283    i.OS_QInit          os_q.o
    0x08014c3c   0x00000188   Code   RO         5284    i.OS_QPost          os_q.o
    0x08014dc4   0x00000024   Code   RO         4728    i.OS_RdyListInit    os_core.o
    0x08014de8   0x0000002c   Code   RO         4729    i.OS_RdyListInsert  os_core.o
    0x08014e14   0x00000040   Code   RO         4730    i.OS_RdyListInsertHead  os_core.o
    0x08014e54   0x0000003c   Code   RO         4731    i.OS_RdyListInsertTail  os_core.o
    0x08014e90   0x00000044   Code   RO         4732    i.OS_RdyListMoveHeadToTail  os_core.o
    0x08014ed4   0x0000005c   Code   RO         4733    i.OS_RdyListRemove  os_core.o
    0x08014f30   0x0000005c   Code   RO         4734    i.OS_Sched0         os_core.o
    0x08014f8c   0x0000001c   Code   RO         4735    i.OS_SchedLockTimeMeasStart  os_core.o
    0x08014fa8   0x0000003c   Code   RO         4736    i.OS_SchedLockTimeMeasStop  os_core.o
    0x08014fe4   0x000000ec   Code   RO         4737    i.OS_SchedRoundRobin  os_core.o
    0x080150d0   0x00000018   Code   RO         5355    i.OS_SemInit        os_sem.o
    0x080150e8   0x00000198   Code   RO         5356    i.OS_SemPost        os_sem.o
    0x08015280   0x000003b8   Code   RO         5420    i.OS_StatTask       os_stat.o
    0x08015638   0x000000cc   Code   RO         5421    i.OS_StatTaskInit   os_stat.o
    0x08015704   0x00000038   Code   RO         4738    i.OS_TaskBlock      os_core.o
    0x0801573c   0x00000030   Code   RO         5466    i.OS_TaskDbgListAdd  os_task.o
    0x0801576c   0x00000044   Code   RO         5467    i.OS_TaskDbgListRemove  os_task.o
    0x080157b0   0x00000020   Code   RO         5468    i.OS_TaskInit       os_task.o
    0x080157d0   0x000000d0   Code   RO         5469    i.OS_TaskInitTCB    os_task.o
    0x080158a0   0x0000026c   Code   RO         5470    i.OS_TaskQPost      os_task.o
    0x08015b0c   0x0000001c   Code   RO         4739    i.OS_TaskRdy        os_core.o
    0x08015b28   0x0000017c   Code   RO         5471    i.OS_TaskResume     os_task.o
    0x08015ca4   0x00000018   Code   RO         5472    i.OS_TaskReturn     os_task.o
    0x08015cbc   0x000005a8   Code   RO         5473    i.OS_TaskSemPost    os_task.o
    0x08016264   0x00000190   Code   RO         5474    i.OS_TaskSuspend    os_task.o
    0x080163f4   0x00000028   Code   RO         5616    i.OS_TickListInit   os_tick.o
    0x0801641c   0x000001bc   Code   RO         5617    i.OS_TickListInsert  os_tick.o
    0x080165d8   0x00000038   Code   RO         5618    i.OS_TickListRemove  os_tick.o
    0x08016610   0x00000024   Code   RO         5619    i.OS_TickListResetPeak  os_tick.o
    0x08016634   0x00000220   Code   RO         5620    i.OS_TickListUpdate  os_tick.o
    0x08016854   0x0000002c   Code   RO         5621    i.OS_TickTask       os_tick.o
    0x08016880   0x000000b8   Code   RO         5622    i.OS_TickTaskInit   os_tick.o
    0x08016938   0x00000128   Code   RO         5715    i.OS_TmrInit        os_tmr.o
    0x08016a60   0x000000d0   Code   RO         5716    i.OS_TmrLink        os_tmr.o
    0x08016b30   0x00000024   Code   RO         5717    i.OS_TmrResetPeak   os_tmr.o
    0x08016b54   0x000000c0   Code   RO         5718    i.OS_TmrTask        os_tmr.o
    0x08016c14   0x00000050   Code   RO         5719    i.OS_TmrUnlink      os_tmr.o
    0x08016c64   0x00000018   Code   RO         1706    i.RCC_ADCCLKConfig  stm32f10x_rcc.o
    0x08016c7c   0x00000020   Code   RO         1708    i.RCC_APB1PeriphClockCmd  stm32f10x_rcc.o
    0x08016c9c   0x00000020   Code   RO         1710    i.RCC_APB2PeriphClockCmd  stm32f10x_rcc.o
    0x08016cbc   0x00000020   Code   RO         1711    i.RCC_APB2PeriphResetCmd  stm32f10x_rcc.o
    0x08016cdc   0x000000d4   Code   RO         1718    i.RCC_GetClocksFreq  stm32f10x_rcc.o
    0x08016db0   0x00000002   Code   RO         3117    i.SVC_Handler       stm32f10x_it.o
    0x08016db2   0x00000008   Code   RO           24    i.SetSysClock       system_stm32f10x.o
    0x08016dba   0x00000002   PAD
    0x08016dbc   0x000000e0   Code   RO           25    i.SetSysClockTo72   system_stm32f10x.o
    0x08016e9c   0x0000002e   Code   RO         3871    i.Soft_Delay_us     bsp_tim.o
    0x08016eca   0x00000002   PAD
    0x08016ecc   0x00000060   Code   RO           27    i.SystemInit        system_stm32f10x.o
    0x08016f2c   0x0000003c   Code   RO         3119    i.TIM3_IRQHandler   stm32f10x_it.o
    0x08016f68   0x00000018   Code   RO         2330    i.TIM_ARRPreloadConfig  stm32f10x_tim.o
    0x08016f80   0x00000006   Code   RO         2337    i.TIM_ClearITPendingBit  stm32f10x_tim.o
    0x08016f86   0x00000018   Code   RO         2342    i.TIM_Cmd           stm32f10x_tim.o
    0x08016f9e   0x00000022   Code   RO         2363    i.TIM_GetITStatus   stm32f10x_tim.o
    0x08016fc0   0x00000012   Code   RO         2367    i.TIM_ITConfig      stm32f10x_tim.o
    0x08016fd2   0x00000002   PAD
    0x08016fd4   0x000000a4   Code   RO         2376    i.TIM_OC2Init       stm32f10x_tim.o
    0x08017078   0x0000001a   Code   RO         2379    i.TIM_OC2PreloadConfig  stm32f10x_tim.o
    0x08017092   0x00000002   PAD
    0x08017094   0x000000a4   Code   RO         2413    i.TIM_TimeBaseInit  stm32f10x_tim.o
    0x08017138   0x00000012   Code   RO         2414    i.TIM_TimeBaseStructInit  stm32f10x_tim.o
    0x0801714a   0x00000010   Code   RO         3500    i.TIMx_Breathing_Init  bsp_tim_pwm.o
    0x0801715a   0x00000002   PAD
    0x0801715c   0x00000044   Code   RO         3501    i.TIMx_GPIO_Config  bsp_tim_pwm.o
    0x080171a0   0x00000088   Code   RO         3502    i.TIMx_Mode_Config  bsp_tim_pwm.o
    0x08017228   0x000000a0   Code   RO         3120    i.USART3_IRQHandler  stm32f10x_it.o
    0x080172c8   0x00000018   Code   RO         2878    i.USART_Cmd         stm32f10x_usart.o
    0x080172e0   0x00000090   Code   RO         3535    i.USART_Config      bsp_usart.o
    0x08017370   0x0000001a   Code   RO         2881    i.USART_GetFlagStatus  stm32f10x_usart.o
    0x0801738a   0x00000054   Code   RO         2882    i.USART_GetITStatus  stm32f10x_usart.o
    0x080173de   0x0000004a   Code   RO         2884    i.USART_ITConfig    stm32f10x_usart.o
    0x08017428   0x000000d8   Code   RO         2885    i.USART_Init        stm32f10x_usart.o
    0x08017500   0x0000000a   Code   RO         2892    i.USART_ReceiveData  stm32f10x_usart.o
    0x0801750a   0x00000008   Code   RO         2895    i.USART_SendData    stm32f10x_usart.o
    0x08017512   0x00000106   Code   RO         3722    i.USART_printf      bsp_common.o
    0x08017618   0x00000004   Code   RO         3121    i.UsageFault_Handler  stm32f10x_it.o
    0x0801761c   0x00000020   Code   RO         6131    i.__0printf         mc_w.l(printfa.o)
    0x0801763c   0x00000028   Code   RO         6133    i.__0sprintf        mc_w.l(printfa.o)
    0x08017664   0x0000000e   Code   RO         6223    i.__scatterload_copy  mc_w.l(handlers.o)
    0x08017672   0x00000002   Code   RO         6224    i.__scatterload_null  mc_w.l(handlers.o)
    0x08017674   0x0000000e   Code   RO         6225    i.__scatterload_zeroinit  mc_w.l(handlers.o)
    0x08017682   0x00000002   PAD
    0x08017684   0x00000164   Code   RO         6138    i._fp_digits        mc_w.l(printfa.o)
    0x080177e8   0x000006dc   Code   RO         6139    i._printf_core      mc_w.l(printfa.o)
    0x08017ec4   0x00000024   Code   RO         6140    i._printf_post_padding  mc_w.l(printfa.o)
    0x08017ee8   0x0000002e   Code   RO         6141    i._printf_pre_padding  mc_w.l(printfa.o)
    0x08017f16   0x0000000a   Code   RO         6143    i._sputc            mc_w.l(printfa.o)
    0x08017f20   0x00000088   Code   RO         3921    i.dt_send           bsp_agreement.o
    0x08017fa8   0x00000088   Code   RO         3923    i.dt_send2          bsp_agreement.o
    0x08018030   0x00000024   Code   RO         3541    i.fputc             bsp_usart.o
    0x08018054   0x00000062   Code   RO         3723    i.itoa              bsp_common.o
    0x080180b6   0x00000002   PAD
    0x080180b8   0x00000070   Code   RO         3235    i.main              app.o
    0x08018128   0x000001b8   Code   RO         3894    i.real_time_data    bsp_main.o
    0x080182e0   0x00000538   Code   RO         3924    i.tcp_Agreement     bsp_agreement.o
    0x08018818   0x000000a4   Data   RO         4679    .constdata          os_cfg_app.o
    0x080188bc   0x0000016c   Data   RO         4947    .constdata          os_dbg.o
    0x08018a28   0x00000020   Data   RO         6221    Region$$Table       anon$$obj.o


    Execution Region RW_IRAM1 (Base: 0x20000000, Size: 0x0000ad20, Max: 0x00010000, ABSOLUTE, COMPRESSED[0x00000018])

    Base Addr    Size         Type   Attr      Idx    E Section Name        Object

    0x20000000   0x00000014   Data   RW         1738    .data               stm32f10x_rcc.o
    0x20000014   0x00000005   Data   RW         3503    .data               bsp_tim_pwm.o
    0x20000019   0x00000003   PAD
    0x2000001c   0x0000000c   Data   RW         3763    .data               bsp_adc.o
    0x20000028   0x0000000c   Data   RW         3926    .data               bsp_agreement.o
    0x20000034   0x00000008   Data   RW         3983    .data               bsp_i2c_ee.o
    0x2000003c   0x0000001c   Data   RW         4067    .data               cpu_core.o
    0x20000058   0x00000004   Data   RW         4422    .data               lib_mem.o
    0x2000005c   0x00000004   Data   RW         5241    .data               os_prio.o
    0x20000060   0x000000d0   Data   RW         5797    .data               os_var.o
    0x20000130   0x00000004   Data   RW         5824    .data               os_cpu_c.o
    0x20000134   0x00000004   Data   RW         6197    .data               mc_w.l(stdout.o)
    0x20000138   0x00001d20   Zero   RW         3236    .bss                app.o
    0x20001e58   0x00000402   Zero   RW         3607    .bss                bsp_esp8266.o
    0x2000225a   0x00000064   Zero   RW         3925    .bss                bsp_agreement.o
    0x200022be   0x00000010   Zero   RW         4065    .bss                cpu_core.o
    0x200022ce   0x00000002   PAD
    0x200022d0   0x00006c48   Zero   RW         4421    .bss                lib_mem.o
    0x20008f18   0x00001490   Zero   RW         4678    .bss                os_cfg_app.o
    0x2000a3a8   0x00000574   Zero   RW         5796    .bss                os_var.o
    0x2000a91c   0x00000004   PAD
    0x2000a920   0x00000400   Zero   RW            1    STACK               startup_stm32f10x_hd.o


==============================================================================

Image component sizes


      Code (inc. data)   RO Data    RW Data    ZI Data      Debug   Object Name

       492        134          0          0       7456      32806   app.o
       140         32          0          0          0       2037   bsp.o
       234         10          0         12          0       2828   bsp_adc.o
      1726         82          0         12        100      20454   bsp_agreement.o
       360          0          0          0          0       2799   bsp_common.o
       580         44          0          0          0       6093   bsp_ds18b20.o
      1352        380          0          0       1026      11233   bsp_esp8266.o
       168         20          0          8          0       2239   bsp_i2c_ee.o
       160         12          0          0          0       1027   bsp_led.o
      1400        474          0          0          0       1658   bsp_main.o
       194          8          0          0          0       2009   bsp_tim.o
       370         58          0          5          0       3214   bsp_tim_pwm.o
       218         12          0          0          0       1771   bsp_usart.o
         0          0          0          0          0       4500   core_cm3.o
        52          0          0          0          0        356   cpu_a.o
       540         98          0         28         16      16713   cpu_core.o
       210         10          0          0          0       1200   huoer_exti.o
       188         18          0          4      27720      13695   lib_mem.o
       132         22          0          0          0       1623   misc.o
         0          0          0          0          0      40767   os_app_hooks.o
         2          0        164          0       5264      21026   os_cfg_app.o
      2952        402          0          0          0      19960   os_core.o
       132         32          0          0          0        404   os_cpu_a.o
       656         68          0          4          0       8429   os_cpu_c.o
       436        286        364          0          0       4861   os_dbg.o
       746         28          0          0          0       3169   os_flag.o
      1176        204          0          0          0       3582   os_int.o
        24         10          0          0          0        905   os_mem.o
       466         26          0          0          0       3317   os_msg.o
        24         10          0          0          0        911   os_mutex.o
       136         16          0          4          0       2926   os_prio.o
       416         20          0          0          0       2262   os_q.o
       432         14          0          0          0       2278   os_sem.o
      1772        214          0          0          0       4147   os_stat.o
      5460        260          0          0          0      14112   os_task.o
      1348        124          0          0          0       5605   os_tick.o
       960         46          0          0          0       3189   os_time.o
       812        134          0          0          0       4252   os_tmr.o
         0          0          0        208       1396      19525   os_var.o
        36          8        304          0       1024        892   startup_stm32f10x_hd.o
       446         10          0          0          0       9678   stm32f10x_adc.o
       200         18          0          0          0       2224   stm32f10x_exti.o
       532         10          0          0          0       5834   stm32f10x_gpio.o
       260         14          0          0          0       3065   stm32f10x_i2c.o
       378         62          0          0          0       7091   stm32f10x_it.o
       332         44          0         20          0       5758   stm32f10x_rcc.o
       478         52          0          0          0       6243   stm32f10x_tim.o
       442          6          0          0          0       6397   stm32f10x_usart.o
       328         28          0          0          0     269969   system_stm32f10x.o

    ----------------------------------------------------------------------
     29932       3560        864        308      44008     611033   Object Totals
         0          0         32          0          0          0   (incl. Generated)
        34          0          0          3          6          0   (incl. Padding)

    ----------------------------------------------------------------------

      Code (inc. data)   RO Data    RW Data    ZI Data      Debug   Library Member Name

        86          0          0          0          0          0   __dczerorl2.o
         0          0          0          0          0          0   entry.o
         0          0          0          0          0          0   entry10a.o
         0          0          0          0          0          0   entry11a.o
         8          4          0          0          0          0   entry2.o
         4          0          0          0          0          0   entry5.o
         0          0          0          0          0          0   entry7b.o
         0          0          0          0          0          0   entry8b.o
         8          4          0          0          0          0   entry9a.o
        30          0          0          0          0          0   handlers.o
        36          8          0          0          0         68   init.o
         0          0          0          0          0          0   iusefp.o
        30          0          0          0          0         68   llshl.o
        36          0          0          0          0         68   llsshr.o
        32          0          0          0          0         68   llushr.o
        36          0          0          0          0        108   memseta.o
      2276         96          0          0          0        596   printfa.o
         0          0          0          4          0          0   stdout.o
        36          0          0          0          0         80   strstr.o
        44          0          0          0          0         80   uidiv.o
        98          0          0          0          0         92   uldiv.o
        48          0          0          0          0         68   cdrcmple.o
        56          0          0          0          0         88   d2f.o
       334          0          0          0          0        148   dadd.o
       222          0          0          0          0        100   ddiv.o
       186          0          0          0          0        176   depilogue.o
        50          0          0          0          0         76   dfixui.o
        48          0          0          0          0         68   dfixul.o
        34          0          0          0          0         76   dflti.o
        26          0          0          0          0         76   dfltui.o
       228          0          0          0          0         96   dmul.o
        38          0          0          0          0         68   f2d.o
       176          0          0          0          0        140   fadd.o
       124          0          0          0          0         88   fdiv.o
       110          0          0          0          0        168   fepilogue.o
        50          0          0          0          0         68   ffixi.o
        10          0          0          0          0         68   ffltui.o
       100          0          0          0          0         76   fmul.o

    ----------------------------------------------------------------------
      4604        112          0          4          0       2876   Library Totals
         4          0          0          0          0          0   (incl. Padding)

    ----------------------------------------------------------------------

      Code (inc. data)   RO Data    RW Data    ZI Data      Debug   Library Name

      2760        112          0          4          0       1228   mc_w.l
      1840          0          0          0          0       1648   mf_w.l

    ----------------------------------------------------------------------
      4604        112          0          4          0       2876   Library Totals

    ----------------------------------------------------------------------

==============================================================================


      Code (inc. data)   RO Data    RW Data    ZI Data      Debug   

     34536       3672        864        312      44008     600517   Grand Totals
     34536       3672        864         24      44008     600517   ELF Image Totals (compressed)
     34536       3672        864         24          0          0   ROM Totals

==============================================================================

    Total RO  Size (Code + RO Data)                35400 (  34.57kB)
    Total RW  Size (RW Data + ZI Data)             44320 (  43.28kB)
    Total ROM Size (Code + RO Data + RW Data)      35424 (  34.59kB)

==============================================================================

