Component: ARM Compiler 5.06 update 1 (build 61) Tool: armlink [4d35a8]

==============================================================================

Section Cross References

    startup_stm32f10x_hd.o(RESET) refers to startup_stm32f10x_hd.o(STACK) for __initial_sp
    startup_stm32f10x_hd.o(RESET) refers to startup_stm32f10x_hd.o(.text) for Reset_Handler
    startup_stm32f10x_hd.o(RESET) refers to stm32f10x_it.o(i.NMI_Handler) for NMI_Handler
    startup_stm32f10x_hd.o(RESET) refers to stm32f10x_it.o(i.HardFault_Handler) for HardFault_Handler
    startup_stm32f10x_hd.o(RESET) refers to stm32f10x_it.o(i.MemManage_Handler) for MemManage_Handler
    startup_stm32f10x_hd.o(RESET) refers to stm32f10x_it.o(i.BusFault_Handler) for BusFault_Handler
    startup_stm32f10x_hd.o(RESET) refers to stm32f10x_it.o(i.UsageFault_Handler) for UsageFault_Handler
    startup_stm32f10x_hd.o(RESET) refers to stm32f10x_it.o(i.SVC_Handler) for SVC_Handler
    startup_stm32f10x_hd.o(RESET) refers to stm32f10x_it.o(i.DebugMon_Handler) for DebugMon_Handler
    startup_stm32f10x_hd.o(RESET) refers to os_cpu_a.o(CODE) for OS_CPU_PendSVHandler
    startup_stm32f10x_hd.o(RESET) refers to os_cpu_c.o(i.OS_CPU_SysTickHandler) for OS_CPU_SysTickHandler
    startup_stm32f10x_hd.o(RESET) refers to stm32f10x_it.o(i.EXTI2_IRQHandler) for EXTI2_IRQHandler
    startup_stm32f10x_hd.o(RESET) refers to stm32f10x_it.o(i.EXTI4_IRQHandler) for EXTI4_IRQHandler
    startup_stm32f10x_hd.o(RESET) refers to stm32f10x_it.o(i.ADC1_2_IRQHandler) for ADC1_2_IRQHandler
    startup_stm32f10x_hd.o(RESET) refers to stm32f10x_it.o(i.EXTI9_5_IRQHandler) for EXTI9_5_IRQHandler
    startup_stm32f10x_hd.o(RESET) refers to stm32f10x_it.o(i.TIM3_IRQHandler) for TIM3_IRQHandler
    startup_stm32f10x_hd.o(RESET) refers to stm32f10x_it.o(i.USART2_IRQHandler) for USART2_IRQHandler
    startup_stm32f10x_hd.o(RESET) refers to stm32f10x_it.o(i.USART3_IRQHandler) for USART3_IRQHandler
    startup_stm32f10x_hd.o(RESET) refers to stm32f10x_it.o(i.TIM8_CC_IRQHandler) for TIM8_CC_IRQHandler
    startup_stm32f10x_hd.o(.text) refers to system_stm32f10x.o(i.SystemInit) for SystemInit
    startup_stm32f10x_hd.o(.text) refers to entry.o(.ARM.Collect$$$$00000000) for __main
    system_stm32f10x.o(i.SetSysClock) refers to system_stm32f10x.o(i.SetSysClockTo72) for SetSysClockTo72
    system_stm32f10x.o(i.SystemCoreClockUpdate) refers to system_stm32f10x.o(.data) for SystemCoreClock
    system_stm32f10x.o(i.SystemInit) refers to system_stm32f10x.o(i.SetSysClock) for SetSysClock
    stm32f10x_adc.o(i.ADC_DeInit) refers to stm32f10x_rcc.o(i.RCC_APB2PeriphResetCmd) for RCC_APB2PeriphResetCmd
    stm32f10x_bkp.o(i.BKP_DeInit) refers to stm32f10x_rcc.o(i.RCC_BackupResetCmd) for RCC_BackupResetCmd
    stm32f10x_can.o(i.CAN_DeInit) refers to stm32f10x_rcc.o(i.RCC_APB1PeriphResetCmd) for RCC_APB1PeriphResetCmd
    stm32f10x_can.o(i.CAN_GetITStatus) refers to stm32f10x_can.o(i.CheckITStatus) for CheckITStatus
    stm32f10x_cec.o(i.CEC_DeInit) refers to stm32f10x_rcc.o(i.RCC_APB1PeriphResetCmd) for RCC_APB1PeriphResetCmd
    stm32f10x_dac.o(i.DAC_DeInit) refers to stm32f10x_rcc.o(i.RCC_APB1PeriphResetCmd) for RCC_APB1PeriphResetCmd
    stm32f10x_flash.o(i.FLASH_EnableWriteProtection) refers to stm32f10x_flash.o(i.FLASH_WaitForLastOperation) for FLASH_WaitForLastOperation
    stm32f10x_flash.o(i.FLASH_EraseAllBank1Pages) refers to stm32f10x_flash.o(i.FLASH_WaitForLastBank1Operation) for FLASH_WaitForLastBank1Operation
    stm32f10x_flash.o(i.FLASH_EraseAllPages) refers to stm32f10x_flash.o(i.FLASH_WaitForLastOperation) for FLASH_WaitForLastOperation
    stm32f10x_flash.o(i.FLASH_EraseOptionBytes) refers to stm32f10x_flash.o(i.FLASH_GetReadOutProtectionStatus) for FLASH_GetReadOutProtectionStatus
    stm32f10x_flash.o(i.FLASH_EraseOptionBytes) refers to stm32f10x_flash.o(i.FLASH_WaitForLastOperation) for FLASH_WaitForLastOperation
    stm32f10x_flash.o(i.FLASH_ErasePage) refers to stm32f10x_flash.o(i.FLASH_WaitForLastOperation) for FLASH_WaitForLastOperation
    stm32f10x_flash.o(i.FLASH_ProgramHalfWord) refers to stm32f10x_flash.o(i.FLASH_WaitForLastOperation) for FLASH_WaitForLastOperation
    stm32f10x_flash.o(i.FLASH_ProgramOptionByteData) refers to stm32f10x_flash.o(i.FLASH_WaitForLastOperation) for FLASH_WaitForLastOperation
    stm32f10x_flash.o(i.FLASH_ProgramWord) refers to stm32f10x_flash.o(i.FLASH_WaitForLastOperation) for FLASH_WaitForLastOperation
    stm32f10x_flash.o(i.FLASH_ReadOutProtection) refers to stm32f10x_flash.o(i.FLASH_WaitForLastOperation) for FLASH_WaitForLastOperation
    stm32f10x_flash.o(i.FLASH_UserOptionByteConfig) refers to stm32f10x_flash.o(i.FLASH_WaitForLastOperation) for FLASH_WaitForLastOperation
    stm32f10x_flash.o(i.FLASH_WaitForLastBank1Operation) refers to stm32f10x_flash.o(i.FLASH_GetBank1Status) for FLASH_GetBank1Status
    stm32f10x_flash.o(i.FLASH_WaitForLastOperation) refers to stm32f10x_flash.o(i.FLASH_GetBank1Status) for FLASH_GetBank1Status
[...]
    RTCAlarm_IRQHandler                      0x0800015f   Thumb Code     0  startup_stm32f10x_hd.o(.text)
    RTC_IRQHandler                           0x0800015f   Thumb Code     0  startup_stm32f10x_hd.o(.text)
    SDIO_IRQHandler                          0x0800015f   Thumb Code     0  startup_stm32f10x_hd.o(.text)
    SPI1_IRQHandler                          0x0800015f   Thumb Code     0  startup_stm32f10x_hd.o(.text)
    SPI2_IRQHandler                          0x0800015f   Thumb Code     0  startup_stm32f10x_hd.o(.text)
    SPI3_IRQHandler                          0x0800015f   Thumb Code     0  startup_stm32f10x_hd.o(.text)
    TAMPER_IRQHandler                        0x0800015f   Thumb Code     0  startup_stm32f10x_hd.o(.text)
    TIM1_BRK_IRQHandler                      0x0800015f   Thumb Code     0  startup_stm32f10x_hd.o(.text)
    TIM1_CC_IRQHandler                       0x0800015f   Thumb Code     0  startup_stm32f10x_hd.o(.text)
    TIM1_TRG_COM_IRQHandler                  0x0800015f   Thumb Code     0  startup_stm32f10x_hd.o(.text)
    TIM1_UP_IRQHandler                       0x0800015f   Thumb Code     0  startup_stm32f10x_hd.o(.text)
    TIM2_IRQHandler                          0x0800015f   Thumb Code     0  startup_stm32f10x_hd.o(.text)
    TIM4_IRQHandler                          0x0800015f   Thumb Code     0  startup_stm32f10x_hd.o(.text)
    TIM5_IRQHandler                          0x0800015f   Thumb Code     0  startup_stm32f10x_hd.o(.text)
    TIM6_IRQHandler                          0x0800015f   Thumb Code     0  startup_stm32f10x_hd.o(.text)
    TIM7_IRQHandler                          0x0800015f   Thumb Code     0  startup_stm32f10x_hd.o(.text)
    TIM8_BRK_IRQHandler                      0x0800015f   Thumb Code     0  startup_stm32f10x_hd.o(.text)
    TIM8_TRG_COM_IRQHandler                  0x0800015f   Thumb Code     0  startup_stm32f10x_hd.o(.text)
    TIM8_UP_IRQHandler                       0x0800015f   Thumb Code     0  startup_stm32f10x_hd.o(.text)
    UART4_IRQHandler                         0x0800015f   Thumb Code     0  startup_stm32f10x_hd.o(.text)
    UART5_IRQHandler                         0x0800015f   Thumb Code     0  startup_stm32f10x_hd.o(.text)
    USART1_IRQHandler                        0x0800015f   Thumb Code     0  startup_stm32f10x_hd.o(.text)
    USBWakeUp_IRQHandler                     0x0800015f   Thumb Code     0  startup_stm32f10x_hd.o(.text)
    USB_HP_CAN1_TX_IRQHandler                0x0800015f   Thumb Code     0  startup_stm32f10x_hd.o(.text)
    USB_LP_CAN1_RX0_IRQHandler               0x0800015f   Thumb Code     0  startup_stm32f10x_hd.o(.text)
    WWDG_IRQHandler                          0x0800015f   Thumb Code     0  startup_stm32f10x_hd.o(.text)
    CPU_IntDis                               0x08000169   Thumb Code     0  cpu_a.o(.text)
    CPU_IntEn                                0x0800016d   Thumb Code     0  cpu_a.o(.text)
    CPU_SR_Save                              0x08000171   Thumb Code     0  cpu_a.o(.text)
    CPU_SR_Restore                           0x08000179   Thumb Code     0  cpu_a.o(.text)
    CPU_WaitForInt                           0x0800017f   Thumb Code     0  cpu_a.o(.text)
    CPU_WaitForExcept                        0x08000183   Thumb Code     0  cpu_a.o(.text)
    CPU_CntLeadZeros                         0x08000187   Thumb Code     0  cpu_a.o(.text)
    CPU_CntTrailZeros                        0x0800018d   Thumb Code     0  cpu_a.o(.text)
    CPU_RevBits                              0x08000197   Thumb Code     0  cpu_a.o(.text)
    __aeabi_memset                           0x0800019d   Thumb Code    14  memseta.o(.text)
    __aeabi_memset4                          0x0800019d   Thumb Code     0  memseta.o(.text)
    __aeabi_memset8                          0x0800019d   Thumb Code     0  memseta.o(.text)
    __aeabi_memclr                           0x080001ab   Thumb Code     4  memseta.o(.text)
    __aeabi_memclr4                          0x080001ab   Thumb Code     0  memseta.o(.text)
    __aeabi_memclr8                          0x080001ab   Thumb Code     0  memseta.o(.text)
    _memset$wrapper                          0x080001af   Thumb Code    18  memseta.o(.text)
    strstr                                   0x080001c1   Thumb Code    36  strstr.o(.text)
    __aeabi_fadd                             0x080001e5   Thumb Code   164  fadd.o(.text)
    __aeabi_fsub                             0x08000289   Thumb Code     6  fadd.o(.text)
    __aeabi_frsub                            0x0800028f   Thumb Code     6  fadd.o(.text)
    __aeabi_fmul                             0x08000295   Thumb Code   100  fmul.o(.text)
    __aeabi_fdiv                             0x080002f9   Thumb Code   124  fdiv.o(.text)
    __aeabi_dmul                             0x08000375   Thumb Code   228  dmul.o(.text)
    __aeabi_ui2f                             0x08000459   Thumb Code    10  ffltui.o(.text)
    __aeabi_i2d                              0x08000463   Thumb Code    34  dflti.o(.text)
    __aeabi_f2iz                             0x08000485   Thumb Code    50  ffixi.o(.text)
    __aeabi_d2iz                             0x080004b7   Thumb Code    62  dfixi.o(.text)
    __aeabi_f2d                              0x080004f5   Thumb Code    38  f2d.o(.text)
    __aeabi_d2f                              0x0800051b   Thumb Code    56  d2f.o(.text)
    __aeabi_cfcmpeq                          0x08000555   Thumb Code     0  cfcmple.o(.text)
    __aeabi_cfcmple                          0x08000555   Thumb Code    20  cfcmple.o(.text)
    __aeabi_uldivmod                         0x08000569   Thumb Code    98  uldiv.o(.text)
    __aeabi_llsr                             0x080005cb   Thumb Code    32  llushr.o(.text)
    _ll_ushift_r                             0x080005cb   Thumb Code     0  llushr.o(.text)
    __I$use$fp                               0x080005eb   Thumb Code     0  iusefp.o(.text)
    _float_round                             0x080005eb   Thumb Code    18  fepilogue.o(.text)
    _float_epilogue                          0x080005fd   Thumb Code    92  fepilogue.o(.text)
    _double_round                            0x08000659   Thumb Code    30  depilogue.o(.text)
    _double_epilogue                         0x08000677   Thumb Code   156  depilogue.o(.text)
    __scatterload                            0x08000715   Thumb Code    28  init.o(.text)
    __scatterload_rt2                        0x08000715   Thumb Code     0  init.o(.text)
    __aeabi_llsl                             0x08000739   Thumb Code    30  llshl.o(.text)
    _ll_shift_l                              0x08000739   Thumb Code     0  llshl.o(.text)
    __decompress                             0x08000757   Thumb Code     0  __dczerorl.o(.text)
    __decompress0                            0x08000757   Thumb Code    58  __dczerorl.o(.text)
    OSStartHighRdy                           0x08000791   Thumb Code     0  os_cpu_a.o(CODE)
    OS_CPU_PendSVHandler                     0x080007b3   Thumb Code     0  os_cpu_a.o(CODE)
    ADC1_2_IRQHandler                        0x08000815   Thumb Code    38  stm32f10x_it.o(i.ADC1_2_IRQHandler)
    ADC_ClearITPendingBit                    0x08000845   Thumb Code    10  stm32f10x_adc.o(i.ADC_ClearITPendingBit)
    ADC_Cmd                                  0x0800084f   Thumb Code    22  stm32f10x_adc.o(i.ADC_Cmd)
    ADC_GetCalibrationStatus                 0x08000865   Thumb Code    20  stm32f10x_adc.o(i.ADC_GetCalibrationStatus)
    ADC_GetConversionValue                   0x08000879   Thumb Code     8  stm32f10x_adc.o(i.ADC_GetConversionValue)
    ADC_GetITStatus                          0x08000881   Thumb Code    36  stm32f10x_adc.o(i.ADC_GetITStatus)
    ADC_GetResetCalibrationStatus            0x080008a5   Thumb Code    20  stm32f10x_adc.o(i.ADC_GetResetCalibrationStatus)
    ADC_ITConfig                             0x080008b9   Thumb Code    24  stm32f10x_adc.o(i.ADC_ITConfig)
    ADC_Init                                 0x080008d1   Thumb Code    70  stm32f10x_adc.o(i.ADC_Init)
    ADC_RegularChannelConfig                 0x08000947   Thumb Code   184  stm32f10x_adc.o(i.ADC_RegularChannelConfig)
    ADC_ResetCalibration                     0x080009ff   Thumb Code    10  stm32f10x_adc.o(i.ADC_ResetCalibration)
    ADC_SoftwareStartConvCmd                 0x08000a09   Thumb Code    22  stm32f10x_adc.o(i.ADC_SoftwareStartConvCmd)
    ADC_StartCalibration                     0x08000a1f   Thumb Code    10  stm32f10x_adc.o(i.ADC_StartCalibration)
    ADCx_Init                                0x08000a4d   Thumb Code    16  bsp_adc.o(i.ADCx_Init)
    ADVANCE_TIM_Init                         0x08000b11   Thumb Code    16  bsp_advancetim.o(i.ADVANCE_TIM_Init)
    BSP_CPU_ClkFreq                          0x08000e87   Thumb Code    16  bsp.o(i.BSP_CPU_ClkFreq)
    BSP_Init                                 0x08000e99   Thumb Code    54  bsp.o(i.BSP_Init)
    BusFault_Handler                         0x08000ee1   Thumb Code     4  stm32f10x_it.o(i.BusFault_Handler)
    CPU_Init                                 0x08000ee5   Thumb Code    16  cpu_core.o(i.CPU_Init)
    CPU_IntDisMeasMaxCurGet                  0x08000f95   Thumb Code    40  cpu_core.o(i.CPU_IntDisMeasMaxCurGet)
    CPU_IntDisMeasMaxCurReset                0x08000fc1   Thumb Code    40  cpu_core.o(i.CPU_IntDisMeasMaxCurReset)
    CPU_IntDisMeasMaxGet                     0x08000fed   Thumb Code    40  cpu_core.o(i.CPU_IntDisMeasMaxGet)
    CPU_IntDisMeasStart                      0x08001019   Thumb Code    38  cpu_core.o(i.CPU_IntDisMeasStart)
    CPU_IntDisMeasStop                       0x0800104d   Thumb Code    62  cpu_core.o(i.CPU_IntDisMeasStop)
    CPU_NameClr                              0x080010a1   Thumb Code    50  cpu_core.o(i.CPU_NameClr)
    CPU_TS_TmrFreqSet                        0x080010f5   Thumb Code     6  cpu_core.o(i.CPU_TS_TmrFreqSet)
    CPU_TS_TmrInit                           0x08001101   Thumb Code    44  bsp.o(i.CPU_TS_TmrInit)
    CPU_TS_TmrRd                             0x08001135   Thumb Code     6  bsp.o(i.CPU_TS_TmrRd)
    DS18B20_GetTemp_SkipRom                  0x0800116d   Thumb Code   108  bsp_ds18b20.o(i.DS18B20_GetTemp_SkipRom)
    DS18B20_Init                             0x080011dd   Thumb Code    24  bsp_ds18b20.o(i.DS18B20_Init)
    Data_485                                 0x08001389   Thumb Code    48  bsp_task.o(i.Data_485)
    DebugMon_Handler                         0x080013b9   Thumb Code     2  stm32f10x_it.o(i.DebugMon_Handler)
    Delay_Tim5_Init                          0x080013bd   Thumb Code    76  bsp_tim.o(i.Delay_Tim5_Init)
    Delay_us                                 0x0800140d   Thumb Code    64  bsp_tim.o(i.Delay_us)
    ESP8266_Cmd                              0x08001451   Thumb Code   164  bsp_esp8266.o(i.ESP8266_Cmd)
    ESP8266_Enable_MultipleId                0x08001509   Thumb Code    42  bsp_esp8266.o(i.ESP8266_Enable_MultipleId)
    ESP8266_ExitUnvarnishSend                0x08001549   Thumb Code    52  bsp_esp8266.o(i.ESP8266_ExitUnvarnishSend)
    ESP8266_Get_LinkStatus                   0x080015c9   Thumb Code    64  bsp_esp8266.o(i.ESP8266_Get_LinkStatus)
    ESP8266_Init                             0x08001645   Thumb Code    32  bsp_esp8266.o(i.ESP8266_Init)
    ESP8266_JoinAP                           0x08001669   Thumb Code    48  bsp_esp8266.o(i.ESP8266_JoinAP)
    ESP8266_Link_Server                      0x080016b1   Thumb Code   110  bsp_esp8266.o(i.ESP8266_Link_Server)
    ESP8266_Net_Mode_Choose                  0x08001771   Thumb Code    68  bsp_esp8266.o(i.ESP8266_Net_Mode_Choose)
    ESP8266_SendString                       0x080017e9   Thumb Code   102  bsp_esp8266.o(i.ESP8266_SendString)
    ESP8266_UnvarnishSend                    0x0800194d   Thumb Code    38  bsp_esp8266.o(i.ESP8266_UnvarnishSend)
    EXTI2_IRQHandler                         0x08001999   Thumb Code    52  stm32f10x_it.o(i.EXTI2_IRQHandler)
    EXTI4_IRQHandler                         0x080019d9   Thumb Code    54  stm32f10x_it.o(i.EXTI4_IRQHandler)
    EXTI9_5_IRQHandler                       0x08001a1d   Thumb Code    54  stm32f10x_it.o(i.EXTI9_5_IRQHandler)
    EXTI_ClearITPendingBit                   0x08001a6d   Thumb Code     6  stm32f10x_exti.o(i.EXTI_ClearITPendingBit)
    EXTI_GetITStatus                         0x08001a79   Thumb Code    34  stm32f10x_exti.o(i.EXTI_GetITStatus)
    EXTI_Init                                0x08001aa1   Thumb Code   142  stm32f10x_exti.o(i.EXTI_Init)
    EXTI_LIGHT_Config                        0x08001b35   Thumb Code    80  bsp_light_exit.o(i.EXTI_LIGHT_Config)
    Electricity_monitoring                   0x08001b89   Thumb Code   136  bsp_task.o(i.Electricity_monitoring)
    GPIO_AFIODeInit                          0x08001c31   Thumb Code    20  stm32f10x_gpio.o(i.GPIO_AFIODeInit)
    GPIO_EXTILineConfig                      0x08001c45   Thumb Code    60  stm32f10x_gpio.o(i.GPIO_EXTILineConfig)
    GPIO_Init                                0x08001c85   Thumb Code   278  stm32f10x_gpio.o(i.GPIO_Init)
    GPIO_PinRemapConfig                      0x08001d9d   Thumb Code   138  stm32f10x_gpio.o(i.GPIO_PinRemapConfig)
    GPIO_ReadInputDataBit                    0x08001e2d   Thumb Code    18  stm32f10x_gpio.o(i.GPIO_ReadInputDataBit)
    GPIO_ResetBits                           0x08001e3f   Thumb Code     4  stm32f10x_gpio.o(i.GPIO_ResetBits)
    GPIO_SetBits                             0x08001e43   Thumb Code     4  stm32f10x_gpio.o(i.GPIO_SetBits)
    HardFault_Handler                        0x08001e47   Thumb Code     4  stm32f10x_it.o(i.HardFault_Handler)
    HexToStr                                 0x08001e4b   Thumb Code   118  bsp_agreement.o(i.HexToStr)
    I2C_Cmd                                  0x08001ec1   Thumb Code    24  stm32f10x_i2c.o(i.I2C_Cmd)
    I2C_EE_Init                              0x08001ed9   Thumb Code    18  bsp_i2c_ee.o(i.I2C_EE_Init)
    I2C_Init                                 0x08001f3d   Thumb Code   222  stm32f10x_i2c.o(i.I2C_Init)
    LED_Init                                 0x08002111   Thumb Code    62  bsp_led.o(i.LED_Init)
    Link_start                               0x08002159   Thumb Code   478  bsp_task.o(i.Link_start)
    MemManage_Handler                        0x0800245d   Thumb Code     4  stm32f10x_it.o(i.MemManage_Handler)
    Mem_Clr                                  0x08002461   Thumb Code    18  lib_mem.o(i.Mem_Clr)
    Mem_Init                                 0x08002475   Thumb Code    54  lib_mem.o(i.Mem_Init)
    Mem_Set                                  0x080024bd   Thumb Code    98  lib_mem.o(i.Mem_Set)
    Motor_Speed_Set                          0x08002521   Thumb Code    42  bsp_tim_pwm.o(i.Motor_Speed_Set)
    NMI_Handler                              0x08002565   Thumb Code     2  stm32f10x_it.o(i.NMI_Handler)
    NVIC_Init                                0x080025b9   Thumb Code   100  misc.o(i.NVIC_Init)
    NVIC_PriorityGroupConfig                 0x08002655   Thumb Code    10  misc.o(i.NVIC_PriorityGroupConfig)
    OSCfg_Init                               0x08002669   Thumb Code     2  os_cfg_app.o(i.OSCfg_Init)
    OSIdleTaskHook                           0x0800266d   Thumb Code    16  os_cpu_c.o(i.OSIdleTaskHook)
    OSInit                                   0x08002681   Thumb Code   300  os_core.o(i.OSInit)
    OSInitHook                               0x0800280d   Thumb Code    42  os_cpu_c.o(i.OSInitHook)
    OSIntExit                                0x08002845   Thumb Code   192  os_core.o(i.OSIntExit)
    OSSched                                  0x08002929   Thumb Code   134  os_core.o(i.OSSched)
    OSSchedLock                              0x080029d1   Thumb Code   112  os_core.o(i.OSSchedLock)
    OSSchedUnlock                            0x08002a4d   Thumb Code   148  os_core.o(i.OSSchedUnlock)
    OSStart                                  0x08002aed   Thumb Code    78  os_core.o(i.OSStart)
    OSStatReset                              0x08002b55   Thumb Code   316  os_stat.o(i.OSStatReset)
    OSStatTaskCPUUsageInit                   0x08002cbd   Thumb Code   228  os_stat.o(i.OSStatTaskCPUUsageInit)
    OSStatTaskHook                           0x08002dbd   Thumb Code    16  os_cpu_c.o(i.OSStatTaskHook)
    OSTaskCreate                             0x08002dd1   Thumb Code   624  os_task.o(i.OSTaskCreate)
    OSTaskCreateHook                         0x08003065   Thumb Code    20  os_cpu_c.o(i.OSTaskCreateHook)
    OSTaskDel                                0x0800307d   Thumb Code   490  os_task.o(i.OSTaskDel)
    OSTaskDelHook                            0x08003285   Thumb Code    20  os_cpu_c.o(i.OSTaskDelHook)
    OSTaskResume                             0x0800329d   Thumb Code   124  os_task.o(i.OSTaskResume)
    OSTaskReturnHook                         0x08003325   Thumb Code    20  os_cpu_c.o(i.OSTaskReturnHook)
    OSTaskSemPend                            0x0800333d   Thumb Code   578  os_task.o(i.OSTaskSemPend)
    OSTaskStkChk                             0x0800358d   Thumb Code   220  os_task.o(i.OSTaskStkChk)
    OSTaskStkInit                            0x08003671   Thumb Code   188  os_cpu_c.o(i.OSTaskStkInit)
    OSTaskSuspend                            0x08003731   Thumb Code    78  os_task.o(i.OSTaskSuspend)
    OSTaskSwHook                             0x08003791   Thumb Code   146  os_cpu_c.o(i.OSTaskSwHook)
    OSTimeDly                                0x08003835   Thumb Code   322  os_time.o(i.OSTimeDly)
    OSTimeDlyHMSM                            0x08003985   Thumb Code   538  os_time.o(i.OSTimeDlyHMSM)
    OSTimeTick                               0x08003bb1   Thumb Code    54  os_time.o(i.OSTimeTick)
    OSTimeTickHook                           0x08003bf5   Thumb Code    16  os_cpu_c.o(i.OSTimeTickHook)
    OS_CPU_SysTickHandler                    0x08003c09   Thumb Code    60  os_cpu_c.o(i.OS_CPU_SysTickHandler)
    OS_CPU_SysTickInit                       0x08003c49   Thumb Code    44  os_cpu_c.o(i.OS_CPU_SysTickInit)
    OS_Dbg_Init                              0x08003c79   Thumb Code   150  os_dbg.o(i.OS_Dbg_Init)
    OS_FlagInit                              0x08003e2d   Thumb Code    14  os_flag.o(i.OS_FlagInit)
    OS_FlagPost                              0x08003e45   Thumb Code   626  os_flag.o(i.OS_FlagPost)
    OS_FlagTaskRdy                           0x080040c1   Thumb Code    86  os_flag.o(i.OS_FlagTaskRdy)
    OS_IdleTask                              0x08004119   Thumb Code    68  os_core.o(i.OS_IdleTask)
    OS_IdleTaskInit                          0x08004165   Thumb Code    66  os_core.o(i.OS_IdleTaskInit)
    OS_IntQPost                              0x080041d5   Thumb Code   224  os_int.o(i.OS_IntQPost)
    OS_IntQRePost                            0x080042d9   Thumb Code   360  os_int.o(i.OS_IntQRePost)
    OS_IntQTask                              0x0800447d   Thumb Code   182  os_int.o(i.OS_IntQTask)
    OS_IntQTaskInit                          0x08004545   Thumb Code   206  os_int.o(i.OS_IntQTaskInit)
    OS_MemInit                               0x0800466d   Thumb Code    14  os_mem.o(i.OS_MemInit)
    OS_MsgPoolInit                           0x08004685   Thumb Code   110  os_msg.o(i.OS_MsgPoolInit)
    OS_MsgQFreeAll                           0x08004701   Thumb Code    62  os_msg.o(i.OS_MsgQFreeAll)
    OS_MsgQInit                              0x08004745   Thumb Code    14  os_msg.o(i.OS_MsgQInit)
    OS_MsgQPut                               0x08004755   Thumb Code   254  os_msg.o(i.OS_MsgQPut)
    OS_MutexInit                             0x08004859   Thumb Code    14  os_mutex.o(i.OS_MutexInit)
    OS_Pend                                  0x08004871   Thumb Code    98  os_core.o(i.OS_Pend)
    OS_PendDataInit                          0x080048d9   Thumb Code    38  os_core.o(i.OS_PendDataInit)
    OS_PendDbgNameAdd                        0x08004901   Thumb Code    66  os_core.o(i.OS_PendDbgNameAdd)
    OS_PendDbgNameRemove                     0x0800495d   Thumb Code    30  os_core.o(i.OS_PendDbgNameRemove)
    OS_PendListInsertPrio                    0x08004981   Thumb Code   102  os_core.o(i.OS_PendListInsertPrio)
    OS_PendListRemove                        0x080049e7   Thumb Code    48  os_core.o(i.OS_PendListRemove)
    OS_PendListRemove1                       0x08004a17   Thumb Code    66  os_core.o(i.OS_PendListRemove1)
    OS_Post                                  0x08004a59   Thumb Code   192  os_core.o(i.OS_Post)
    OS_Post1                                 0x08004b19   Thumb Code    42  os_core.o(i.OS_Post1)
    OS_PrioGetHighest                        0x08004b45   Thumb Code    36  os_prio.o(i.OS_PrioGetHighest)
    OS_PrioInit                              0x08004b6d   Thumb Code    20  os_prio.o(i.OS_PrioInit)
    OS_PrioInsert                            0x08004b85   Thumb Code    32  os_prio.o(i.OS_PrioInsert)
    OS_PrioRemove                            0x08004ba9   Thumb Code    32  os_prio.o(i.OS_PrioRemove)
    OS_QInit                                 0x08004bcd   Thumb Code    14  os_q.o(i.OS_QInit)
    OS_QPost                                 0x08004be5   Thumb Code   382  os_q.o(i.OS_QPost)
    OS_RdyListInit                           0x08004d6d   Thumb Code    32  os_core.o(i.OS_RdyListInit)
    OS_RdyListInsert                         0x08004d91   Thumb Code    40  os_core.o(i.OS_RdyListInsert)
    OS_RdyListInsertHead                     0x08004dbd   Thumb Code    58  os_core.o(i.OS_RdyListInsertHead)
    OS_RdyListInsertTail                     0x08004dfd   Thumb Code    56  os_core.o(i.OS_RdyListInsertTail)
    OS_RdyListMoveHeadToTail                 0x08004e39   Thumb Code    68  os_core.o(i.OS_RdyListMoveHeadToTail)
    OS_RdyListRemove                         0x08004e7d   Thumb Code    86  os_core.o(i.OS_RdyListRemove)
    OS_Sched0                                0x08004ed9   Thumb Code    72  os_core.o(i.OS_Sched0)
    OS_SchedLockTimeMeasStart                0x08004f35   Thumb Code    20  os_core.o(i.OS_SchedLockTimeMeasStart)
    OS_SchedLockTimeMeasStop                 0x08004f51   Thumb Code    44  os_core.o(i.OS_SchedLockTimeMeasStop)
    OS_SchedRoundRobin                       0x08004f8d   Thumb Code   218  os_core.o(i.OS_SchedRoundRobin)
    OS_SemInit                               0x08005079   Thumb Code    14  os_sem.o(i.OS_SemInit)
    OS_SemPost                               0x08005091   Thumb Code   404  os_sem.o(i.OS_SemPost)
    OS_StatTask                              0x08005229   Thumb Code   878  os_stat.o(i.OS_StatTask)
    OS_StatTaskInit                          0x080055e1   Thumb Code   136  os_stat.o(i.OS_StatTaskInit)
    OS_TaskBlock                             0x080056ad   Thumb Code    56  os_core.o(i.OS_TaskBlock)
    OS_TaskDbgListAdd                        0x080056e5   Thumb Code    42  os_task.o(i.OS_TaskDbgListAdd)
    OS_TaskDbgListRemove                     0x08005715   Thumb Code    64  os_task.o(i.OS_TaskDbgListRemove)
    OS_TaskInit                              0x08005759   Thumb Code    18  os_task.o(i.OS_TaskInit)
    OS_TaskInitTCB                           0x08005779   Thumb Code   194  os_task.o(i.OS_TaskInitTCB)
    OS_TaskQPost                             0x08005849   Thumb Code   606  os_task.o(i.OS_TaskQPost)
    OS_TaskRdy                               0x08005ab5   Thumb Code    28  os_core.o(i.OS_TaskRdy)
    OS_TaskResume                            0x08005ad1   Thumb Code   374  os_task.o(i.OS_TaskResume)
    OS_TaskReturn                            0x08005c4d   Thumb Code    20  os_task.o(i.OS_TaskReturn)
    OS_TaskSemPost                           0x08005c65   Thumb Code  1438  os_task.o(i.OS_TaskSemPost)
    OS_TaskSuspend                           0x0800620d   Thumb Code   392  os_task.o(i.OS_TaskSuspend)
    OS_TickListInit                          0x0800639d   Thumb Code    32  os_tick.o(i.OS_TickListInit)
    OS_TickListInsert                        0x080063c5   Thumb Code   430  os_tick.o(i.OS_TickListInsert)
    OS_TickListRemove                        0x08006581   Thumb Code    56  os_tick.o(i.OS_TickListRemove)
    OS_TickListResetPeak                     0x080065b9   Thumb Code    28  os_tick.o(i.OS_TickListResetPeak)
    OS_TickListUpdate                        0x080065dd   Thumb Code   520  os_tick.o(i.OS_TickListUpdate)
    OS_TickTask                              0x080067fd   Thumb Code    38  os_tick.o(i.OS_TickTask)
    OS_TickTaskInit                          0x08006829   Thumb Code   128  os_tick.o(i.OS_TickTaskInit)
    OS_TmrInit                               0x080068e1   Thumb Code   206  os_tmr.o(i.OS_TmrInit)
    OS_TmrLink                               0x08006a09   Thumb Code   196  os_tmr.o(i.OS_TmrLink)
    OS_TmrResetPeak                          0x08006ad9   Thumb Code    28  os_tmr.o(i.OS_TmrResetPeak)
    OS_TmrTask                               0x08006afd   Thumb Code   176  os_tmr.o(i.OS_TmrTask)
    OS_TmrUnlink                             0x08006bbd   Thumb Code    72  os_tmr.o(i.OS_TmrUnlink)
    RCC_ADCCLKConfig                         0x08006c0d   Thumb Code    18  stm32f10x_rcc.o(i.RCC_ADCCLKConfig)
    RCC_APB1PeriphClockCmd                   0x08006c25   Thumb Code    26  stm32f10x_rcc.o(i.RCC_APB1PeriphClockCmd)
    RCC_APB2PeriphClockCmd                   0x08006c45   Thumb Code    26  stm32f10x_rcc.o(i.RCC_APB2PeriphClockCmd)
    RCC_APB2PeriphResetCmd                   0x08006c65   Thumb Code    26  stm32f10x_rcc.o(i.RCC_APB2PeriphResetCmd)
    RCC_GetClocksFreq                        0x08006c85   Thumb Code   192  stm32f10x_rcc.o(i.RCC_GetClocksFreq)
    RS485_USART_Config                       0x08006d91   Thumb Code   180  bsp_485.o(i.RS485_USART_Config)
    RS485_Usart_SendArray                    0x08006e51   Thumb Code    92  bsp_485.o(i.RS485_Usart_SendArray)
    RS485_Usart_SendByte                     0x08006eb1   Thumb Code    30  bsp_485.o(i.RS485_Usart_SendByte)
    SVC_Handler                              0x08006ecf   Thumb Code     2  stm32f10x_it.o(i.SVC_Handler)
    Speed_cache                              0x08006fb9   Thumb Code   176  bsp_tim_pwm.o(i.Speed_cache)
    SystemInit                               0x08007079   Thumb Code    78  system_stm32f10x.o(i.SystemInit)
    TIM3_IRQHandler                          0x080071f1   Thumb Code    76  stm32f10x_it.o(i.TIM3_IRQHandler)
    TIM8_CC_IRQHandler                       0x0800724d   Thumb Code    58  stm32f10x_it.o(i.TIM8_CC_IRQHandler)
    TIM_ARRPreloadConfig                     0x08007299   Thumb Code    24  stm32f10x_tim.o(i.TIM_ARRPreloadConfig)
    TIM_ClearITPendingBit                    0x080072b1   Thumb Code     6  stm32f10x_tim.o(i.TIM_ClearITPendingBit)
    TIM_Cmd                                  0x080072b7   Thumb Code    24  stm32f10x_tim.o(i.TIM_Cmd)
    TIM_GetITStatus                          0x080072cf   Thumb Code    34  stm32f10x_tim.o(i.TIM_GetITStatus)
    TIM_ITConfig                             0x080072f1   Thumb Code    18  stm32f10x_tim.o(i.TIM_ITConfig)
    TIM_OC2Init                              0x08007305   Thumb Code   154  stm32f10x_tim.o(i.TIM_OC2Init)
    TIM_OC2PreloadConfig                     0x080073a9   Thumb Code    26  stm32f10x_tim.o(i.TIM_OC2PreloadConfig)
    TIM_PWMIConfig                           0x080073c3   Thumb Code   124  stm32f10x_tim.o(i.TIM_PWMIConfig)
    TIM_SelectInputTrigger                   0x0800743f   Thumb Code    18  stm32f10x_tim.o(i.TIM_SelectInputTrigger)
    TIM_SelectMasterSlaveMode                0x08007451   Thumb Code    18  stm32f10x_tim.o(i.TIM_SelectMasterSlaveMode)
    TIM_SelectSlaveMode                      0x08007463   Thumb Code    18  stm32f10x_tim.o(i.TIM_SelectSlaveMode)
    TIM_SetIC1Prescaler                      0x08007475   Thumb Code    18  stm32f10x_tim.o(i.TIM_SetIC1Prescaler)
    TIM_SetIC2Prescaler                      0x08007487   Thumb Code    26  stm32f10x_tim.o(i.TIM_SetIC2Prescaler)
    TIM_TimeBaseInit                         0x080074a1   Thumb Code   122  stm32f10x_tim.o(i.TIM_TimeBaseInit)
    TIM_TimeBaseStructInit                   0x08007545   Thumb Code    18  stm32f10x_tim.o(i.TIM_TimeBaseStructInit)
    TIMx_Breathing_Init                      0x08007557   Thumb Code    12  bsp_tim_pwm.o(i.TIMx_Breathing_Init)
    USART2_IRQHandler                        0x0800762d   Thumb Code    56  stm32f10x_it.o(i.USART2_IRQHandler)
    USART3_IRQHandler                        0x08007675   Thumb Code   134  stm32f10x_it.o(i.USART3_IRQHandler)
    USART_ClearITPendingBit                  0x08007715   Thumb Code    30  stm32f10x_usart.o(i.USART_ClearITPendingBit)
    USART_Cmd                                0x08007733   Thumb Code    24  stm32f10x_usart.o(i.USART_Cmd)
    USART_Config                             0x0800774d   Thumb Code   136  bsp_usart.o(i.USART_Config)
    USART_GetFlagStatus                      0x080077dd   Thumb Code    26  stm32f10x_usart.o(i.USART_GetFlagStatus)
    USART_GetITStatus                        0x080077f7   Thumb Code    84  stm32f10x_usart.o(i.USART_GetITStatus)
    USART_ITConfig                           0x0800784b   Thumb Code    74  stm32f10x_usart.o(i.USART_ITConfig)
    USART_Init                               0x08007895   Thumb Code   210  stm32f10x_usart.o(i.USART_Init)
    USART_ReceiveData                        0x0800796d   Thumb Code    10  stm32f10x_usart.o(i.USART_ReceiveData)
    USART_SendData                           0x08007977   Thumb Code     8  stm32f10x_usart.o(i.USART_SendData)
    USART_printf                             0x0800797f   Thumb Code   262  bsp_common.o(i.USART_printf)
    UsageFault_Handler                       0x08007a85   Thumb Code     4  stm32f10x_it.o(i.UsageFault_Handler)
    __0printf$8                              0x08007a89   Thumb Code    22  printf8.o(i.__0printf$8)
    __1printf$8                              0x08007a89   Thumb Code     0  printf8.o(i.__0printf$8)
    __2printf                                0x08007a89   Thumb Code     0  printf8.o(i.__0printf$8)
    __0sprintf$8                             0x08007aa9   Thumb Code    34  printf8.o(i.__0sprintf$8)
    __1sprintf$8                             0x08007aa9   Thumb Code     0  printf8.o(i.__0sprintf$8)
    __2sprintf                               0x08007aa9   Thumb Code     0  printf8.o(i.__0sprintf$8)
    __scatterload_copy                       0x08007ad1   Thumb Code    14  handlers.o(i.__scatterload_copy)
    __scatterload_null                       0x08007adf   Thumb Code     2  handlers.o(i.__scatterload_null)
    __scatterload_zeroinit                   0x08007ae1   Thumb Code    14  handlers.o(i.__scatterload_zeroinit)
    crc16                                    0x08007f5d   Thumb Code    38  crc16.o(i.crc16)
    dt_send                                  0x08007f89   Thumb Code   130  bsp_agreement.o(i.dt_send)
    dt_send2                                 0x08008011   Thumb Code   130  bsp_agreement.o(i.dt_send2)
    fputc                                    0x08008099   Thumb Code    32  bsp_usart.o(i.fputc)
    main                                     0x08008121   Thumb Code    68  app.o(i.main)
    modbus_rx                                0x08008181   Thumb Code   122  bsp_task.o(i.modbus_rx)
    modbusrtu_send                           0x08008221   Thumb Code   172  bsp_modbusrtu.o(i.modbusrtu_send)
    real_time_data                           0x080082e9   Thumb Code   372  bsp_task.o(i.real_time_data)
    tcp_Agreement                            0x08008525   Thumb Code  1304  bsp_agreement.o(i.tcp_Agreement)
    OSCfg_IdleTaskStkBasePtr                 0x08008a68   Data           4  os_cfg_app.o(.constdata)
    OSCfg_IdleTaskStkLimit                   0x08008a6c   Data           4  os_cfg_app.o(.constdata)
    OSCfg_IdleTaskStkSize                    0x08008a70   Data           4  os_cfg_app.o(.constdata)
    OSCfg_IdleTaskStkSizeRAM                 0x08008a74   Data           4  os_cfg_app.o(.constdata)
    OSCfg_IntQBasePtr                        0x08008a78   Data           4  os_cfg_app.o(.constdata)
    OSCfg_IntQSize                           0x08008a7c   Data           2  os_cfg_app.o(.constdata)
    OSCfg_IntQSizeRAM                        0x08008a80   Data           4  os_cfg_app.o(.constdata)
    OSCfg_IntQTaskStkBasePtr                 0x08008a84   Data           4  os_cfg_app.o(.constdata)
    OSCfg_IntQTaskStkLimit                   0x08008a88   Data           4  os_cfg_app.o(.constdata)
    OSCfg_IntQTaskStkSize                    0x08008a8c   Data           4  os_cfg_app.o(.constdata)
    OSCfg_IntQTaskStkSizeRAM                 0x08008a90   Data           4  os_cfg_app.o(.constdata)
    OSCfg_ISRStkBasePtr                      0x08008a94   Data           4  os_cfg_app.o(.constdata)
    OSCfg_ISRStkSize                         0x08008a98   Data           4  os_cfg_app.o(.constdata)
    OSCfg_ISRStkSizeRAM                      0x08008a9c   Data           4  os_cfg_app.o(.constdata)
    OSCfg_MsgPoolSize                        0x08008aa0   Data           2  os_cfg_app.o(.constdata)
    OSCfg_MsgPoolSizeRAM                     0x08008aa4   Data           4  os_cfg_app.o(.constdata)
    OSCfg_MsgPoolBasePtr                     0x08008aa8   Data           4  os_cfg_app.o(.constdata)
    OSCfg_StatTaskPrio                       0x08008aac   Data           1  os_cfg_app.o(.constdata)
    OSCfg_StatTaskRate_Hz                    0x08008ab0   Data           4  os_cfg_app.o(.constdata)
    OSCfg_StatTaskStkBasePtr                 0x08008ab4   Data           4  os_cfg_app.o(.constdata)
    OSCfg_StatTaskStkLimit                   0x08008ab8   Data           4  os_cfg_app.o(.constdata)
    OSCfg_StatTaskStkSize                    0x08008abc   Data           4  os_cfg_app.o(.constdata)
    OSCfg_StatTaskStkSizeRAM                 0x08008ac0   Data           4  os_cfg_app.o(.constdata)
    OSCfg_StkSizeMin                         0x08008ac4   Data           4  os_cfg_app.o(.constdata)
    OSCfg_TickRate_Hz                        0x08008ac8   Data           4  os_cfg_app.o(.constdata)
    OSCfg_TickTaskPrio                       0x08008acc   Data           1  os_cfg_app.o(.constdata)
    OSCfg_TickTaskStkBasePtr                 0x08008ad0   Data           4  os_cfg_app.o(.constdata)
    OSCfg_TickTaskStkLimit                   0x08008ad4   Data           4  os_cfg_app.o(.constdata)
    OSCfg_TickTaskStkSize                    0x08008ad8   Data           4  os_cfg_app.o(.constdata)
    OSCfg_TickTaskStkSizeRAM                 0x08008adc   Data           4  os_cfg_app.o(.constdata)
    OSCfg_TickWheelSize                      0x08008ae0   Data           2  os_cfg_app.o(.constdata)
    OSCfg_TickWheelSizeRAM                   0x08008ae4   Data           4  os_cfg_app.o(.constdata)
    OSCfg_TmrTaskPrio                        0x08008ae8   Data           1  os_cfg_app.o(.constdata)
    OSCfg_TmrTaskRate_Hz                     0x08008aec   Data           4  os_cfg_app.o(.constdata)
    OSCfg_TmrTaskStkBasePtr                  0x08008af0   Data           4  os_cfg_app.o(.constdata)
    OSCfg_TmrTaskStkLimit                    0x08008af4   Data           4  os_cfg_app.o(.constdata)
    OSCfg_TmrTaskStkSize                     0x08008af8   Data           4  os_cfg_app.o(.constdata)
    OSCfg_TmrTaskStkSizeRAM                  0x08008afc   Data           4  os_cfg_app.o(.constdata)
    OSCfg_TmrWheelSize                       0x08008b00   Data           2  os_cfg_app.o(.constdata)
    OSCfg_TmrWheelSizeRAM                    0x08008b04   Data           4  os_cfg_app.o(.constdata)
    OSCfg_DataSizeRAM                        0x08008b08   Data           4  os_cfg_app.o(.constdata)
    OSDbg_DbgEn                              0x08008b0c   Data           1  os_dbg.o(.constdata)
    OSDbg_ArgChkEn                           0x08008b0d   Data           1  os_dbg.o(.constdata)
    OSDbg_AppHooksEn                         0x08008b0e   Data           1  os_dbg.o(.constdata)
    OSDbg_EndiannessTest                     0x08008b10   Data           4  os_dbg.o(.constdata)
    OSDbg_CalledFromISRChkEn                 0x08008b14   Data           1  os_dbg.o(.constdata)
    OSDbg_FlagEn                             0x08008b15   Data           1  os_dbg.o(.constdata)
    OSDbg_FlagGrp                            0x08008b18   Data          40  os_dbg.o(.constdata)
    OSDbg_FlagDelEn                          0x08008b40   Data           1  os_dbg.o(.constdata)
    OSDbg_FlagModeClrEn                      0x08008b41   Data           1  os_dbg.o(.constdata)
    OSDbg_FlagPendAbortEn                    0x08008b42   Data           1  os_dbg.o(.constdata)
    OSDbg_FlagGrpSize                        0x08008b44   Data           2  os_dbg.o(.constdata)
    OSDbg_FlagWidth                          0x08008b46   Data           2  os_dbg.o(.constdata)
    OSDbg_IntQ                               0x08008b48   Data           2  os_dbg.o(.constdata)
    OSDbg_ISRPostDeferredEn                  0x08008b4a   Data           1  os_dbg.o(.constdata)
    OSDbg_Mem                                0x08008b4c   Data          32  os_dbg.o(.constdata)
    OSDbg_MemEn                              0x08008b6c   Data           1  os_dbg.o(.constdata)
    OSDbg_MemSize                            0x08008b6e   Data           2  os_dbg.o(.constdata)
    OSDbg_MsgEn                              0x08008b70   Data           1  os_dbg.o(.constdata)
    OSDbg_MsgSize                            0x08008b72   Data           2  os_dbg.o(.constdata)
    OSDbg_MsgPoolSize                        0x08008b74   Data           2  os_dbg.o(.constdata)
    OSDbg_MsgQSize                           0x08008b76   Data           2  os_dbg.o(.constdata)
    OSDbg_Mutex                              0x08008b78   Data          44  os_dbg.o(.constdata)
    OSDbg_MutexEn                            0x08008ba4   Data           1  os_dbg.o(.constdata)
    OSDbg_MutexDelEn                         0x08008ba5   Data           1  os_dbg.o(.constdata)
    OSDbg_MutexPendAbortEn                   0x08008ba6   Data           1  os_dbg.o(.constdata)
    OSDbg_MutexSize                          0x08008ba8   Data           2  os_dbg.o(.constdata)
    OSDbg_ObjTypeChkEn                       0x08008baa   Data           1  os_dbg.o(.constdata)
    OSDbg_PendMultiEn                        0x08008bab   Data           1  os_dbg.o(.constdata)
    OSDbg_PendDataSize                       0x08008bac   Data           2  os_dbg.o(.constdata)
    OSDbg_PendListSize                       0x08008bae   Data           2  os_dbg.o(.constdata)
    OSDbg_PendObjSize                        0x08008bb0   Data           2  os_dbg.o(.constdata)
    OSDbg_PrioMax                            0x08008bb2   Data           2  os_dbg.o(.constdata)
    OSDbg_PrioTblSize                        0x08008bb4   Data           2  os_dbg.o(.constdata)
    OSDbg_PtrSize                            0x08008bb6   Data           2  os_dbg.o(.constdata)
    OSDbg_Q                                  0x08008bb8   Data          48  os_dbg.o(.constdata)
    OSDbg_QEn                                0x08008be8   Data           1  os_dbg.o(.constdata)
    OSDbg_QDelEn                             0x08008be9   Data           1  os_dbg.o(.constdata)
    OSDbg_QFlushEn                           0x08008bea   Data           1  os_dbg.o(.constdata)
    OSDbg_QPendAbortEn                       0x08008beb   Data           1  os_dbg.o(.constdata)
    OSDbg_QSize                              0x08008bec   Data           2  os_dbg.o(.constdata)
    OSDbg_SchedRoundRobinEn                  0x08008bee   Data           1  os_dbg.o(.constdata)
    OSDbg_Sem                                0x08008bf0   Data          40  os_dbg.o(.constdata)
    OSDbg_SemEn                              0x08008c18   Data           1  os_dbg.o(.constdata)
    OSDbg_SemDelEn                           0x08008c19   Data           1  os_dbg.o(.constdata)
    OSDbg_SemPendAbortEn                     0x08008c1a   Data           1  os_dbg.o(.constdata)
    OSDbg_SemSetEn                           0x08008c1b   Data           1  os_dbg.o(.constdata)
    OSDbg_SemSize                            0x08008c1c   Data           2  os_dbg.o(.constdata)
    OSDbg_RdyList                            0x08008c1e   Data           2  os_dbg.o(.constdata)
    OSDbg_RdyListSize                        0x08008c20   Data           4  os_dbg.o(.constdata)
    OSDbg_StkWidth                           0x08008c24   Data           1  os_dbg.o(.constdata)
    OSDbg_StatTaskEn                         0x08008c25   Data           1  os_dbg.o(.constdata)
    OSDbg_StatTaskStkChkEn                   0x08008c26   Data           1  os_dbg.o(.constdata)
    OSDbg_TaskChangePrioEn                   0x08008c27   Data           1  os_dbg.o(.constdata)
    OSDbg_TaskDelEn                          0x08008c28   Data           1  os_dbg.o(.constdata)
    OSDbg_TaskQEn                            0x08008c29   Data           1  os_dbg.o(.constdata)
    OSDbg_TaskQPendAbortEn                   0x08008c2a   Data           1  os_dbg.o(.constdata)
    OSDbg_TaskProfileEn                      0x08008c2b   Data           1  os_dbg.o(.constdata)
    OSDbg_TaskRegTblSize                     0x08008c2c   Data           2  os_dbg.o(.constdata)
    OSDbg_TaskSemPendAbortEn                 0x08008c2e   Data           1  os_dbg.o(.constdata)
    OSDbg_TaskSuspendEn                      0x08008c2f   Data           1  os_dbg.o(.constdata)
    OSDbg_TCBSize                            0x08008c30   Data           2  os_dbg.o(.constdata)
    OSDbg_TickSpokeSize                      0x08008c32   Data           2  os_dbg.o(.constdata)
    OSDbg_TimeDlyHMSMEn                      0x08008c34   Data           1  os_dbg.o(.constdata)
    OSDbg_TimeDlyResumeEn                    0x08008c35   Data           1  os_dbg.o(.constdata)
    OSDbg_TLS_TblSize                        0x08008c36   Data           2  os_dbg.o(.constdata)
    OSDbg_Tmr                                0x08008c38   Data          52  os_dbg.o(.constdata)
    OSDbg_TmrEn                              0x08008c6c   Data           1  os_dbg.o(.constdata)
    OSDbg_TmrDelEn                           0x08008c6d   Data           1  os_dbg.o(.constdata)
    OSDbg_TmrSize                            0x08008c6e   Data           2  os_dbg.o(.constdata)
    OSDbg_TmrSpokeSize                       0x08008c70   Data           2  os_dbg.o(.constdata)
    OSDbg_VersionNbr                         0x08008c72   Data           2  os_dbg.o(.constdata)
    OSDbg_DataSize                           0x08008c74   Data           4  os_dbg.o(.constdata)
    Region$$Table$$Base                      0x08008c78   Number         0  anon$$obj.o(Region$$Table)
    Region$$Table$$Limit                     0x08008c98   Number         0  anon$$obj.o(Region$$Table)
    Speed_cache_flag                         0x20000014   Data           1  stm32f10x_it.o(.data)
    USART2_RX_CNT                            0x20000015   Data           1  stm32f10x_it.o(.data)
    RX485_flag1                              0x20000016   Data           1  stm32f10x_it.o(.data)
    count_value                              0x20000018   Data           2  stm32f10x_it.o(.data)
    count_quan_value                         0x2000001c   Data           4  stm32f10x_it.o(.data)
    Tim_counter                              0x20000020   Data           4  stm32f10x_it.o(.data)
    Motor_Speed_Counter                      0x20000024   Data           4  bsp_tim_pwm.o(.data)
    Motor_Speed_Now                          0x20000028   Data           1  bsp_tim_pwm.o(.data)
    ADC_ConvertedValue                       0x2000002c   Data           2  bsp_adc.o(.data)
    ADC_ConvertedValueLocal                  0x20000030   Data           4  bsp_adc.o(.data)
    vi                                       0x20000034   Data           4  bsp_adc.o(.data)
    err                                      0x20000038   Data           2  bsp_agreement.o(.data)
    S                                        0x2000003c   Data           4  bsp_agreement.o(.data)
    data                                     0x20000040   Data           1  bsp_agreement.o(.data)
    cw                                       0x20000041   Data           1  bsp_agreement.o(.data)
    j                                        0x20000042   Data           1  bsp_agreement.o(.data)
    flag                                     0x20000043   Data           1  bsp_agreement.o(.data)
    flag1                                    0x20000044   Data           1  bsp_agreement.o(.data)
    ucTcpClosedFlag                          0x20000045   Data           1  bsp_agreement.o(.data)
    wifi_link_Status                         0x20000046   Data           1  bsp_agreement.o(.data)
    tcp_link_Status                          0x20000047   Data           1  bsp_agreement.o(.data)
    EEPROM_ADDRESS                           0x20000048   Data           2  bsp_i2c_ee.o(.data)
    crc_16_tab                               0x20000050   Data         512  crc16.o(.data)
    U                                        0x20000250   Data           1  bsp_task.o(.data)
    U_flag                                   0x20000251   Data           1  bsp_task.o(.data)
    CPU_TS_TmrFreq_Hz                        0x20000254   Data           4  cpu_core.o(.data)
    CPU_IntDisMeasCtr                        0x20000258   Data           2  cpu_core.o(.data)
    CPU_IntDisNestCtr                        0x2000025a   Data           2  cpu_core.o(.data)
    CPU_IntDisMeasStart_cnts                 0x2000025c   Data           4  cpu_core.o(.data)
    CPU_IntDisMeasStop_cnts                  0x20000260   Data           4  cpu_core.o(.data)
    CPU_IntDisMeasOvrhd_cnts                 0x20000264   Data           4  cpu_core.o(.data)
    CPU_IntDisMeasMaxCur_cnts                0x20000268   Data           4  cpu_core.o(.data)
    CPU_IntDisMeasMax_cnts                   0x2000026c   Data           4  cpu_core.o(.data)
    Mem_PoolTbl                              0x20000270   Data           4  lib_mem.o(.data)
    OSPrioTbl                                0x20000274   Data           4  os_prio.o(.data)
    OS_AppTaskCreateHookPtr                  0x20000278   Data           4  os_var.o(.data)
    OS_AppTaskDelHookPtr                     0x2000027c   Data           4  os_var.o(.data)
    OS_AppTaskReturnHookPtr                  0x20000280   Data           4  os_var.o(.data)
    OS_AppIdleTaskHookPtr                    0x20000284   Data           4  os_var.o(.data)
    OS_AppStatTaskHookPtr                    0x20000288   Data           4  os_var.o(.data)
    OS_AppTaskSwHookPtr                      0x2000028c   Data           4  os_var.o(.data)
    OS_AppTimeTickHookPtr                    0x20000290   Data           4  os_var.o(.data)
    OSIdleTaskCtr                            0x20000294   Data           4  os_var.o(.data)
    OSIntNestingCtr                          0x20000298   Data           1  os_var.o(.data)
    OSIntDisTimeMax                          0x2000029c   Data           4  os_var.o(.data)
    OSRunning                                0x200002a0   Data           1  os_var.o(.data)
    OSIntQInPtr                              0x200002a4   Data           4  os_var.o(.data)
    OSIntQOutPtr                             0x200002a8   Data           4  os_var.o(.data)
    OSIntQNbrEntries                         0x200002ac   Data           2  os_var.o(.data)
    OSIntQNbrEntriesMax                      0x200002ae   Data           2  os_var.o(.data)
    OSIntQOvfCtr                             0x200002b0   Data           2  os_var.o(.data)
    OSIntQTaskTimeMax                        0x200002b4   Data           4  os_var.o(.data)
    OSFlagDbgListPtr                         0x200002b8   Data           4  os_var.o(.data)
    OSFlagQty                                0x200002bc   Data           2  os_var.o(.data)
    OSMemDbgListPtr                          0x200002c0   Data           4  os_var.o(.data)
    OSMemQty                                 0x200002c4   Data           2  os_var.o(.data)
    OSMutexDbgListPtr                        0x200002c8   Data           4  os_var.o(.data)
    OSMutexQty                               0x200002cc   Data           2  os_var.o(.data)
    OSPrioCur                                0x200002ce   Data           1  os_var.o(.data)
    OSPrioHighRdy                            0x200002cf   Data           1  os_var.o(.data)
    OSPrioSaved                              0x200002d0   Data           1  os_var.o(.data)
    OSQDbgListPtr                            0x200002d4   Data           4  os_var.o(.data)
    OSQQty                                   0x200002d8   Data           2  os_var.o(.data)
    OSSchedLockTimeBegin                     0x200002dc   Data           4  os_var.o(.data)
    OSSchedLockTimeMax                       0x200002e0   Data           4  os_var.o(.data)
    OSSchedLockTimeMaxCur                    0x200002e4   Data           4  os_var.o(.data)
    OSSchedLockNestingCtr                    0x200002e8   Data           1  os_var.o(.data)
    OSSchedRoundRobinDfltTimeQuanta          0x200002ec   Data           4  os_var.o(.data)
    OSSchedRoundRobinEn                      0x200002f0   Data           1  os_var.o(.data)
    OSSemDbgListPtr                          0x200002f4   Data           4  os_var.o(.data)
    OSSemQty                                 0x200002f8   Data           2  os_var.o(.data)
    OSStatResetFlag                          0x200002fa   Data           1  os_var.o(.data)
    OSStatTaskCPUUsage                       0x200002fc   Data           2  os_var.o(.data)
    OSStatTaskCPUUsageMax                    0x200002fe   Data           2  os_var.o(.data)
    OSStatTaskCtr                            0x20000300   Data           4  os_var.o(.data)
    OSStatTaskCtrMax                         0x20000304   Data           4  os_var.o(.data)
    OSStatTaskCtrRun                         0x20000308   Data           4  os_var.o(.data)
    OSStatTaskRdy                            0x2000030c   Data           1  os_var.o(.data)
    OSStatTaskTimeMax                        0x20000310   Data           4  os_var.o(.data)
    OSTaskCtxSwCtr                           0x20000314   Data           4  os_var.o(.data)
    OSTaskDbgListPtr                         0x20000318   Data           4  os_var.o(.data)
    OSTaskQty                                0x2000031c   Data           2  os_var.o(.data)
    OSTaskRegNextAvailID                     0x2000031e   Data           1  os_var.o(.data)
    OSTickCtr                                0x20000320   Data           4  os_var.o(.data)
    OSTickTaskTimeMax                        0x20000324   Data           4  os_var.o(.data)
    OSTmrDbgListPtr                          0x20000328   Data           4  os_var.o(.data)
    OSTmrQty                                 0x2000032c   Data           2  os_var.o(.data)
    OSTmrTaskTimeMax                         0x20000330   Data           4  os_var.o(.data)
    OSTmrTickCtr                             0x20000334   Data           4  os_var.o(.data)
    OSTmrUpdateCnt                           0x20000338   Data           4  os_var.o(.data)
    OSTmrUpdateCtr                           0x2000033c   Data           4  os_var.o(.data)
    OSTCBCurPtr                              0x20000340   Data           4  os_var.o(.data)
    OSTCBHighRdyPtr                          0x20000344   Data           4  os_var.o(.data)
    OS_CPU_ExceptStkBase                     0x20000348   Data           4  os_cpu_c.o(.data)
    __stdout                                 0x2000034c   Data           4  stdout.o(.data)
    USART2_RX_BUF                            0x20000350   Data          64  stm32f10x_it.o(.bss)
    strEsp8266_Fram_Record                   0x20003b08   Data        1026  bsp_esp8266.o(.bss)
    data_send                                0x20003f0a   Data         100  bsp_agreement.o(.bss)
    CPU_Name                                 0x20003f6e   Data          16  cpu_core.o(.bss)
    Mem_PoolHeap                             0x20003f80   Data          72  lib_mem.o(.bss)
    Mem_Heap                                 0x20003fc8   Data       27648  lib_mem.o(.bss)
    OSCfg_IdleTaskStk                        0x2000abc8   Data         512  os_cfg_app.o(.bss)
    OSCfg_IntQ                               0x2000adc8   Data         320  os_cfg_app.o(.bss)
    OSCfg_IntQTaskStk                        0x2000af08   Data         512  os_cfg_app.o(.bss)
    OSCfg_ISRStk                             0x2000b108   Data         512  os_cfg_app.o(.bss)
    OSCfg_MsgPool                            0x2000b308   Data        1600  os_cfg_app.o(.bss)
    OSCfg_StatTaskStk                        0x2000b948   Data         512  os_cfg_app.o(.bss)
    OSCfg_TickTaskStk                        0x2000bb48   Data         512  os_cfg_app.o(.bss)
    OSCfg_TickWheel                          0x2000bd48   Data         136  os_cfg_app.o(.bss)
    OSCfg_TmrTaskStk                         0x2000bdd0   Data         512  os_cfg_app.o(.bss)
    OSCfg_TmrWheel                           0x2000bfd0   Data         136  os_cfg_app.o(.bss)
    OSIdleTaskTCB                            0x2000c058   Data         200  os_var.o(.bss)
    OSIntQTaskTCB                            0x2000c120   Data         200  os_var.o(.bss)
    OSMsgPool                                0x2000c1e8   Data          12  os_var.o(.bss)
    OSRdyList                                0x2000c1f4   Data         384  os_var.o(.bss)
    OSStatTaskTCB                            0x2000c374   Data         200  os_var.o(.bss)
    OSTickTaskTCB                            0x2000c43c   Data         200  os_var.o(.bss)
    OSTmrTaskTCB                             0x2000c504   Data         200  os_var.o(.bss)
    __initial_sp                             0x2000c9d0   Data           0  startup_stm32f10x_hd.o(STACK)



==============================================================================

Memory Map of the image

  Image Entry point : 0x08000131

  Load Region LR_IROM1 (Base: 0x08000000, Size: 0x00008fe8, Max: 0x00080000, ABSOLUTE, COMPRESSED[0x00008eb4])

    Execution Region ER_IROM1 (Base: 0x08000000, Size: 0x00008c98, Max: 0x00080000, ABSOLUTE)

    Base Addr    Size         Type   Attr      Idx    E Section Name        Object

    0x08000000   0x00000130   Data   RO            3    RESET               startup_stm32f10x_hd.o
    0x08000130   0x00000000   Code   RO         6174  * .ARM.Collect$$$$00000000  mc_w.l(entry.o)
    0x08000130   0x00000004   Code   RO         6464    .ARM.Collect$$$$00000001  mc_w.l(entry2.o)
    0x08000134   0x00000004   Code   RO         6467    .ARM.Collect$$$$00000004  mc_w.l(entry5.o)
    0x08000138   0x00000000   Code   RO         6469    .ARM.Collect$$$$00000008  mc_w.l(entry7b.o)
    0x08000138   0x00000000   Code   RO         6471    .ARM.Collect$$$$0000000A  mc_w.l(entry8b.o)
    0x08000138   0x00000008   Code   RO         6472    .ARM.Collect$$$$0000000B  mc_w.l(entry9a.o)
    0x08000140   0x00000000   Code   RO         6474    .ARM.Collect$$$$0000000D  mc_w.l(entry10a.o)
    0x08000140   0x00000000   Code   RO         6476    .ARM.Collect$$$$0000000F  mc_w.l(entry11a.o)
    0x08000140   0x00000004   Code   RO         6465    .ARM.Collect$$$$00002712  mc_w.l(entry2.o)
    0x08000144   0x00000024   Code   RO            4    .text               startup_stm32f10x_hd.o
    0x08000168   0x00000034   Code   RO         4494    .text               cpu_a.o
    0x0800019c   0x00000024   Code   RO         6177    .text               mc_w.l(memseta.o)
    0x080001c0   0x00000024   Code   RO         6179    .text               mc_w.l(strstr.o)
    0x080001e4   0x000000b0   Code   RO         6442    .text               mf_w.l(fadd.o)
    0x08000294   0x00000064   Code   RO         6444    .text               mf_w.l(fmul.o)
    0x080002f8   0x0000007c   Code   RO         6446    .text               mf_w.l(fdiv.o)
    0x08000374   0x000000e4   Code   RO         6448    .text               mf_w.l(dmul.o)
    0x08000458   0x0000000a   Code   RO         6450    .text               mf_w.l(ffltui.o)
    0x08000462   0x00000022   Code   RO         6452    .text               mf_w.l(dflti.o)
    0x08000484   0x00000032   Code   RO         6454    .text               mf_w.l(ffixi.o)
    0x080004b6   0x0000003e   Code   RO         6456    .text               mf_w.l(dfixi.o)
    0x080004f4   0x00000026   Code   RO         6458    .text               mf_w.l(f2d.o)
    0x0800051a   0x00000038   Code   RO         6460    .text               mf_w.l(d2f.o)
    0x08000552   0x00000002   PAD
    0x08000554   0x00000014   Code   RO         6462    .text               mf_w.l(cfcmple.o)
    0x08000568   0x00000062   Code   RO         6481    .text               mc_w.l(uldiv.o)
    0x080005ca   0x00000020   Code   RO         6483    .text               mc_w.l(llushr.o)
    0x080005ea   0x00000000   Code   RO         6485    .text               mc_w.l(iusefp.o)
    0x080005ea   0x0000006e   Code   RO         6486    .text               mf_w.l(fepilogue.o)
    0x08000658   0x000000ba   Code   RO         6488    .text               mf_w.l(depilogue.o)
    0x08000712   0x00000002   PAD
    0x08000714   0x00000024   Code   RO         6498    .text               mc_w.l(init.o)
    0x08000738   0x0000001e   Code   RO         6500    .text               mc_w.l(llshl.o)
    0x08000756   0x0000003a   Code   RO         6512    .text               mc_w.l(__dczerorl.o)
    0x08000790   0x00000084   Code   RO         6093    CODE                os_cpu_a.o
    0x08000814   0x00000030   Code   RO         3108    i.ADC1_2_IRQHandler  stm32f10x_it.o
    0x08000844   0x0000000a   Code   RO          182    i.ADC_ClearITPendingBit  stm32f10x_adc.o
    0x0800084e   0x00000016   Code   RO          183    i.ADC_Cmd           stm32f10x_adc.o
    0x08000864   0x00000014   Code   RO          191    i.ADC_GetCalibrationStatus  stm32f10x_adc.o
    0x08000878   0x00000008   Code   RO          192    i.ADC_GetConversionValue  stm32f10x_adc.o
    0x08000880   0x00000024   Code   RO          195    i.ADC_GetITStatus   stm32f10x_adc.o
    0x080008a4   0x00000014   Code   RO          197    i.ADC_GetResetCalibrationStatus  stm32f10x_adc.o
    0x080008b8   0x00000018   Code   RO          200    i.ADC_ITConfig      stm32f10x_adc.o
    0x080008d0   0x00000050   Code   RO          201    i.ADC_Init          stm32f10x_adc.o
    0x08000920   0x00000026   Code   RO         3848    i.ADC_NVIC_Config   bsp_adc.o
    0x08000946   0x000000b8   Code   RO          205    i.ADC_RegularChannelConfig  stm32f10x_adc.o
    0x080009fe   0x0000000a   Code   RO          206    i.ADC_ResetCalibration  stm32f10x_adc.o
    0x08000a08   0x00000016   Code   RO          208    i.ADC_SoftwareStartConvCmd  stm32f10x_adc.o
    0x08000a1e   0x0000000a   Code   RO          210    i.ADC_StartCalibration  stm32f10x_adc.o
    0x08000a28   0x00000024   Code   RO         3849    i.ADCx_GPIO_Config  bsp_adc.o
    0x08000a4c   0x00000010   Code   RO         3850    i.ADCx_Init         bsp_adc.o
    0x08000a5c   0x00000090   Code   RO         3851    i.ADCx_Mode_Config  bsp_adc.o
    0x08000aec   0x00000024   Code   RO         4295    i.ADVANCE_TIM_GPIO_Config  bsp_advancetim.o
    0x08000b10   0x00000010   Code   RO         4296    i.ADVANCE_TIM_Init  bsp_advancetim.o
    0x08000b20   0x0000008c   Code   RO         4297    i.ADVANCE_TIM_Mode_Config  bsp_advancetim.o
    0x08000bac   0x0000002a   Code   RO         4298    i.ADVANCE_TIM_NVIC_Config  bsp_advancetim.o
    0x08000bd6   0x00000002   PAD
    0x08000bd8   0x000001f4   Code   RO         3353    i.AppTaskStart      app.o
    0x08000dcc   0x00000024   Code   RO         3354    i.AppTask_1         app.o
    0x08000df0   0x00000016   Code   RO         3355    i.AppTask_2         app.o
    0x08000e06   0x00000002   PAD
    0x08000e08   0x0000004c   Code   RO         3356    i.AppTask_3         app.o
    0x08000e54   0x00000016   Code   RO         3357    i.AppTask_4         app.o
    0x08000e6a   0x00000008   Code   RO         3358    i.AppTask_5         app.o
    0x08000e72   0x00000014   Code   RO         3359    i.AppTask_6         app.o
    0x08000e86   0x00000010   Code   RO         3514    i.BSP_CPU_ClkFreq   bsp.o
    0x08000e96   0x00000002   PAD
    0x08000e98   0x00000048   Code   RO         3515    i.BSP_Init          bsp.o
    0x08000ee0   0x00000004   Code   RO         3109    i.BusFault_Handler  stm32f10x_it.o
    0x08000ee4   0x00000010   Code   RO         4330    i.CPU_Init          cpu_core.o
    0x08000ef4   0x00000084   Code   RO         4331    i.CPU_IntDisMeasInit  cpu_core.o
    0x08000f78   0x0000001c   Code   RO         4332    i.CPU_IntDisMeasMaxCalc  cpu_core.o
    0x08000f94   0x0000002c   Code   RO         4333    i.CPU_IntDisMeasMaxCurGet  cpu_core.o
    0x08000fc0   0x0000002c   Code   RO         4334    i.CPU_IntDisMeasMaxCurReset  cpu_core.o
    0x08000fec   0x0000002c   Code   RO         4335    i.CPU_IntDisMeasMaxGet  cpu_core.o
    0x08001018   0x00000034   Code   RO         4336    i.CPU_IntDisMeasStart  cpu_core.o
    0x0800104c   0x00000054   Code   RO         4337    i.CPU_IntDisMeasStop  cpu_core.o
    0x080010a0   0x00000038   Code   RO         4338    i.CPU_NameClr       cpu_core.o
    0x080010d8   0x00000008   Code   RO         4340    i.CPU_NameInit      cpu_core.o
    0x080010e0   0x00000014   Code   RO         4344    i.CPU_TS_Init       cpu_core.o
    0x080010f4   0x0000000c   Code   RO         4346    i.CPU_TS_TmrFreqSet  cpu_core.o
    0x08001100   0x00000034   Code   RO         3516    i.CPU_TS_TmrInit    bsp.o
    0x08001134   0x0000000c   Code   RO         3517    i.CPU_TS_TmrRd      bsp.o
    0x08001140   0x0000002c   Code   RO         3878    i.DS18B20_GPIO_Config  bsp_ds18b20.o
    0x0800116c   0x00000070   Code   RO         3880    i.DS18B20_GetTemp_SkipRom  bsp_ds18b20.o
    0x080011dc   0x0000001c   Code   RO         3881    i.DS18B20_Init      bsp_ds18b20.o
    0x080011f8   0x0000001c   Code   RO         3883    i.DS18B20_Mode_IPU  bsp_ds18b20.o
    0x08001214   0x00000024   Code   RO         3884    i.DS18B20_Mode_Out_PP  bsp_ds18b20.o
    0x08001238   0x00000058   Code   RO         3885    i.DS18B20_Presence  bsp_ds18b20.o
    0x08001290   0x00000038   Code   RO         3886    i.DS18B20_ReadBit   bsp_ds18b20.o
    0x080012c8   0x00000022   Code   RO         3887    i.DS18B20_ReadByte  bsp_ds18b20.o
    0x080012ea   0x00000002   PAD
    0x080012ec   0x0000002c   Code   RO         3889    i.DS18B20_Rst       bsp_ds18b20.o
    0x08001318   0x00000012   Code   RO         3890    i.DS18B20_SkipRom   bsp_ds18b20.o
    0x0800132a   0x00000002   PAD
    0x0800132c   0x0000005c   Code   RO         3891    i.DS18B20_WriteByte  bsp_ds18b20.o
    0x08001388   0x00000030   Code   RO         4250    i.Data_485          bsp_task.o
    0x080013b8   0x00000002   Code   RO         3110    i.DebugMon_Handler  stm32f10x_it.o
    0x080013ba   0x00000002   PAD
    0x080013bc   0x00000050   Code   RO         3958    i.Delay_Tim5_Init   bsp_tim.o
    0x0800140c   0x00000044   Code   RO         3959    i.Delay_us          bsp_tim.o
    0x08001450   0x000000b8   Code   RO         3679    i.ESP8266_Cmd       bsp_esp8266.o
    0x08001508   0x00000040   Code   RO         3680    i.ESP8266_Enable_MultipleId  bsp_esp8266.o
    0x08001548   0x0000003c   Code   RO         3681    i.ESP8266_ExitUnvarnishSend  bsp_esp8266.o
    0x08001584   0x00000044   Code   RO         3682    i.ESP8266_GPIO_Config  bsp_esp8266.o
    0x080015c8   0x0000007c   Code   RO         3684    i.ESP8266_Get_LinkStatus  bsp_esp8266.o
    0x08001644   0x00000024   Code   RO         3685    i.ESP8266_Init      bsp_esp8266.o
    0x08001668   0x00000048   Code   RO         3687    i.ESP8266_JoinAP    bsp_esp8266.o
    0x080016b0   0x000000c0   Code   RO         3688    i.ESP8266_Link_Server  bsp_esp8266.o
    0x08001770   0x00000078   Code   RO         3689    i.ESP8266_Net_Mode_Choose  bsp_esp8266.o
    0x080017e8   0x000000a0   Code   RO         3692    i.ESP8266_SendString  bsp_esp8266.o
    0x08001888   0x0000009c   Code   RO         3694    i.ESP8266_USART_Config  bsp_esp8266.o
    0x08001924   0x00000028   Code   RO         3695    i.ESP8266_USART_NVIC_Configuration  bsp_esp8266.o
    0x0800194c   0x0000004c   Code   RO         3696    i.ESP8266_UnvarnishSend  bsp_esp8266.o
    0x08001998   0x00000040   Code   RO         3111    i.EXTI2_IRQHandler  stm32f10x_it.o
    0x080019d8   0x00000044   Code   RO         3112    i.EXTI4_IRQHandler  stm32f10x_it.o
    0x08001a1c   0x00000050   Code   RO         3113    i.EXTI9_5_IRQHandler  stm32f10x_it.o
    0x08001a6c   0x0000000c   Code   RO          939    i.EXTI_ClearITPendingBit  stm32f10x_exti.o
    0x08001a78   0x00000028   Code   RO          943    i.EXTI_GetITStatus  stm32f10x_exti.o
    0x08001aa0   0x00000094   Code   RO          944    i.EXTI_Init         stm32f10x_exti.o
    0x08001b34   0x00000054   Code   RO         4215    i.EXTI_LIGHT_Config  bsp_light_exit.o
    0x08001b88   0x000000a8   Code   RO         4251    i.Electricity_monitoring  bsp_task.o
    0x08001c30   0x00000014   Code   RO         1286    i.GPIO_AFIODeInit   stm32f10x_gpio.o
    0x08001c44   0x00000040   Code   RO         1289    i.GPIO_EXTILineConfig  stm32f10x_gpio.o
    0x08001c84   0x00000116   Code   RO         1292    i.GPIO_Init         stm32f10x_gpio.o
    0x08001d9a   0x00000002   PAD
    0x08001d9c   0x00000090   Code   RO         1294    i.GPIO_PinRemapConfig  stm32f10x_gpio.o
    0x08001e2c   0x00000012   Code   RO         1296    i.GPIO_ReadInputDataBit  stm32f10x_gpio.o
    0x08001e3e   0x00000004   Code   RO         1299    i.GPIO_ResetBits    stm32f10x_gpio.o
    0x08001e42   0x00000004   Code   RO         1300    i.GPIO_SetBits      stm32f10x_gpio.o
    0x08001e46   0x00000004   Code   RO         3114    i.HardFault_Handler  stm32f10x_it.o
    0x08001e4a   0x00000076   Code   RO         3997    i.HexToStr          bsp_agreement.o
    0x08001ec0   0x00000018   Code   RO         1406    i.I2C_Cmd           stm32f10x_i2c.o
    0x08001ed8   0x00000018   Code   RO         4062    i.I2C_EE_Init       bsp_i2c_ee.o
    0x08001ef0   0x0000004c   Code   RO         4065    i.I2C_GPIO_Config   bsp_i2c_ee.o
    0x08001f3c   0x000000ec   Code   RO         1420    i.I2C_Init          stm32f10x_i2c.o
    0x08002028   0x00000044   Code   RO         4066    i.I2C_Mode_Configu  bsp_i2c_ee.o
    0x0800206c   0x000000a4   Code   RO         3555    i.LED_GPIO_Config   bsp_led.o
    0x08002110   0x00000048   Code   RO         3556    i.LED_Init          bsp_led.o
    0x08002158   0x00000304   Code   RO         4252    i.Link_start        bsp_task.o
    0x0800245c   0x00000004   Code   RO         3115    i.MemManage_Handler  stm32f10x_it.o
    0x08002460   0x00000012   Code   RO         4686    i.Mem_Clr           lib_mem.o
    0x08002472   0x00000002   PAD
    0x08002474   0x00000048   Code   RO         4690    i.Mem_Init          lib_mem.o
    0x080024bc   0x00000062   Code   RO         4703    i.Mem_Set           lib_mem.o
    0x0800251e   0x00000002   PAD
    0x08002520   0x00000044   Code   RO         3572    i.Motor_Speed_Set   bsp_tim_pwm.o
    0x08002564   0x00000002   Code   RO         3116    i.NMI_Handler       stm32f10x_it.o
    0x08002566   0x0000002a   Code   RO         3573    i.NVIC_Config_PWM   bsp_tim_pwm.o
    0x08002590   0x00000026   Code   RO         3620    i.NVIC_Configuration  bsp_usart.o
    0x080025b6   0x00000002   PAD
    0x080025b8   0x00000070   Code   RO          137    i.NVIC_Init         misc.o
    0x08002628   0x0000002a   Code   RO         4216    i.NVIC_LIGHT_Configuration  bsp_light_exit.o
    0x08002652   0x00000002   PAD
    0x08002654   0x00000014   Code   RO          138    i.NVIC_PriorityGroupConfig  misc.o
    0x08002668   0x00000002   Code   RO         4960    i.OSCfg_Init        os_cfg_app.o
    0x0800266a   0x00000002   PAD
    0x0800266c   0x00000014   Code   RO         6096    i.OSIdleTaskHook    os_cpu_c.o
    0x08002680   0x0000018c   Code   RO         4983    i.OSInit            os_core.o
    0x0800280c   0x00000038   Code   RO         6097    i.OSInitHook        os_cpu_c.o
    0x08002844   0x000000e4   Code   RO         4985    i.OSIntExit         os_core.o
    0x08002928   0x000000a8   Code   RO         4986    i.OSSched           os_core.o
    0x080029d0   0x0000007c   Code   RO         4987    i.OSSchedLock       os_core.o
    0x08002a4c   0x000000a0   Code   RO         4990    i.OSSchedUnlock     os_core.o
    0x08002aec   0x00000068   Code   RO         4991    i.OSStart           os_core.o
    0x08002b54   0x00000168   Code   RO         5701    i.OSStatReset       os_stat.o
    0x08002cbc   0x00000100   Code   RO         5702    i.OSStatTaskCPUUsageInit  os_stat.o
    0x08002dbc   0x00000014   Code   RO         6098    i.OSStatTaskHook    os_cpu_c.o
    0x08002dd0   0x00000294   Code   RO         5732    i.OSTaskCreate      os_task.o
    0x08003064   0x00000018   Code   RO         6099    i.OSTaskCreateHook  os_cpu_c.o
    0x0800307c   0x00000208   Code   RO         5733    i.OSTaskDel         os_task.o
    0x08003284   0x00000018   Code   RO         6100    i.OSTaskDelHook     os_cpu_c.o
    0x0800329c   0x00000088   Code   RO         5741    i.OSTaskResume      os_task.o
    0x08003324   0x00000018   Code   RO         6101    i.OSTaskReturnHook  os_cpu_c.o
    0x0800333c   0x00000250   Code   RO         5742    i.OSTaskSemPend     os_task.o
    0x0800358c   0x000000e4   Code   RO         5746    i.OSTaskStkChk      os_task.o
    0x08003670   0x000000c0   Code   RO         6102    i.OSTaskStkInit     os_cpu_c.o
    0x08003730   0x00000060   Code   RO         5747    i.OSTaskSuspend     os_task.o
    0x08003790   0x000000a4   Code   RO         6103    i.OSTaskSwHook      os_cpu_c.o
    0x08003834   0x00000150   Code   RO         5947    i.OSTimeDly         os_time.o
    0x08003984   0x0000022c   Code   RO         5948    i.OSTimeDlyHMSM     os_time.o
    0x08003bb0   0x00000044   Code   RO         5952    i.OSTimeTick        os_time.o
    0x08003bf4   0x00000014   Code   RO         6104    i.OSTimeTickHook    os_cpu_c.o
    0x08003c08   0x00000040   Code   RO         6105    i.OS_CPU_SysTickHandler  os_cpu_c.o
    0x08003c48   0x00000030   Code   RO         6106    i.OS_CPU_SysTickInit  os_cpu_c.o
    0x08003c78   0x000001b4   Code   RO         5229    i.OS_Dbg_Init       os_dbg.o
    0x08003e2c   0x00000018   Code   RO         5254    i.OS_FlagInit       os_flag.o
    0x08003e44   0x0000027c   Code   RO         5255    i.OS_FlagPost       os_flag.o
    0x080040c0   0x00000056   Code   RO         5256    i.OS_FlagTaskRdy    os_flag.o
    0x08004116   0x00000002   PAD
    0x08004118   0x0000004c   Code   RO         4993    i.OS_IdleTask       os_core.o
    0x08004164   0x00000070   Code   RO         4994    i.OS_IdleTaskInit   os_core.o
    0x080041d4   0x00000104   Code   RO         5328    i.OS_IntQPost       os_int.o
    0x080042d8   0x000001a4   Code   RO         5329    i.OS_IntQRePost     os_int.o
    0x0800447c   0x000000c8   Code   RO         5330    i.OS_IntQTask       os_int.o
    0x08004544   0x00000128   Code   RO         5331    i.OS_IntQTaskInit   os_int.o
    0x0800466c   0x00000018   Code   RO         5362    i.OS_MemInit        os_mem.o
    0x08004684   0x0000007c   Code   RO         5394    i.OS_MsgPoolInit    os_msg.o
    0x08004700   0x00000044   Code   RO         5395    i.OS_MsgQFreeAll    os_msg.o
    0x08004744   0x0000000e   Code   RO         5397    i.OS_MsgQInit       os_msg.o
    0x08004752   0x00000002   PAD
    0x08004754   0x00000104   Code   RO         5398    i.OS_MsgQPut        os_msg.o
    0x08004858   0x00000018   Code   RO         5438    i.OS_MutexInit      os_mutex.o
    0x08004870   0x00000068   Code   RO         4995    i.OS_Pend           os_core.o
    0x080048d8   0x00000026   Code   RO         4998    i.OS_PendDataInit   os_core.o
    0x080048fe   0x00000002   PAD
    0x08004900   0x0000005c   Code   RO         4999    i.OS_PendDbgNameAdd  os_core.o
    0x0800495c   0x00000024   Code   RO         5000    i.OS_PendDbgNameRemove  os_core.o
    0x08004980   0x00000066   Code   RO         5004    i.OS_PendListInsertPrio  os_core.o
    0x080049e6   0x00000030   Code   RO         5005    i.OS_PendListRemove  os_core.o
    0x08004a16   0x00000042   Code   RO         5006    i.OS_PendListRemove1  os_core.o
    0x08004a58   0x000000c0   Code   RO         5009    i.OS_Post           os_core.o
    0x08004b18   0x0000002a   Code   RO         5010    i.OS_Post1          os_core.o
    0x08004b42   0x00000002   PAD
    0x08004b44   0x00000028   Code   RO         5520    i.OS_PrioGetHighest  os_prio.o
    0x08004b6c   0x00000018   Code   RO         5521    i.OS_PrioInit       os_prio.o
    0x08004b84   0x00000024   Code   RO         5522    i.OS_PrioInsert     os_prio.o
    0x08004ba8   0x00000024   Code   RO         5523    i.OS_PrioRemove     os_prio.o
    0x08004bcc   0x00000018   Code   RO         5566    i.OS_QInit          os_q.o
    0x08004be4   0x00000188   Code   RO         5567    i.OS_QPost          os_q.o
    0x08004d6c   0x00000024   Code   RO         5011    i.OS_RdyListInit    os_core.o
    0x08004d90   0x0000002c   Code   RO         5012    i.OS_RdyListInsert  os_core.o
    0x08004dbc   0x00000040   Code   RO         5013    i.OS_RdyListInsertHead  os_core.o
    0x08004dfc   0x0000003c   Code   RO         5014    i.OS_RdyListInsertTail  os_core.o
    0x08004e38   0x00000044   Code   RO         5015    i.OS_RdyListMoveHeadToTail  os_core.o
    0x08004e7c   0x0000005c   Code   RO         5016    i.OS_RdyListRemove  os_core.o
    0x08004ed8   0x0000005c   Code   RO         5017    i.OS_Sched0         os_core.o
    0x08004f34   0x0000001c   Code   RO         5018    i.OS_SchedLockTimeMeasStart  os_core.o
    0x08004f50   0x0000003c   Code   RO         5019    i.OS_SchedLockTimeMeasStop  os_core.o
    0x08004f8c   0x000000ec   Code   RO         5020    i.OS_SchedRoundRobin  os_core.o
    0x08005078   0x00000018   Code   RO         5638    i.OS_SemInit        os_sem.o
    0x08005090   0x00000198   Code   RO         5639    i.OS_SemPost        os_sem.o
    0x08005228   0x000003b8   Code   RO         5703    i.OS_StatTask       os_stat.o
    0x080055e0   0x000000cc   Code   RO         5704    i.OS_StatTaskInit   os_stat.o
    0x080056ac   0x00000038   Code   RO         5021    i.OS_TaskBlock      os_core.o
    0x080056e4   0x00000030   Code   RO         5749    i.OS_TaskDbgListAdd  os_task.o
    0x08005714   0x00000044   Code   RO         5750    i.OS_TaskDbgListRemove  os_task.o
    0x08005758   0x00000020   Code   RO         5751    i.OS_TaskInit       os_task.o
    0x08005778   0x000000d0   Code   RO         5752    i.OS_TaskInitTCB    os_task.o
    0x08005848   0x0000026c   Code   RO         5753    i.OS_TaskQPost      os_task.o
    0x08005ab4   0x0000001c   Code   RO         5022    i.OS_TaskRdy        os_core.o
    0x08005ad0   0x0000017c   Code   RO         5754    i.OS_TaskResume     os_task.o
    0x08005c4c   0x00000018   Code   RO         5755    i.OS_TaskReturn     os_task.o
    0x08005c64   0x000005a8   Code   RO         5756    i.OS_TaskSemPost    os_task.o
    0x0800620c   0x00000190   Code   RO         5757    i.OS_TaskSuspend    os_task.o
    0x0800639c   0x00000028   Code   RO         5899    i.OS_TickListInit   os_tick.o
    0x080063c4   0x000001bc   Code   RO         5900    i.OS_TickListInsert  os_tick.o
    0x08006580   0x00000038   Code   RO         5901    i.OS_TickListRemove  os_tick.o
    0x080065b8   0x00000024   Code   RO         5902    i.OS_TickListResetPeak  os_tick.o
    0x080065dc   0x00000220   Code   RO         5903    i.OS_TickListUpdate  os_tick.o
    0x080067fc   0x0000002c   Code   RO         5904    i.OS_TickTask       os_tick.o
    0x08006828   0x000000b8   Code   RO         5905    i.OS_TickTaskInit   os_tick.o
    0x080068e0   0x00000128   Code   RO         5998    i.OS_TmrInit        os_tmr.o
    0x08006a08   0x000000d0   Code   RO         5999    i.OS_TmrLink        os_tmr.o
    0x08006ad8   0x00000024   Code   RO         6000    i.OS_TmrResetPeak   os_tmr.o
    0x08006afc   0x000000c0   Code   RO         6001    i.OS_TmrTask        os_tmr.o
    0x08006bbc   0x00000050   Code   RO         6002    i.OS_TmrUnlink      os_tmr.o
    0x08006c0c   0x00000018   Code   RO         1706    i.RCC_ADCCLKConfig  stm32f10x_rcc.o
    0x08006c24   0x00000020   Code   RO         1708    i.RCC_APB1PeriphClockCmd  stm32f10x_rcc.o
    0x08006c44   0x00000020   Code   RO         1710    i.RCC_APB2PeriphClockCmd  stm32f10x_rcc.o
    0x08006c64   0x00000020   Code   RO         1711    i.RCC_APB2PeriphResetCmd  stm32f10x_rcc.o
    0x08006c84   0x000000d4   Code   RO         1718    i.RCC_GetClocksFreq  stm32f10x_rcc.o
    0x08006d58   0x00000012   Code   RO         4125    i.RS485_Delay       bsp_485.o
    0x08006d6a   0x00000026   Code   RO         4126    i.RS485_NVIC_Configuration  bsp_485.o
    0x08006d90   0x000000c0   Code   RO         4127    i.RS485_USART_Config  bsp_485.o
    0x08006e50   0x00000060   Code   RO         4128    i.RS485_Usart_SendArray  bsp_485.o
    0x08006eb0   0x0000001e   Code   RO         4129    i.RS485_Usart_SendByte  bsp_485.o
    0x08006ece   0x00000002   Code   RO         3119    i.SVC_Handler       stm32f10x_it.o
    0x08006ed0   0x00000008   Code   RO           24    i.SetSysClock       system_stm32f10x.o
    0x08006ed8   0x000000e0   Code   RO           25    i.SetSysClockTo72   system_stm32f10x.o
    0x08006fb8   0x000000c0   Code   RO         3575    i.Speed_cache       bsp_tim_pwm.o
    0x08007078   0x00000060   Code   RO           27    i.SystemInit        system_stm32f10x.o
    0x080070d8   0x00000080   Code   RO         2326    i.TI1_Config        stm32f10x_tim.o
    0x08007158   0x00000098   Code   RO         2327    i.TI2_Config        stm32f10x_tim.o
    0x080071f0   0x0000005c   Code   RO         3121    i.TIM3_IRQHandler   stm32f10x_it.o
    0x0800724c   0x0000004c   Code   RO         3122    i.TIM8_CC_IRQHandler  stm32f10x_it.o
    0x08007298   0x00000018   Code   RO         2330    i.TIM_ARRPreloadConfig  stm32f10x_tim.o
    0x080072b0   0x00000006   Code   RO         2337    i.TIM_ClearITPendingBit  stm32f10x_tim.o
    0x080072b6   0x00000018   Code   RO         2342    i.TIM_Cmd           stm32f10x_tim.o
    0x080072ce   0x00000022   Code   RO         2363    i.TIM_GetITStatus   stm32f10x_tim.o
    0x080072f0   0x00000012   Code   RO         2367    i.TIM_ITConfig      stm32f10x_tim.o
    0x08007302   0x00000002   PAD
    0x08007304   0x000000a4   Code   RO         2376    i.TIM_OC2Init       stm32f10x_tim.o
    0x080073a8   0x0000001a   Code   RO         2379    i.TIM_OC2PreloadConfig  stm32f10x_tim.o
    0x080073c2   0x0000007c   Code   RO         2390    i.TIM_PWMIConfig    stm32f10x_tim.o
    0x0800743e   0x00000012   Code   RO         2395    i.TIM_SelectInputTrigger  stm32f10x_tim.o
    0x08007450   0x00000012   Code   RO         2396    i.TIM_SelectMasterSlaveMode  stm32f10x_tim.o
    0x08007462   0x00000012   Code   RO         2400    i.TIM_SelectSlaveMode  stm32f10x_tim.o
    0x08007474   0x00000012   Code   RO         2408    i.TIM_SetIC1Prescaler  stm32f10x_tim.o
    0x08007486   0x0000001a   Code   RO         2409    i.TIM_SetIC2Prescaler  stm32f10x_tim.o
    0x080074a0   0x000000a4   Code   RO         2413    i.TIM_TimeBaseInit  stm32f10x_tim.o
    0x08007544   0x00000012   Code   RO         2414    i.TIM_TimeBaseStructInit  stm32f10x_tim.o
    0x08007556   0x0000000c   Code   RO         3576    i.TIMx_Breathing_Init  bsp_tim_pwm.o
    0x08007562   0x00000002   PAD
    0x08007564   0x00000044   Code   RO         3577    i.TIMx_GPIO_Config  bsp_tim_pwm.o
    0x080075a8   0x00000084   Code   RO         3578    i.TIMx_Mode_Config  bsp_tim_pwm.o
    0x0800762c   0x00000048   Code   RO         3123    i.USART2_IRQHandler  stm32f10x_it.o
    0x08007674   0x000000a0   Code   RO         3124    i.USART3_IRQHandler  stm32f10x_it.o
    0x08007714   0x0000001e   Code   RO         2875    i.USART_ClearITPendingBit  stm32f10x_usart.o
    0x08007732   0x00000018   Code   RO         2878    i.USART_Cmd         stm32f10x_usart.o
    0x0800774a   0x00000002   PAD
    0x0800774c   0x00000090   Code   RO         3621    i.USART_Config      bsp_usart.o
    0x080077dc   0x0000001a   Code   RO         2881    i.USART_GetFlagStatus  stm32f10x_usart.o
    0x080077f6   0x00000054   Code   RO         2882    i.USART_GetITStatus  stm32f10x_usart.o
    0x0800784a   0x0000004a   Code   RO         2884    i.USART_ITConfig    stm32f10x_usart.o
    0x08007894   0x000000d8   Code   RO         2885    i.USART_Init        stm32f10x_usart.o
    0x0800796c   0x0000000a   Code   RO         2892    i.USART_ReceiveData  stm32f10x_usart.o
    0x08007976   0x00000008   Code   RO         2895    i.USART_SendData    stm32f10x_usart.o
    0x0800797e   0x00000106   Code   RO         3811    i.USART_printf      bsp_common.o
    0x08007a84   0x00000004   Code   RO         3125    i.UsageFault_Handler  stm32f10x_it.o
    0x08007a88   0x00000020   Code   RO         6388    i.__0printf$8       mc_w.l(printf8.o)
    0x08007aa8   0x00000028   Code   RO         6390    i.__0sprintf$8      mc_w.l(printf8.o)
    0x08007ad0   0x0000000e   Code   RO         6506    i.__scatterload_copy  mc_w.l(handlers.o)
    0x08007ade   0x00000002   Code   RO         6507    i.__scatterload_null  mc_w.l(handlers.o)
    0x08007ae0   0x0000000e   Code   RO         6508    i.__scatterload_zeroinit  mc_w.l(handlers.o)
    0x08007aee   0x00000002   PAD
    0x08007af0   0x00000410   Code   RO         6395    i._printf_core      mc_w.l(printf8.o)
    0x08007f00   0x00000024   Code   RO         6396    i._printf_post_padding  mc_w.l(printf8.o)
    0x08007f24   0x0000002e   Code   RO         6397    i._printf_pre_padding  mc_w.l(printf8.o)
    0x08007f52   0x0000000a   Code   RO         6399    i._sputc            mc_w.l(printf8.o)
    0x08007f5c   0x0000002c   Code   RO         4174    i.crc16             crc16.o
    0x08007f88   0x00000088   Code   RO         4000    i.dt_send           bsp_agreement.o
    0x08008010   0x00000088   Code   RO         4002    i.dt_send2          bsp_agreement.o
    0x08008098   0x00000024   Code   RO         3627    i.fputc             bsp_usart.o
    0x080080bc   0x00000062   Code   RO         3812    i.itoa              bsp_common.o
    0x0800811e   0x00000002   PAD
    0x08008120   0x00000060   Code   RO         3361    i.main              app.o
    0x08008180   0x000000a0   Code   RO         4254    i.modbus_rx         bsp_task.o
    0x08008220   0x000000c8   Code   RO         4193    i.modbusrtu_send    bsp_modbusrtu.o
    0x080082e8   0x0000023c   Code   RO         4255    i.real_time_data    bsp_task.o
    0x08008524   0x00000544   Code   RO         4003    i.tcp_Agreement     bsp_agreement.o
    0x08008a68   0x000000a4   Data   RO         4962    .constdata          os_cfg_app.o
    0x08008b0c   0x0000016c   Data   RO         5230    .constdata          os_dbg.o
    0x08008c78   0x00000020   Data   RO         6504    Region$$Table       anon$$obj.o


    Execution Region RW_IRAM1 (Base: 0x20000000, Size: 0x0000c9d0, Max: 0x00010000, ABSOLUTE, COMPRESSED[0x0000021c])

    Base Addr    Size         Type   Attr      Idx    E Section Name        Object

    0x20000000   0x00000014   Data   RW         1738    .data               stm32f10x_rcc.o
    0x20000014   0x00000010   Data   RW         3127    .data               stm32f10x_it.o
    0x20000024   0x00000005   Data   RW         3579    .data               bsp_tim_pwm.o
    0x20000029   0x00000003   PAD
    0x2000002c   0x0000000c   Data   RW         3852    .data               bsp_adc.o
    0x20000038   0x00000010   Data   RW         4005    .data               bsp_agreement.o
    0x20000048   0x00000008   Data   RW         4069    .data               bsp_i2c_ee.o
    0x20000050   0x00000200   Data   RW         4175    .data               crc16.o
    0x20000250   0x00000002   Data   RW         4256    .data               bsp_task.o
    0x20000252   0x00000002   PAD
    0x20000254   0x0000001c   Data   RW         4350    .data               cpu_core.o
    0x20000270   0x00000004   Data   RW         4705    .data               lib_mem.o
    0x20000274   0x00000004   Data   RW         5524    .data               os_prio.o
    0x20000278   0x000000d0   Data   RW         6080    .data               os_var.o
    0x20000348   0x00000004   Data   RW         6107    .data               os_cpu_c.o
    0x2000034c   0x00000004   Data   RW         6478    .data               mc_w.l(stdout.o)
    0x20000350   0x00000040   Zero   RW         3126    .bss                stm32f10x_it.o
    0x20000390   0x00003778   Zero   RW         3362    .bss                app.o
    0x20003b08   0x00000402   Zero   RW         3698    .bss                bsp_esp8266.o
    0x20003f0a   0x00000064   Zero   RW         4004    .bss                bsp_agreement.o
    0x20003f6e   0x00000010   Zero   RW         4348    .bss                cpu_core.o
    0x20003f7e   0x00000002   PAD
    0x20003f80   0x00006c48   Zero   RW         4704    .bss                lib_mem.o
    0x2000abc8   0x00001490   Zero   RW         4961    .bss                os_cfg_app.o
    0x2000c058   0x00000574   Zero   RW         6079    .bss                os_var.o
    0x2000c5cc   0x00000004   PAD
    0x2000c5d0   0x00000400   Zero   RW            1    STACK               startup_stm32f10x_hd.o


==============================================================================

Image component sizes


      Code (inc. data)   RO Data    RW Data    ZI Data      Debug   Object Name

       780        194          0          0      14200      34540   app.o
       152         32          0          0          0       2041   bsp.o
       374         16          0          0          0       3340   bsp_485.o
       234         10          0         12          0       2824   bsp_adc.o
       234          8          0          0          0       2259   bsp_advancetim.o
      1738         84          0         16        100      20423   bsp_agreement.o
       360          0          0          0          0       2799   bsp_common.o
       580         44          0          0          0       6073   bsp_ds18b20.o
      1352        380          0          0       1026      11213   bsp_esp8266.o
       168         20          0          8          0       2239   bsp_i2c_ee.o
       236         20          0          0          0       1055   bsp_led.o
       126          4          0          0          0       1172   bsp_light_exit.o
       200         28          0          0          0       1569   bsp_modbusrtu.o
      1720        564          0          2          0       3813   bsp_task.o
       148          8          0          0          0       1065   bsp_tim.o
       514         56          0          5          0       3680   bsp_tim_pwm.o
       218         12          0          0          0       2995   bsp_usart.o
         0          0          0          0          0       4500   core_cm3.o
        52          0          0          0          0        356   cpu_a.o
       540         98          0         28         16      16697   cpu_core.o
        44          6          0        512          0       1293   crc16.o
       188         18          0          4      27720      13691   lib_mem.o
       132         22          0          0          0       1623   misc.o
         2          0        164          0       5264      21022   os_cfg_app.o
      2952        402          0          0          0      19928   os_core.o
       132         32          0          0          0        400   os_cpu_a.o
       656         68          0          4          0       8417   os_cpu_c.o
       436        286        364          0          0       4857   os_dbg.o
       746         28          0          0          0       3161   os_flag.o
      1176        204          0          0          0       3574   os_int.o
        24         10          0          0          0        905   os_mem.o
       466         26          0          0          0       3305   os_msg.o
        24         10          0          0          0        907   os_mutex.o
       136         16          0          4          0       2922   os_prio.o
       416         20          0          0          0       2258   os_q.o
       432         14          0          0          0       2278   os_sem.o
      1772        214          0          0          0       4143   os_stat.o
      5460        260          0          0          0      14096   os_task.o
      1348        124          0          0          0       5593   os_tick.o
       960         46          0          0          0       3185   os_time.o
       812        134          0          0          0       4236   os_tmr.o
         0          0          0        208       1396      19521   os_var.o
        36          8        304          0       1024        892   startup_stm32f10x_hd.o
       446         10          0          0          0       9666   stm32f10x_adc.o
       200         18          0          0          0       2220   stm32f10x_exti.o
       532         10          0          0          0       5830   stm32f10x_gpio.o
       260         14          0          0          0       3061   stm32f10x_i2c.o
       682        138          0         16         64      50786   stm32f10x_it.o
       332         44          0         20          0       5738   stm32f10x_rcc.o
       980         94          0          0          0      11583   stm32f10x_tim.o
       472          6          0          0          0       7051   stm32f10x_usart.o
       328         28          0          0          0     269949   system_stm32f10x.o

    ----------------------------------------------------------------------
     32348       3888        864        844      50816     632744   Object Totals
         0          0         32          0          0          0   (incl. Generated)
        40          0          0          5          6          0   (incl. Padding)

    ----------------------------------------------------------------------

      Code (inc. data)   RO Data    RW Data    ZI Data      Debug   Library Member Name

        58          0          0          0          0          0   __dczerorl.o
         0          0          0          0          0          0   entry.o
         0          0          0          0          0          0   entry10a.o
         0          0          0          0          0          0   entry11a.o
         8          4          0          0          0          0   entry2.o
         4          0          0          0          0          0   entry5.o
         0          0          0          0          0          0   entry7b.o
         0          0          0          0          0          0   entry8b.o
         8          4          0          0          0          0   entry9a.o
        30          0          0          0          0          0   handlers.o
        36          8          0          0          0         68   init.o
         0          0          0          0          0          0   iusefp.o
        30          0          0          0          0         68   llshl.o
        32          0          0          0          0         68   llushr.o
        36          0          0          0          0        108   memseta.o
      1204         60          0          0          0        504   printf8.o
         0          0          0          4          0          0   stdout.o
        36          0          0          0          0         80   strstr.o
        98          0          0          0          0         92   uldiv.o
        20          0          0          0          0         68   cfcmple.o
        56          0          0          0          0         88   d2f.o
       186          0          0          0          0        176   depilogue.o
        62          0          0          0          0         80   dfixi.o
        34          0          0          0          0         76   dflti.o
       228          0          0          0          0         96   dmul.o
        38          0          0          0          0         68   f2d.o
       176          0          0          0          0        140   fadd.o
       124          0          0          0          0         88   fdiv.o
       110          0          0          0          0        168   fepilogue.o
        50          0          0          0          0         68   ffixi.o
        10          0          0          0          0         68   ffltui.o
       100          0          0          0          0         76   fmul.o

    ----------------------------------------------------------------------
      2780         76          0          4          0       2248   Library Totals
         6          0          0          0          0          0   (incl. Padding)

    ----------------------------------------------------------------------

      Code (inc. data)   RO Data    RW Data    ZI Data      Debug   Library Name

      1580         76          0          4          0        988   mc_w.l
      1194          0          0          0          0       1260   mf_w.l

    ----------------------------------------------------------------------
      2780         76          0          4          0       2248   Library Totals

    ----------------------------------------------------------------------

==============================================================================


      Code (inc. data)   RO Data    RW Data    ZI Data      Debug   

     35128       3964        864        848      50816     620456   Grand Totals
     35128       3964        864        540      50816     620456   ELF Image Totals (compressed)
     35128       3964        864        540          0          0   ROM Totals

==============================================================================

    Total RO  Size (Code + RO Data)                35992 (  35.15kB)
    Total RW  Size (RW Data + ZI Data)             51664 (  50.45kB)
    Total ROM Size (Code + RO Data + RW Data)      36532 (  35.68kB)

==============================================================================

