Component: ARM Compiler 5.06 update 1 (build 61) Tool: armlink [4d35a8]

==============================================================================

Section Cross References

    startup_stm32f10x_hd.o(RESET) refers to startup_stm32f10x_hd.o(STACK) for __initial_sp
    startup_stm32f10x_hd.o(RESET) refers to startup_stm32f10x_hd.o(.text) for Reset_Handler
    startup_stm32f10x_hd.o(RESET) refers to stm32f10x_it.o(i.NMI_Handler) for NMI_Handler
    startup_stm32f10x_hd.o(RESET) refers to stm32f10x_it.o(i.HardFault_Handler) for HardFault_Handler
    startup_stm32f10x_hd.o(RESET) refers to stm32f10x_it.o(i.MemManage_Handler) for MemManage_Handler
    startup_stm32f10x_hd.o(RESET) refers to stm32f10x_it.o(i.BusFault_Handler) for BusFault_Handler
    startup_stm32f10x_hd.o(RESET) refers to stm32f10x_it.o(i.UsageFault_Handler) for UsageFault_Handler
    startup_stm32f10x_hd.o(RESET) refers to stm32f10x_it.o(i.SVC_Handler) for SVC_Handler
    startup_stm32f10x_hd.o(RESET) refers to stm32f10x_it.o(i.DebugMon_Handler) for DebugMon_Handler
    startup_stm32f10x_hd.o(RESET) refers to os_cpu_a.o(CODE) for OS_CPU_PendSVHandler
    startup_stm32f10x_hd.o(RESET) refers to os_cpu_c.o(i.OS_CPU_SysTickHandler) for OS_CPU_SysTickHandler
    startup_stm32f10x_hd.o(RESET) refers to stm32f10x_it.o(i.EXTI2_IRQHandler) for EXTI2_IRQHandler
    startup_stm32f10x_hd.o(RESET) refers to stm32f10x_it.o(i.EXTI4_IRQHandler) for EXTI4_IRQHandler
    startup_stm32f10x_hd.o(RESET) refers to stm32f10x_it.o(i.ADC1_2_IRQHandler) for ADC1_2_IRQHandler
    startup_stm32f10x_hd.o(RESET) refers to stm32f10x_it.o(i.EXTI9_5_IRQHandler) for EXTI9_5_IRQHandler
    startup_stm32f10x_hd.o(RESET) refers to stm32f10x_it.o(i.TIM1_UP_IRQHandler) for TIM1_UP_IRQHandler
    startup_stm32f10x_hd.o(RESET) refers to stm32f10x_it.o(i.TIM3_IRQHandler) for TIM3_IRQHandler
    startup_stm32f10x_hd.o(RESET) refers to stm32f10x_it.o(i.USART2_IRQHandler) for USART2_IRQHandler
    startup_stm32f10x_hd.o(RESET) refers to stm32f10x_it.o(i.USART3_IRQHandler) for USART3_IRQHandler
    startup_stm32f10x_hd.o(.text) refers to system_stm32f10x.o(i.SystemInit) for SystemInit
    startup_stm32f10x_hd.o(.text) refers to entry.o(.ARM.Collect$$$$00000000) for __main
    system_stm32f10x.o(i.SetSysClock) refers to system_stm32f10x.o(i.SetSysClockTo72) for SetSysClockTo72
    system_stm32f10x.o(i.SystemCoreClockUpdate) refers to system_stm32f10x.o(.data) for SystemCoreClock
    system_stm32f10x.o(i.SystemInit) refers to system_stm32f10x.o(i.SetSysClock) for SetSysClock
    stm32f10x_adc.o(i.ADC_DeInit) refers to stm32f10x_rcc.o(i.RCC_APB2PeriphResetCmd) for RCC_APB2PeriphResetCmd
    stm32f10x_bkp.o(i.BKP_DeInit) refers to stm32f10x_rcc.o(i.RCC_BackupResetCmd) for RCC_BackupResetCmd
    stm32f10x_can.o(i.CAN_DeInit) refers to stm32f10x_rcc.o(i.RCC_APB1PeriphResetCmd) for RCC_APB1PeriphResetCmd
    stm32f10x_can.o(i.CAN_GetITStatus) refers to stm32f10x_can.o(i.CheckITStatus) for CheckITStatus
    stm32f10x_cec.o(i.CEC_DeInit) refers to stm32f10x_rcc.o(i.RCC_APB1PeriphResetCmd) for RCC_APB1PeriphResetCmd
    stm32f10x_dac.o(i.DAC_DeInit) refers to stm32f10x_rcc.o(i.RCC_APB1PeriphResetCmd) for RCC_APB1PeriphResetCmd
    stm32f10x_flash.o(i.FLASH_EnableWriteProtection) refers to stm32f10x_flash.o(i.FLASH_WaitForLastOperation) for FLASH_WaitForLastOperation
    stm32f10x_flash.o(i.FLASH_EraseAllBank1Pages) refers to stm32f10x_flash.o(i.FLASH_WaitForLastBank1Operation) for FLASH_WaitForLastBank1Operation
    stm32f10x_flash.o(i.FLASH_EraseAllPages) refers to stm32f10x_flash.o(i.FLASH_WaitForLastOperation) for FLASH_WaitForLastOperation
    stm32f10x_flash.o(i.FLASH_EraseOptionBytes) refers to stm32f10x_flash.o(i.FLASH_GetReadOutProtectionStatus) for FLASH_GetReadOutProtectionStatus
    stm32f10x_flash.o(i.FLASH_EraseOptionBytes) refers to stm32f10x_flash.o(i.FLASH_WaitForLastOperation) for FLASH_WaitForLastOperation
    stm32f10x_flash.o(i.FLASH_ErasePage) refers to stm32f10x_flash.o(i.FLASH_WaitForLastOperation) for FLASH_WaitForLastOperation
    stm32f10x_flash.o(i.FLASH_ProgramHalfWord) refers to stm32f10x_flash.o(i.FLASH_WaitForLastOperation) for FLASH_WaitForLastOperation
    stm32f10x_flash.o(i.FLASH_ProgramOptionByteData) refers to stm32f10x_flash.o(i.FLASH_WaitForLastOperation) for FLASH_WaitForLastOperation
    stm32f10x_flash.o(i.FLASH_ProgramWord) refers to stm32f10x_flash.o(i.FLASH_WaitForLastOperation) for FLASH_WaitForLastOperation
    stm32f10x_flash.o(i.FLASH_ReadOutProtection) refers to stm32f10x_flash.o(i.FLASH_WaitForLastOperation) for FLASH_WaitForLastOperation
    stm32f10x_flash.o(i.FLASH_UserOptionByteConfig) refers to stm32f10x_flash.o(i.FLASH_WaitForLastOperation) for FLASH_WaitForLastOperation
    stm32f10x_flash.o(i.FLASH_WaitForLastBank1Operation) refers to stm32f10x_flash.o(i.FLASH_GetBank1Status) for FLASH_GetBank1Status
    stm32f10x_flash.o(i.FLASH_WaitForLastOperation) refers to stm32f10x_flash.o(i.FLASH_GetBank1Status) for FLASH_GetBank1Status
[...]
    TIM6_IRQHandler                          0x0800015f   Thumb Code     0  startup_stm32f10x_hd.o(.text)
    TIM7_IRQHandler                          0x0800015f   Thumb Code     0  startup_stm32f10x_hd.o(.text)
    TIM8_BRK_IRQHandler                      0x0800015f   Thumb Code     0  startup_stm32f10x_hd.o(.text)
    TIM8_CC_IRQHandler                       0x0800015f   Thumb Code     0  startup_stm32f10x_hd.o(.text)
    TIM8_TRG_COM_IRQHandler                  0x0800015f   Thumb Code     0  startup_stm32f10x_hd.o(.text)
    TIM8_UP_IRQHandler                       0x0800015f   Thumb Code     0  startup_stm32f10x_hd.o(.text)
    UART4_IRQHandler                         0x0800015f   Thumb Code     0  startup_stm32f10x_hd.o(.text)
    UART5_IRQHandler                         0x0800015f   Thumb Code     0  startup_stm32f10x_hd.o(.text)
    USART1_IRQHandler                        0x0800015f   Thumb Code     0  startup_stm32f10x_hd.o(.text)
    USBWakeUp_IRQHandler                     0x0800015f   Thumb Code     0  startup_stm32f10x_hd.o(.text)
    USB_HP_CAN1_TX_IRQHandler                0x0800015f   Thumb Code     0  startup_stm32f10x_hd.o(.text)
    USB_LP_CAN1_RX0_IRQHandler               0x0800015f   Thumb Code     0  startup_stm32f10x_hd.o(.text)
    WWDG_IRQHandler                          0x0800015f   Thumb Code     0  startup_stm32f10x_hd.o(.text)
    CPU_IntDis                               0x08000169   Thumb Code     0  cpu_a.o(.text)
    CPU_IntEn                                0x0800016d   Thumb Code     0  cpu_a.o(.text)
    CPU_SR_Save                              0x08000171   Thumb Code     0  cpu_a.o(.text)
    CPU_SR_Restore                           0x08000179   Thumb Code     0  cpu_a.o(.text)
    CPU_WaitForInt                           0x0800017f   Thumb Code     0  cpu_a.o(.text)
    CPU_WaitForExcept                        0x08000183   Thumb Code     0  cpu_a.o(.text)
    CPU_CntLeadZeros                         0x08000187   Thumb Code     0  cpu_a.o(.text)
    CPU_CntTrailZeros                        0x0800018d   Thumb Code     0  cpu_a.o(.text)
    CPU_RevBits                              0x08000197   Thumb Code     0  cpu_a.o(.text)
    __aeabi_memset                           0x0800019d   Thumb Code    14  memseta.o(.text)
    __aeabi_memset4                          0x0800019d   Thumb Code     0  memseta.o(.text)
    __aeabi_memset8                          0x0800019d   Thumb Code     0  memseta.o(.text)
    __aeabi_memclr                           0x080001ab   Thumb Code     4  memseta.o(.text)
    __aeabi_memclr4                          0x080001ab   Thumb Code     0  memseta.o(.text)
    __aeabi_memclr8                          0x080001ab   Thumb Code     0  memseta.o(.text)
    _memset$wrapper                          0x080001af   Thumb Code    18  memseta.o(.text)
    strstr                                   0x080001c1   Thumb Code    36  strstr.o(.text)
    atoi                                     0x080001e5   Thumb Code    26  atoi.o(.text)
    __aeabi_fadd                             0x080001ff   Thumb Code   164  fadd.o(.text)
    __aeabi_fsub                             0x080002a3   Thumb Code     6  fadd.o(.text)
    __aeabi_frsub                            0x080002a9   Thumb Code     6  fadd.o(.text)
    __aeabi_fmul                             0x080002af   Thumb Code   100  fmul.o(.text)
    __aeabi_fdiv                             0x08000313   Thumb Code   124  fdiv.o(.text)
    __aeabi_dmul                             0x0800038f   Thumb Code   228  dmul.o(.text)
    __aeabi_ui2f                             0x08000473   Thumb Code    10  ffltui.o(.text)
    __aeabi_i2d                              0x0800047d   Thumb Code    34  dflti.o(.text)
    __aeabi_f2iz                             0x0800049f   Thumb Code    50  ffixi.o(.text)
    __aeabi_d2iz                             0x080004d1   Thumb Code    62  dfixi.o(.text)
    __aeabi_f2d                              0x0800050f   Thumb Code    38  f2d.o(.text)
    __aeabi_d2f                              0x08000535   Thumb Code    56  d2f.o(.text)
    __aeabi_uldivmod                         0x0800056d   Thumb Code    98  uldiv.o(.text)
    __aeabi_llsr                             0x080005cf   Thumb Code    32  llushr.o(.text)
    _ll_ushift_r                             0x080005cf   Thumb Code     0  llushr.o(.text)
    strtol                                   0x080005ef   Thumb Code   112  strtol.o(.text)
    __I$use$fp                               0x0800065f   Thumb Code     0  iusefp.o(.text)
    _float_round                             0x0800065f   Thumb Code    18  fepilogue.o(.text)
    _float_epilogue                          0x08000671   Thumb Code    92  fepilogue.o(.text)
    _double_round                            0x080006cd   Thumb Code    30  depilogue.o(.text)
    _double_epilogue                         0x080006eb   Thumb Code   156  depilogue.o(.text)
    __scatterload                            0x08000789   Thumb Code    28  init.o(.text)
    __scatterload_rt2                        0x08000789   Thumb Code     0  init.o(.text)
    __aeabi_llsl                             0x080007ad   Thumb Code    30  llshl.o(.text)
    _ll_shift_l                              0x080007ad   Thumb Code     0  llshl.o(.text)
    __rt_ctype_table                         0x080007cd   Thumb Code     4  ctype_o.o(.text)
    _strtoul                                 0x080007d5   Thumb Code   158  _strtoul.o(.text)
    _chval                                   0x08000873   Thumb Code    28  _chval.o(.text)
    __decompress                             0x0800088f   Thumb Code     0  __dczerorl.o(.text)
    __decompress0                            0x0800088f   Thumb Code    58  __dczerorl.o(.text)
    OSStartHighRdy                           0x080008c9   Thumb Code     0  os_cpu_a.o(CODE)
    OS_CPU_PendSVHandler                     0x080008eb   Thumb Code     0  os_cpu_a.o(CODE)
    ADC1_2_IRQHandler                        0x0800094d   Thumb Code    38  stm32f10x_it.o(i.ADC1_2_IRQHandler)
    ADC_ClearITPendingBit                    0x0800097d   Thumb Code    10  stm32f10x_adc.o(i.ADC_ClearITPendingBit)
    ADC_Cmd                                  0x08000987   Thumb Code    22  stm32f10x_adc.o(i.ADC_Cmd)
    ADC_GetCalibrationStatus                 0x0800099d   Thumb Code    20  stm32f10x_adc.o(i.ADC_GetCalibrationStatus)
    ADC_GetConversionValue                   0x080009b1   Thumb Code     8  stm32f10x_adc.o(i.ADC_GetConversionValue)
    ADC_GetITStatus                          0x080009b9   Thumb Code    36  stm32f10x_adc.o(i.ADC_GetITStatus)
    ADC_GetResetCalibrationStatus            0x080009dd   Thumb Code    20  stm32f10x_adc.o(i.ADC_GetResetCalibrationStatus)
    ADC_ITConfig                             0x080009f1   Thumb Code    24  stm32f10x_adc.o(i.ADC_ITConfig)
    ADC_Init                                 0x08000a09   Thumb Code    70  stm32f10x_adc.o(i.ADC_Init)
    ADC_RegularChannelConfig                 0x08000a7f   Thumb Code   184  stm32f10x_adc.o(i.ADC_RegularChannelConfig)
    ADC_ResetCalibration                     0x08000b37   Thumb Code    10  stm32f10x_adc.o(i.ADC_ResetCalibration)
    ADC_SoftwareStartConvCmd                 0x08000b41   Thumb Code    22  stm32f10x_adc.o(i.ADC_SoftwareStartConvCmd)
    ADC_StartCalibration                     0x08000b57   Thumb Code    10  stm32f10x_adc.o(i.ADC_StartCalibration)
    ADCx_Init                                0x08000b85   Thumb Code    16  bsp_adc.o(i.ADCx_Init)
    ADVANCE_TIM1_Init                        0x08000c25   Thumb Code    12  bsp_advancetim.o(i.ADVANCE_TIM1_Init)
    ADVANCE_TIM8_Init                        0x08000cd1   Thumb Code    16  bsp_advancetim.o(i.ADVANCE_TIM8_Init)
    BSP_CPU_ClkFreq                          0x0800100f   Thumb Code    16  bsp.o(i.BSP_CPU_ClkFreq)
    BSP_Init                                 0x08001021   Thumb Code    62  bsp.o(i.BSP_Init)
    Battery_rx                               0x08001071   Thumb Code   584  bsp_task.o(i.Battery_rx)
    BusFault_Handler                         0x080012e9   Thumb Code     4  stm32f10x_it.o(i.BusFault_Handler)
    CPU_Init                                 0x080012ed   Thumb Code    16  cpu_core.o(i.CPU_Init)
    CPU_IntDisMeasMaxCurGet                  0x0800139d   Thumb Code    40  cpu_core.o(i.CPU_IntDisMeasMaxCurGet)
    CPU_IntDisMeasMaxCurReset                0x080013c9   Thumb Code    40  cpu_core.o(i.CPU_IntDisMeasMaxCurReset)
    CPU_IntDisMeasMaxGet                     0x080013f5   Thumb Code    40  cpu_core.o(i.CPU_IntDisMeasMaxGet)
    CPU_IntDisMeasStart                      0x08001421   Thumb Code    38  cpu_core.o(i.CPU_IntDisMeasStart)
    CPU_IntDisMeasStop                       0x08001455   Thumb Code    62  cpu_core.o(i.CPU_IntDisMeasStop)
    CPU_NameClr                              0x080014a9   Thumb Code    50  cpu_core.o(i.CPU_NameClr)
    CPU_TS_TmrFreqSet                        0x080014fd   Thumb Code     6  cpu_core.o(i.CPU_TS_TmrFreqSet)
    CPU_TS_TmrInit                           0x08001509   Thumb Code    44  bsp.o(i.CPU_TS_TmrInit)
    CPU_TS_TmrRd                             0x0800153d   Thumb Code     6  bsp.o(i.CPU_TS_TmrRd)
    DS18B20_GetTemp_SkipRom                  0x08001575   Thumb Code   108  bsp_ds18b20.o(i.DS18B20_GetTemp_SkipRom)
    DS18B20_Init                             0x080015e5   Thumb Code    24  bsp_ds18b20.o(i.DS18B20_Init)
    DebugMon_Handler                         0x08001791   Thumb Code     2  stm32f10x_it.o(i.DebugMon_Handler)
    Delay_Tim5_Init                          0x08001795   Thumb Code    76  bsp_tim.o(i.Delay_Tim5_Init)
    Delay_us                                 0x080017e5   Thumb Code    64  bsp_tim.o(i.Delay_us)
    ESP8266_Cmd                              0x08001829   Thumb Code   164  bsp_esp8266.o(i.ESP8266_Cmd)
    ESP8266_Enable_MultipleId                0x080018e1   Thumb Code    42  bsp_esp8266.o(i.ESP8266_Enable_MultipleId)
    ESP8266_ExitUnvarnishSend                0x08001921   Thumb Code    52  bsp_esp8266.o(i.ESP8266_ExitUnvarnishSend)
    ESP8266_Get_LinkStatus                   0x080019a1   Thumb Code    64  bsp_esp8266.o(i.ESP8266_Get_LinkStatus)
    ESP8266_Init                             0x08001a1d   Thumb Code    32  bsp_esp8266.o(i.ESP8266_Init)
    ESP8266_JoinAP                           0x08001a41   Thumb Code    48  bsp_esp8266.o(i.ESP8266_JoinAP)
    ESP8266_Link_Server                      0x08001a89   Thumb Code   110  bsp_esp8266.o(i.ESP8266_Link_Server)
    ESP8266_Net_Mode_Choose                  0x08001b49   Thumb Code    68  bsp_esp8266.o(i.ESP8266_Net_Mode_Choose)
    ESP8266_SendString                       0x08001bc1   Thumb Code   102  bsp_esp8266.o(i.ESP8266_SendString)
    ESP8266_UnvarnishSend                    0x08001d25   Thumb Code    38  bsp_esp8266.o(i.ESP8266_UnvarnishSend)
    EXTI2_IRQHandler                         0x08001d71   Thumb Code    52  stm32f10x_it.o(i.EXTI2_IRQHandler)
    EXTI4_IRQHandler                         0x08001dad   Thumb Code    54  stm32f10x_it.o(i.EXTI4_IRQHandler)
    EXTI9_5_IRQHandler                       0x08001ded   Thumb Code    54  stm32f10x_it.o(i.EXTI9_5_IRQHandler)
    EXTI_ClearITPendingBit                   0x08001e3d   Thumb Code     6  stm32f10x_exti.o(i.EXTI_ClearITPendingBit)
    EXTI_GetITStatus                         0x08001e49   Thumb Code    34  stm32f10x_exti.o(i.EXTI_GetITStatus)
    EXTI_HUOER_Config                        0x08001e71   Thumb Code   144  huoer_exti.o(i.EXTI_HUOER_Config)
    EXTI_Init                                0x08001f09   Thumb Code   142  stm32f10x_exti.o(i.EXTI_Init)
    EXTI_LIGHT_Config                        0x08001f9d   Thumb Code    80  bsp_light_exit.o(i.EXTI_LIGHT_Config)
    GPIO_AFIODeInit                          0x08001ff1   Thumb Code    20  stm32f10x_gpio.o(i.GPIO_AFIODeInit)
    GPIO_EXTILineConfig                      0x08002005   Thumb Code    60  stm32f10x_gpio.o(i.GPIO_EXTILineConfig)
    GPIO_Init                                0x08002045   Thumb Code   278  stm32f10x_gpio.o(i.GPIO_Init)
    GPIO_PinRemapConfig                      0x0800215d   Thumb Code   138  stm32f10x_gpio.o(i.GPIO_PinRemapConfig)
    GPIO_ReadInputDataBit                    0x080021ed   Thumb Code    18  stm32f10x_gpio.o(i.GPIO_ReadInputDataBit)
    GPIO_ResetBits                           0x080021ff   Thumb Code     4  stm32f10x_gpio.o(i.GPIO_ResetBits)
    GPIO_SetBits                             0x08002203   Thumb Code     4  stm32f10x_gpio.o(i.GPIO_SetBits)
    HardFault_Handler                        0x08002207   Thumb Code     4  stm32f10x_it.o(i.HardFault_Handler)
    HexToStr                                 0x0800220b   Thumb Code   118  bsp_agreement.o(i.HexToStr)
    I2C_Cmd                                  0x08002281   Thumb Code    24  stm32f10x_i2c.o(i.I2C_Cmd)
    I2C_EE_Init                              0x08002299   Thumb Code    18  bsp_i2c_ee.o(i.I2C_EE_Init)
    I2C_Init                                 0x080022fd   Thumb Code   222  stm32f10x_i2c.o(i.I2C_Init)
    LED_Init                                 0x080024d1   Thumb Code    62  bsp_led.o(i.LED_Init)
    Link_start                               0x08002519   Thumb Code   488  bsp_task.o(i.Link_start)
    MemManage_Handler                        0x08002821   Thumb Code     4  stm32f10x_it.o(i.MemManage_Handler)
    Mem_Clr                                  0x08002825   Thumb Code    18  lib_mem.o(i.Mem_Clr)
    Mem_Init                                 0x08002839   Thumb Code    54  lib_mem.o(i.Mem_Init)
    Mem_Set                                  0x08002881   Thumb Code    98  lib_mem.o(i.Mem_Set)
    Modbus_tx                                0x080028e5   Thumb Code    16  bsp_task.o(i.Modbus_tx)
    Motor_Speed_Set                          0x080028f9   Thumb Code    42  bsp_tim_pwm.o(i.Motor_Speed_Set)
    NMI_Handler                              0x0800293d   Thumb Code     2  stm32f10x_it.o(i.NMI_Handler)
    NVIC_Init                                0x080029c1   Thumb Code   100  misc.o(i.NVIC_Init)
    NVIC_PriorityGroupConfig                 0x08002a5d   Thumb Code    10  misc.o(i.NVIC_PriorityGroupConfig)
    OSCfg_Init                               0x08002a71   Thumb Code     2  os_cfg_app.o(i.OSCfg_Init)
    OSIdleTaskHook                           0x08002a75   Thumb Code    16  os_cpu_c.o(i.OSIdleTaskHook)
    OSInit                                   0x08002a89   Thumb Code   300  os_core.o(i.OSInit)
    OSInitHook                               0x08002c15   Thumb Code    42  os_cpu_c.o(i.OSInitHook)
    OSIntExit                                0x08002c4d   Thumb Code   192  os_core.o(i.OSIntExit)
    OSSched                                  0x08002d31   Thumb Code   134  os_core.o(i.OSSched)
    OSSchedLock                              0x08002dd9   Thumb Code   112  os_core.o(i.OSSchedLock)
    OSSchedUnlock                            0x08002e55   Thumb Code   148  os_core.o(i.OSSchedUnlock)
    OSStart                                  0x08002ef5   Thumb Code    78  os_core.o(i.OSStart)
    OSStatReset                              0x08002f5d   Thumb Code   316  os_stat.o(i.OSStatReset)
    OSStatTaskCPUUsageInit                   0x080030c5   Thumb Code   228  os_stat.o(i.OSStatTaskCPUUsageInit)
    OSStatTaskHook                           0x080031c5   Thumb Code    16  os_cpu_c.o(i.OSStatTaskHook)
    OSTaskCreate                             0x080031d9   Thumb Code   624  os_task.o(i.OSTaskCreate)
    OSTaskCreateHook                         0x0800346d   Thumb Code    20  os_cpu_c.o(i.OSTaskCreateHook)
    OSTaskDel                                0x08003485   Thumb Code   490  os_task.o(i.OSTaskDel)
    OSTaskDelHook                            0x0800368d   Thumb Code    20  os_cpu_c.o(i.OSTaskDelHook)
    OSTaskResume                             0x080036a5   Thumb Code   124  os_task.o(i.OSTaskResume)
    OSTaskReturnHook                         0x0800372d   Thumb Code    20  os_cpu_c.o(i.OSTaskReturnHook)
    OSTaskSemPend                            0x08003745   Thumb Code   578  os_task.o(i.OSTaskSemPend)
    OSTaskStkChk                             0x08003995   Thumb Code   220  os_task.o(i.OSTaskStkChk)
    OSTaskStkInit                            0x08003a79   Thumb Code   188  os_cpu_c.o(i.OSTaskStkInit)
    OSTaskSuspend                            0x08003b39   Thumb Code    78  os_task.o(i.OSTaskSuspend)
    OSTaskSwHook                             0x08003b99   Thumb Code   146  os_cpu_c.o(i.OSTaskSwHook)
    OSTimeDly                                0x08003c3d   Thumb Code   322  os_time.o(i.OSTimeDly)
    OSTimeDlyHMSM                            0x08003d8d   Thumb Code   538  os_time.o(i.OSTimeDlyHMSM)
    OSTimeTick                               0x08003fb9   Thumb Code    54  os_time.o(i.OSTimeTick)
    OSTimeTickHook                           0x08003ffd   Thumb Code    16  os_cpu_c.o(i.OSTimeTickHook)
    OS_CPU_SysTickHandler                    0x08004011   Thumb Code    60  os_cpu_c.o(i.OS_CPU_SysTickHandler)
    OS_CPU_SysTickInit                       0x08004051   Thumb Code    44  os_cpu_c.o(i.OS_CPU_SysTickInit)
    OS_Dbg_Init                              0x08004081   Thumb Code   150  os_dbg.o(i.OS_Dbg_Init)
    OS_FlagInit                              0x08004235   Thumb Code    14  os_flag.o(i.OS_FlagInit)
    OS_FlagPost                              0x0800424d   Thumb Code   626  os_flag.o(i.OS_FlagPost)
    OS_FlagTaskRdy                           0x080044c9   Thumb Code    86  os_flag.o(i.OS_FlagTaskRdy)
    OS_IdleTask                              0x08004521   Thumb Code    68  os_core.o(i.OS_IdleTask)
    OS_IdleTaskInit                          0x0800456d   Thumb Code    66  os_core.o(i.OS_IdleTaskInit)
    OS_IntQPost                              0x080045dd   Thumb Code   224  os_int.o(i.OS_IntQPost)
    OS_IntQRePost                            0x080046e1   Thumb Code   360  os_int.o(i.OS_IntQRePost)
    OS_IntQTask                              0x08004885   Thumb Code   182  os_int.o(i.OS_IntQTask)
    OS_IntQTaskInit                          0x0800494d   Thumb Code   206  os_int.o(i.OS_IntQTaskInit)
    OS_MemInit                               0x08004a75   Thumb Code    14  os_mem.o(i.OS_MemInit)
    OS_MsgPoolInit                           0x08004a8d   Thumb Code   110  os_msg.o(i.OS_MsgPoolInit)
    OS_MsgQFreeAll                           0x08004b09   Thumb Code    62  os_msg.o(i.OS_MsgQFreeAll)
    OS_MsgQInit                              0x08004b4d   Thumb Code    14  os_msg.o(i.OS_MsgQInit)
    OS_MsgQPut                               0x08004b5d   Thumb Code   254  os_msg.o(i.OS_MsgQPut)
    OS_MutexInit                             0x08004c61   Thumb Code    14  os_mutex.o(i.OS_MutexInit)
    OS_Pend                                  0x08004c79   Thumb Code    98  os_core.o(i.OS_Pend)
    OS_PendDataInit                          0x08004ce1   Thumb Code    38  os_core.o(i.OS_PendDataInit)
    OS_PendDbgNameAdd                        0x08004d09   Thumb Code    66  os_core.o(i.OS_PendDbgNameAdd)
    OS_PendDbgNameRemove                     0x08004d65   Thumb Code    30  os_core.o(i.OS_PendDbgNameRemove)
    OS_PendListInsertPrio                    0x08004d89   Thumb Code   102  os_core.o(i.OS_PendListInsertPrio)
    OS_PendListRemove                        0x08004def   Thumb Code    48  os_core.o(i.OS_PendListRemove)
    OS_PendListRemove1                       0x08004e1f   Thumb Code    66  os_core.o(i.OS_PendListRemove1)
    OS_Post                                  0x08004e61   Thumb Code   192  os_core.o(i.OS_Post)
    OS_Post1                                 0x08004f21   Thumb Code    42  os_core.o(i.OS_Post1)
    OS_PrioGetHighest                        0x08004f4d   Thumb Code    36  os_prio.o(i.OS_PrioGetHighest)
    OS_PrioInit                              0x08004f75   Thumb Code    20  os_prio.o(i.OS_PrioInit)
    OS_PrioInsert                            0x08004f8d   Thumb Code    32  os_prio.o(i.OS_PrioInsert)
    OS_PrioRemove                            0x08004fb1   Thumb Code    32  os_prio.o(i.OS_PrioRemove)
    OS_QInit                                 0x08004fd5   Thumb Code    14  os_q.o(i.OS_QInit)
    OS_QPost                                 0x08004fed   Thumb Code   382  os_q.o(i.OS_QPost)
    OS_RdyListInit                           0x08005175   Thumb Code    32  os_core.o(i.OS_RdyListInit)
    OS_RdyListInsert                         0x08005199   Thumb Code    40  os_core.o(i.OS_RdyListInsert)
    OS_RdyListInsertHead                     0x080051c5   Thumb Code    58  os_core.o(i.OS_RdyListInsertHead)
    OS_RdyListInsertTail                     0x08005205   Thumb Code    56  os_core.o(i.OS_RdyListInsertTail)
    OS_RdyListMoveHeadToTail                 0x08005241   Thumb Code    68  os_core.o(i.OS_RdyListMoveHeadToTail)
    OS_RdyListRemove                         0x08005285   Thumb Code    86  os_core.o(i.OS_RdyListRemove)
    OS_Sched0                                0x080052e1   Thumb Code    72  os_core.o(i.OS_Sched0)
    OS_SchedLockTimeMeasStart                0x0800533d   Thumb Code    20  os_core.o(i.OS_SchedLockTimeMeasStart)
    OS_SchedLockTimeMeasStop                 0x08005359   Thumb Code    44  os_core.o(i.OS_SchedLockTimeMeasStop)
    OS_SchedRoundRobin                       0x08005395   Thumb Code   218  os_core.o(i.OS_SchedRoundRobin)
    OS_SemInit                               0x08005481   Thumb Code    14  os_sem.o(i.OS_SemInit)
    OS_SemPost                               0x08005499   Thumb Code   404  os_sem.o(i.OS_SemPost)
    OS_StatTask                              0x08005631   Thumb Code   878  os_stat.o(i.OS_StatTask)
    OS_StatTaskInit                          0x080059e9   Thumb Code   136  os_stat.o(i.OS_StatTaskInit)
    OS_TaskBlock                             0x08005ab5   Thumb Code    56  os_core.o(i.OS_TaskBlock)
    OS_TaskDbgListAdd                        0x08005aed   Thumb Code    42  os_task.o(i.OS_TaskDbgListAdd)
    OS_TaskDbgListRemove                     0x08005b1d   Thumb Code    64  os_task.o(i.OS_TaskDbgListRemove)
    OS_TaskInit                              0x08005b61   Thumb Code    18  os_task.o(i.OS_TaskInit)
    OS_TaskInitTCB                           0x08005b81   Thumb Code   194  os_task.o(i.OS_TaskInitTCB)
    OS_TaskQPost                             0x08005c51   Thumb Code   606  os_task.o(i.OS_TaskQPost)
    OS_TaskRdy                               0x08005ebd   Thumb Code    28  os_core.o(i.OS_TaskRdy)
    OS_TaskResume                            0x08005ed9   Thumb Code   374  os_task.o(i.OS_TaskResume)
    OS_TaskReturn                            0x08006055   Thumb Code    20  os_task.o(i.OS_TaskReturn)
    OS_TaskSemPost                           0x0800606d   Thumb Code  1438  os_task.o(i.OS_TaskSemPost)
    OS_TaskSuspend                           0x08006615   Thumb Code   392  os_task.o(i.OS_TaskSuspend)
    OS_TickListInit                          0x080067a5   Thumb Code    32  os_tick.o(i.OS_TickListInit)
    OS_TickListInsert                        0x080067cd   Thumb Code   430  os_tick.o(i.OS_TickListInsert)
    OS_TickListRemove                        0x08006989   Thumb Code    56  os_tick.o(i.OS_TickListRemove)
    OS_TickListResetPeak                     0x080069c1   Thumb Code    28  os_tick.o(i.OS_TickListResetPeak)
    OS_TickListUpdate                        0x080069e5   Thumb Code   520  os_tick.o(i.OS_TickListUpdate)
    OS_TickTask                              0x08006c05   Thumb Code    38  os_tick.o(i.OS_TickTask)
    OS_TickTaskInit                          0x08006c31   Thumb Code   128  os_tick.o(i.OS_TickTaskInit)
    OS_TmrInit                               0x08006ce9   Thumb Code   206  os_tmr.o(i.OS_TmrInit)
    OS_TmrLink                               0x08006e11   Thumb Code   196  os_tmr.o(i.OS_TmrLink)
    OS_TmrResetPeak                          0x08006ee1   Thumb Code    28  os_tmr.o(i.OS_TmrResetPeak)
    OS_TmrTask                               0x08006f05   Thumb Code   176  os_tmr.o(i.OS_TmrTask)
    OS_TmrUnlink                             0x08006fc5   Thumb Code    72  os_tmr.o(i.OS_TmrUnlink)
    RCC_ADCCLKConfig                         0x08007015   Thumb Code    18  stm32f10x_rcc.o(i.RCC_ADCCLKConfig)
    RCC_APB1PeriphClockCmd                   0x0800702d   Thumb Code    26  stm32f10x_rcc.o(i.RCC_APB1PeriphClockCmd)
    RCC_APB2PeriphClockCmd                   0x0800704d   Thumb Code    26  stm32f10x_rcc.o(i.RCC_APB2PeriphClockCmd)
    RCC_APB2PeriphResetCmd                   0x0800706d   Thumb Code    26  stm32f10x_rcc.o(i.RCC_APB2PeriphResetCmd)
    RCC_GetClocksFreq                        0x0800708d   Thumb Code   192  stm32f10x_rcc.o(i.RCC_GetClocksFreq)
    RS485_USART_Config                       0x08007199   Thumb Code   180  bsp_485.o(i.RS485_USART_Config)
    RS485_Usart_SendArray                    0x08007259   Thumb Code    92  bsp_485.o(i.RS485_Usart_SendArray)
    RS485_Usart_SendByte                     0x080072b9   Thumb Code    30  bsp_485.o(i.RS485_Usart_SendByte)
    SVC_Handler                              0x080072d7   Thumb Code     2  stm32f10x_it.o(i.SVC_Handler)
    SystemInit                               0x080073c1   Thumb Code    78  system_stm32f10x.o(i.SystemInit)
    TIM1_UP_IRQHandler                       0x08007539   Thumb Code    38  stm32f10x_it.o(i.TIM1_UP_IRQHandler)
    TIM3_IRQHandler                          0x08007565   Thumb Code    64  stm32f10x_it.o(i.TIM3_IRQHandler)
    TIM_ARRPreloadConfig                     0x080075ad   Thumb Code    24  stm32f10x_tim.o(i.TIM_ARRPreloadConfig)
    TIM_ClearFlag                            0x080075c5   Thumb Code     6  stm32f10x_tim.o(i.TIM_ClearFlag)
    TIM_ClearITPendingBit                    0x080075cb   Thumb Code     6  stm32f10x_tim.o(i.TIM_ClearITPendingBit)
    TIM_Cmd                                  0x080075d1   Thumb Code    24  stm32f10x_tim.o(i.TIM_Cmd)
    TIM_GetITStatus                          0x080075e9   Thumb Code    34  stm32f10x_tim.o(i.TIM_GetITStatus)
    TIM_ITConfig                             0x0800760b   Thumb Code    18  stm32f10x_tim.o(i.TIM_ITConfig)
    TIM_OC2Init                              0x0800761d   Thumb Code   154  stm32f10x_tim.o(i.TIM_OC2Init)
    TIM_OC2PreloadConfig                     0x080076c1   Thumb Code    26  stm32f10x_tim.o(i.TIM_OC2PreloadConfig)
    TIM_PWMIConfig                           0x080076db   Thumb Code   124  stm32f10x_tim.o(i.TIM_PWMIConfig)
    TIM_SelectInputTrigger                   0x08007757   Thumb Code    18  stm32f10x_tim.o(i.TIM_SelectInputTrigger)
    TIM_SelectMasterSlaveMode                0x08007769   Thumb Code    18  stm32f10x_tim.o(i.TIM_SelectMasterSlaveMode)
    TIM_SelectSlaveMode                      0x0800777b   Thumb Code    18  stm32f10x_tim.o(i.TIM_SelectSlaveMode)
    TIM_SetIC1Prescaler                      0x0800778d   Thumb Code    18  stm32f10x_tim.o(i.TIM_SetIC1Prescaler)
    TIM_SetIC2Prescaler                      0x0800779f   Thumb Code    26  stm32f10x_tim.o(i.TIM_SetIC2Prescaler)
    TIM_TimeBaseInit                         0x080077b9   Thumb Code   122  stm32f10x_tim.o(i.TIM_TimeBaseInit)
    TIM_TimeBaseStructInit                   0x0800785d   Thumb Code    18  stm32f10x_tim.o(i.TIM_TimeBaseStructInit)
    TIMx_Breathing_Init                      0x0800786f   Thumb Code    12  bsp_tim_pwm.o(i.TIMx_Breathing_Init)
    USART2_IRQHandler                        0x08007945   Thumb Code    72  stm32f10x_it.o(i.USART2_IRQHandler)
    USART3_IRQHandler                        0x08007999   Thumb Code   136  stm32f10x_it.o(i.USART3_IRQHandler)
    USART_ClearITPendingBit                  0x08007a39   Thumb Code    30  stm32f10x_usart.o(i.USART_ClearITPendingBit)
    USART_Cmd                                0x08007a57   Thumb Code    24  stm32f10x_usart.o(i.USART_Cmd)
    USART_Config                             0x08007a71   Thumb Code   136  bsp_usart.o(i.USART_Config)
    USART_GetFlagStatus                      0x08007b01   Thumb Code    26  stm32f10x_usart.o(i.USART_GetFlagStatus)
    USART_GetITStatus                        0x08007b1b   Thumb Code    84  stm32f10x_usart.o(i.USART_GetITStatus)
    USART_ITConfig                           0x08007b6f   Thumb Code    74  stm32f10x_usart.o(i.USART_ITConfig)
    USART_Init                               0x08007bb9   Thumb Code   210  stm32f10x_usart.o(i.USART_Init)
    USART_ReceiveData                        0x08007c91   Thumb Code    10  stm32f10x_usart.o(i.USART_ReceiveData)
    USART_SendData                           0x08007c9b   Thumb Code     8  stm32f10x_usart.o(i.USART_SendData)
    USART_printf                             0x08007ca3   Thumb Code   262  bsp_common.o(i.USART_printf)
    UsageFault_Handler                       0x08007da9   Thumb Code     4  stm32f10x_it.o(i.UsageFault_Handler)
    __0printf$8                              0x08007dad   Thumb Code    22  printf8.o(i.__0printf$8)
    __1printf$8                              0x08007dad   Thumb Code     0  printf8.o(i.__0printf$8)
    __2printf                                0x08007dad   Thumb Code     0  printf8.o(i.__0printf$8)
    __0sprintf$8                             0x08007dcd   Thumb Code    34  printf8.o(i.__0sprintf$8)
    __1sprintf$8                             0x08007dcd   Thumb Code     0  printf8.o(i.__0sprintf$8)
    __2sprintf                               0x08007dcd   Thumb Code     0  printf8.o(i.__0sprintf$8)
    __aeabi_errno_addr                       0x08007df5   Thumb Code     4  errno.o(i.__aeabi_errno_addr)
    __rt_errno_addr                          0x08007df5   Thumb Code     0  errno.o(i.__aeabi_errno_addr)
    __scatterload_copy                       0x08007dfd   Thumb Code    14  handlers.o(i.__scatterload_copy)
    __scatterload_null                       0x08007e0b   Thumb Code     2  handlers.o(i.__scatterload_null)
    __scatterload_zeroinit                   0x08007e0d   Thumb Code    14  handlers.o(i.__scatterload_zeroinit)
    ascii_to_int                             0x08008289   Thumb Code    32  bsp_task.o(i.ascii_to_int)
    crc16                                    0x080082a9   Thumb Code    38  crc16.o(i.crc16)
    dt_send                                  0x080082d5   Thumb Code   130  bsp_agreement.o(i.dt_send)
    dt_send2                                 0x0800835d   Thumb Code   130  bsp_agreement.o(i.dt_send2)
    fputc                                    0x080083e5   Thumb Code    32  bsp_usart.o(i.fputc)
    main                                     0x080084c5   Thumb Code    68  app.o(i.main)
    modbus_rx                                0x08008525   Thumb Code   106  bsp_task.o(i.modbus_rx)
    modbusrtu_send                           0x080085b5   Thumb Code   172  bsp_modbusrtu.o(i.modbusrtu_send)
    real_time_data                           0x08008685   Thumb Code   372  bsp_task.o(i.real_time_data)
    tcp_Agreement                            0x080088a5   Thumb Code   682  bsp_agreement.o(i.tcp_Agreement)
    OSCfg_IdleTaskStkBasePtr                 0x08008b7c   Data           4  os_cfg_app.o(.constdata)
    OSCfg_IdleTaskStkLimit                   0x08008b80   Data           4  os_cfg_app.o(.constdata)
    OSCfg_IdleTaskStkSize                    0x08008b84   Data           4  os_cfg_app.o(.constdata)
    OSCfg_IdleTaskStkSizeRAM                 0x08008b88   Data           4  os_cfg_app.o(.constdata)
    OSCfg_IntQBasePtr                        0x08008b8c   Data           4  os_cfg_app.o(.constdata)
    OSCfg_IntQSize                           0x08008b90   Data           2  os_cfg_app.o(.constdata)
    OSCfg_IntQSizeRAM                        0x08008b94   Data           4  os_cfg_app.o(.constdata)
    OSCfg_IntQTaskStkBasePtr                 0x08008b98   Data           4  os_cfg_app.o(.constdata)
    OSCfg_IntQTaskStkLimit                   0x08008b9c   Data           4  os_cfg_app.o(.constdata)
    OSCfg_IntQTaskStkSize                    0x08008ba0   Data           4  os_cfg_app.o(.constdata)
    OSCfg_IntQTaskStkSizeRAM                 0x08008ba4   Data           4  os_cfg_app.o(.constdata)
    OSCfg_ISRStkBasePtr                      0x08008ba8   Data           4  os_cfg_app.o(.constdata)
    OSCfg_ISRStkSize                         0x08008bac   Data           4  os_cfg_app.o(.constdata)
    OSCfg_ISRStkSizeRAM                      0x08008bb0   Data           4  os_cfg_app.o(.constdata)
    OSCfg_MsgPoolSize                        0x08008bb4   Data           2  os_cfg_app.o(.constdata)
    OSCfg_MsgPoolSizeRAM                     0x08008bb8   Data           4  os_cfg_app.o(.constdata)
    OSCfg_MsgPoolBasePtr                     0x08008bbc   Data           4  os_cfg_app.o(.constdata)
    OSCfg_StatTaskPrio                       0x08008bc0   Data           1  os_cfg_app.o(.constdata)
    OSCfg_StatTaskRate_Hz                    0x08008bc4   Data           4  os_cfg_app.o(.constdata)
    OSCfg_StatTaskStkBasePtr                 0x08008bc8   Data           4  os_cfg_app.o(.constdata)
    OSCfg_StatTaskStkLimit                   0x08008bcc   Data           4  os_cfg_app.o(.constdata)
    OSCfg_StatTaskStkSize                    0x08008bd0   Data           4  os_cfg_app.o(.constdata)
    OSCfg_StatTaskStkSizeRAM                 0x08008bd4   Data           4  os_cfg_app.o(.constdata)
    OSCfg_StkSizeMin                         0x08008bd8   Data           4  os_cfg_app.o(.constdata)
    OSCfg_TickRate_Hz                        0x08008bdc   Data           4  os_cfg_app.o(.constdata)
    OSCfg_TickTaskPrio                       0x08008be0   Data           1  os_cfg_app.o(.constdata)
    OSCfg_TickTaskStkBasePtr                 0x08008be4   Data           4  os_cfg_app.o(.constdata)
    OSCfg_TickTaskStkLimit                   0x08008be8   Data           4  os_cfg_app.o(.constdata)
    OSCfg_TickTaskStkSize                    0x08008bec   Data           4  os_cfg_app.o(.constdata)
    OSCfg_TickTaskStkSizeRAM                 0x08008bf0   Data           4  os_cfg_app.o(.constdata)
    OSCfg_TickWheelSize                      0x08008bf4   Data           2  os_cfg_app.o(.constdata)
    OSCfg_TickWheelSizeRAM                   0x08008bf8   Data           4  os_cfg_app.o(.constdata)
    OSCfg_TmrTaskPrio                        0x08008bfc   Data           1  os_cfg_app.o(.constdata)
    OSCfg_TmrTaskRate_Hz                     0x08008c00   Data           4  os_cfg_app.o(.constdata)
    OSCfg_TmrTaskStkBasePtr                  0x08008c04   Data           4  os_cfg_app.o(.constdata)
    OSCfg_TmrTaskStkLimit                    0x08008c08   Data           4  os_cfg_app.o(.constdata)
    OSCfg_TmrTaskStkSize                     0x08008c0c   Data           4  os_cfg_app.o(.constdata)
    OSCfg_TmrTaskStkSizeRAM                  0x08008c10   Data           4  os_cfg_app.o(.constdata)
    OSCfg_TmrWheelSize                       0x08008c14   Data           2  os_cfg_app.o(.constdata)
    OSCfg_TmrWheelSizeRAM                    0x08008c18   Data           4  os_cfg_app.o(.constdata)
    OSCfg_DataSizeRAM                        0x08008c1c   Data           4  os_cfg_app.o(.constdata)
    OSDbg_DbgEn                              0x08008c20   Data           1  os_dbg.o(.constdata)
    OSDbg_ArgChkEn                           0x08008c21   Data           1  os_dbg.o(.constdata)
    OSDbg_AppHooksEn                         0x08008c22   Data           1  os_dbg.o(.constdata)
    OSDbg_EndiannessTest                     0x08008c24   Data           4  os_dbg.o(.constdata)
    OSDbg_CalledFromISRChkEn                 0x08008c28   Data           1  os_dbg.o(.constdata)
    OSDbg_FlagEn                             0x08008c29   Data           1  os_dbg.o(.constdata)
    OSDbg_FlagGrp                            0x08008c2c   Data          40  os_dbg.o(.constdata)
    OSDbg_FlagDelEn                          0x08008c54   Data           1  os_dbg.o(.constdata)
    OSDbg_FlagModeClrEn                      0x08008c55   Data           1  os_dbg.o(.constdata)
    OSDbg_FlagPendAbortEn                    0x08008c56   Data           1  os_dbg.o(.constdata)
    OSDbg_FlagGrpSize                        0x08008c58   Data           2  os_dbg.o(.constdata)
    OSDbg_FlagWidth                          0x08008c5a   Data           2  os_dbg.o(.constdata)
    OSDbg_IntQ                               0x08008c5c   Data           2  os_dbg.o(.constdata)
    OSDbg_ISRPostDeferredEn                  0x08008c5e   Data           1  os_dbg.o(.constdata)
    OSDbg_Mem                                0x08008c60   Data          32  os_dbg.o(.constdata)
    OSDbg_MemEn                              0x08008c80   Data           1  os_dbg.o(.constdata)
    OSDbg_MemSize                            0x08008c82   Data           2  os_dbg.o(.constdata)
    OSDbg_MsgEn                              0x08008c84   Data           1  os_dbg.o(.constdata)
    OSDbg_MsgSize                            0x08008c86   Data           2  os_dbg.o(.constdata)
    OSDbg_MsgPoolSize                        0x08008c88   Data           2  os_dbg.o(.constdata)
    OSDbg_MsgQSize                           0x08008c8a   Data           2  os_dbg.o(.constdata)
    OSDbg_Mutex                              0x08008c8c   Data          44  os_dbg.o(.constdata)
    OSDbg_MutexEn                            0x08008cb8   Data           1  os_dbg.o(.constdata)
    OSDbg_MutexDelEn                         0x08008cb9   Data           1  os_dbg.o(.constdata)
    OSDbg_MutexPendAbortEn                   0x08008cba   Data           1  os_dbg.o(.constdata)
    OSDbg_MutexSize                          0x08008cbc   Data           2  os_dbg.o(.constdata)
    OSDbg_ObjTypeChkEn                       0x08008cbe   Data           1  os_dbg.o(.constdata)
    OSDbg_PendMultiEn                        0x08008cbf   Data           1  os_dbg.o(.constdata)
    OSDbg_PendDataSize                       0x08008cc0   Data           2  os_dbg.o(.constdata)
    OSDbg_PendListSize                       0x08008cc2   Data           2  os_dbg.o(.constdata)
    OSDbg_PendObjSize                        0x08008cc4   Data           2  os_dbg.o(.constdata)
    OSDbg_PrioMax                            0x08008cc6   Data           2  os_dbg.o(.constdata)
    OSDbg_PrioTblSize                        0x08008cc8   Data           2  os_dbg.o(.constdata)
    OSDbg_PtrSize                            0x08008cca   Data           2  os_dbg.o(.constdata)
    OSDbg_Q                                  0x08008ccc   Data          48  os_dbg.o(.constdata)
    OSDbg_QEn                                0x08008cfc   Data           1  os_dbg.o(.constdata)
    OSDbg_QDelEn                             0x08008cfd   Data           1  os_dbg.o(.constdata)
    OSDbg_QFlushEn                           0x08008cfe   Data           1  os_dbg.o(.constdata)
    OSDbg_QPendAbortEn                       0x08008cff   Data           1  os_dbg.o(.constdata)
    OSDbg_QSize                              0x08008d00   Data           2  os_dbg.o(.constdata)
    OSDbg_SchedRoundRobinEn                  0x08008d02   Data           1  os_dbg.o(.constdata)
    OSDbg_Sem                                0x08008d04   Data          40  os_dbg.o(.constdata)
    OSDbg_SemEn                              0x08008d2c   Data           1  os_dbg.o(.constdata)
    OSDbg_SemDelEn                           0x08008d2d   Data           1  os_dbg.o(.constdata)
    OSDbg_SemPendAbortEn                     0x08008d2e   Data           1  os_dbg.o(.constdata)
    OSDbg_SemSetEn                           0x08008d2f   Data           1  os_dbg.o(.constdata)
    OSDbg_SemSize                            0x08008d30   Data           2  os_dbg.o(.constdata)
    OSDbg_RdyList                            0x08008d32   Data           2  os_dbg.o(.constdata)
    OSDbg_RdyListSize                        0x08008d34   Data           4  os_dbg.o(.constdata)
    OSDbg_StkWidth                           0x08008d38   Data           1  os_dbg.o(.constdata)
    OSDbg_StatTaskEn                         0x08008d39   Data           1  os_dbg.o(.constdata)
    OSDbg_StatTaskStkChkEn                   0x08008d3a   Data           1  os_dbg.o(.constdata)
    OSDbg_TaskChangePrioEn                   0x08008d3b   Data           1  os_dbg.o(.constdata)
    OSDbg_TaskDelEn                          0x08008d3c   Data           1  os_dbg.o(.constdata)
    OSDbg_TaskQEn                            0x08008d3d   Data           1  os_dbg.o(.constdata)
    OSDbg_TaskQPendAbortEn                   0x08008d3e   Data           1  os_dbg.o(.constdata)
    OSDbg_TaskProfileEn                      0x08008d3f   Data           1  os_dbg.o(.constdata)
    OSDbg_TaskRegTblSize                     0x08008d40   Data           2  os_dbg.o(.constdata)
    OSDbg_TaskSemPendAbortEn                 0x08008d42   Data           1  os_dbg.o(.constdata)
    OSDbg_TaskSuspendEn                      0x08008d43   Data           1  os_dbg.o(.constdata)
    OSDbg_TCBSize                            0x08008d44   Data           2  os_dbg.o(.constdata)
    OSDbg_TickSpokeSize                      0x08008d46   Data           2  os_dbg.o(.constdata)
    OSDbg_TimeDlyHMSMEn                      0x08008d48   Data           1  os_dbg.o(.constdata)
    OSDbg_TimeDlyResumeEn                    0x08008d49   Data           1  os_dbg.o(.constdata)
    OSDbg_TLS_TblSize                        0x08008d4a   Data           2  os_dbg.o(.constdata)
    OSDbg_Tmr                                0x08008d4c   Data          52  os_dbg.o(.constdata)
    OSDbg_TmrEn                              0x08008d80   Data           1  os_dbg.o(.constdata)
    OSDbg_TmrDelEn                           0x08008d81   Data           1  os_dbg.o(.constdata)
    OSDbg_TmrSize                            0x08008d82   Data           2  os_dbg.o(.constdata)
    OSDbg_TmrSpokeSize                       0x08008d84   Data           2  os_dbg.o(.constdata)
    OSDbg_VersionNbr                         0x08008d86   Data           2  os_dbg.o(.constdata)
    OSDbg_DataSize                           0x08008d88   Data           4  os_dbg.o(.constdata)
    __ctype_table                            0x08008d8c   Data         129  ctype_o.o(.constdata)
    Region$$Table$$Base                      0x08008e14   Number         0  anon$$obj.o(Region$$Table)
    Region$$Table$$Limit                     0x08008e34   Number         0  anon$$obj.o(Region$$Table)
    err                                      0x20000014   Data           2  bsp_agreement.o(.data)
    data                                     0x20000016   Data           1  bsp_agreement.o(.data)
    EEPROM_ADDRESS                           0x20000018   Data           2  bsp_i2c_ee.o(.data)
    crc_16_tab                               0x20000020   Data         512  crc16.o(.data)
    U_flag                                   0x20000220   Data           1  bsp_task.o(.data)
    U                                        0x20000221   Data           1  bsp_task.o(.data)
    Modbustx                                 0x20000224   Data           6  bsp_variable.o(.data)
    Robot                                    0x2000022c   Data          16  bsp_variable.o(.data)
    CPU_TS_TmrFreq_Hz                        0x2000023c   Data           4  cpu_core.o(.data)
    CPU_IntDisMeasCtr                        0x20000240   Data           2  cpu_core.o(.data)
    CPU_IntDisNestCtr                        0x20000242   Data           2  cpu_core.o(.data)
    CPU_IntDisMeasStart_cnts                 0x20000244   Data           4  cpu_core.o(.data)
    CPU_IntDisMeasStop_cnts                  0x20000248   Data           4  cpu_core.o(.data)
    CPU_IntDisMeasOvrhd_cnts                 0x2000024c   Data           4  cpu_core.o(.data)
    CPU_IntDisMeasMaxCur_cnts                0x20000250   Data           4  cpu_core.o(.data)
    CPU_IntDisMeasMax_cnts                   0x20000254   Data           4  cpu_core.o(.data)
    Mem_PoolTbl                              0x20000258   Data           4  lib_mem.o(.data)
    OSPrioTbl                                0x2000025c   Data           4  os_prio.o(.data)
    OS_AppTaskCreateHookPtr                  0x20000260   Data           4  os_var.o(.data)
    OS_AppTaskDelHookPtr                     0x20000264   Data           4  os_var.o(.data)
    OS_AppTaskReturnHookPtr                  0x20000268   Data           4  os_var.o(.data)
    OS_AppIdleTaskHookPtr                    0x2000026c   Data           4  os_var.o(.data)
    OS_AppStatTaskHookPtr                    0x20000270   Data           4  os_var.o(.data)
    OS_AppTaskSwHookPtr                      0x20000274   Data           4  os_var.o(.data)
    OS_AppTimeTickHookPtr                    0x20000278   Data           4  os_var.o(.data)
    OSIdleTaskCtr                            0x2000027c   Data           4  os_var.o(.data)
    OSIntNestingCtr                          0x20000280   Data           1  os_var.o(.data)
    OSIntDisTimeMax                          0x20000284   Data           4  os_var.o(.data)
    OSRunning                                0x20000288   Data           1  os_var.o(.data)
    OSIntQInPtr                              0x2000028c   Data           4  os_var.o(.data)
    OSIntQOutPtr                             0x20000290   Data           4  os_var.o(.data)
    OSIntQNbrEntries                         0x20000294   Data           2  os_var.o(.data)
    OSIntQNbrEntriesMax                      0x20000296   Data           2  os_var.o(.data)
    OSIntQOvfCtr                             0x20000298   Data           2  os_var.o(.data)
    OSIntQTaskTimeMax                        0x2000029c   Data           4  os_var.o(.data)
    OSFlagDbgListPtr                         0x200002a0   Data           4  os_var.o(.data)
    OSFlagQty                                0x200002a4   Data           2  os_var.o(.data)
    OSMemDbgListPtr                          0x200002a8   Data           4  os_var.o(.data)
    OSMemQty                                 0x200002ac   Data           2  os_var.o(.data)
    OSMutexDbgListPtr                        0x200002b0   Data           4  os_var.o(.data)
    OSMutexQty                               0x200002b4   Data           2  os_var.o(.data)
    OSPrioCur                                0x200002b6   Data           1  os_var.o(.data)
    OSPrioHighRdy                            0x200002b7   Data           1  os_var.o(.data)
    OSPrioSaved                              0x200002b8   Data           1  os_var.o(.data)
    OSQDbgListPtr                            0x200002bc   Data           4  os_var.o(.data)
    OSQQty                                   0x200002c0   Data           2  os_var.o(.data)
    OSSchedLockTimeBegin                     0x200002c4   Data           4  os_var.o(.data)
    OSSchedLockTimeMax                       0x200002c8   Data           4  os_var.o(.data)
    OSSchedLockTimeMaxCur                    0x200002cc   Data           4  os_var.o(.data)
    OSSchedLockNestingCtr                    0x200002d0   Data           1  os_var.o(.data)
    OSSchedRoundRobinDfltTimeQuanta          0x200002d4   Data           4  os_var.o(.data)
    OSSchedRoundRobinEn                      0x200002d8   Data           1  os_var.o(.data)
    OSSemDbgListPtr                          0x200002dc   Data           4  os_var.o(.data)
    OSSemQty                                 0x200002e0   Data           2  os_var.o(.data)
    OSStatResetFlag                          0x200002e2   Data           1  os_var.o(.data)
    OSStatTaskCPUUsage                       0x200002e4   Data           2  os_var.o(.data)
    OSStatTaskCPUUsageMax                    0x200002e6   Data           2  os_var.o(.data)
    OSStatTaskCtr                            0x200002e8   Data           4  os_var.o(.data)
    OSStatTaskCtrMax                         0x200002ec   Data           4  os_var.o(.data)
    OSStatTaskCtrRun                         0x200002f0   Data           4  os_var.o(.data)
    OSStatTaskRdy                            0x200002f4   Data           1  os_var.o(.data)
    OSStatTaskTimeMax                        0x200002f8   Data           4  os_var.o(.data)
    OSTaskCtxSwCtr                           0x200002fc   Data           4  os_var.o(.data)
    OSTaskDbgListPtr                         0x20000300   Data           4  os_var.o(.data)
    OSTaskQty                                0x20000304   Data           2  os_var.o(.data)
    OSTaskRegNextAvailID                     0x20000306   Data           1  os_var.o(.data)
    OSTickCtr                                0x20000308   Data           4  os_var.o(.data)
    OSTickTaskTimeMax                        0x2000030c   Data           4  os_var.o(.data)
    OSTmrDbgListPtr                          0x20000310   Data           4  os_var.o(.data)
    OSTmrQty                                 0x20000314   Data           2  os_var.o(.data)
    OSTmrTaskTimeMax                         0x20000318   Data           4  os_var.o(.data)
    OSTmrTickCtr                             0x2000031c   Data           4  os_var.o(.data)
    OSTmrUpdateCnt                           0x20000320   Data           4  os_var.o(.data)
    OSTmrUpdateCtr                           0x20000324   Data           4  os_var.o(.data)
    OSTCBCurPtr                              0x20000328   Data           4  os_var.o(.data)
    OSTCBHighRdyPtr                          0x2000032c   Data           4  os_var.o(.data)
    OS_CPU_ExceptStkBase                     0x20000330   Data           4  os_cpu_c.o(.data)
    __stdout                                 0x20000334   Data           4  stdout.o(.data)
    strEsp8266_Fram_Record                   0x20003ab4   Data        1026  bsp_esp8266.o(.bss)
    data_send                                0x20003eb6   Data         100  bsp_agreement.o(.bss)
    Battery                                  0x20003f1c   Data          20  bsp_variable.o(.bss)
    Usart485                                 0x20003f30   Data         129  bsp_variable.o(.bss)
    ADC_V                                    0x20003fb4   Data          12  bsp_variable.o(.bss)
    WIFI                                     0x20003fc0   Data          75  bsp_variable.o(.bss)
    CPU_Name                                 0x2000400b   Data          16  cpu_core.o(.bss)
    Mem_PoolHeap                             0x2000401c   Data          72  lib_mem.o(.bss)
    Mem_Heap                                 0x20004064   Data       27648  lib_mem.o(.bss)
    OSCfg_IdleTaskStk                        0x2000ac64   Data         512  os_cfg_app.o(.bss)
    OSCfg_IntQ                               0x2000ae64   Data         320  os_cfg_app.o(.bss)
    OSCfg_IntQTaskStk                        0x2000afa4   Data         512  os_cfg_app.o(.bss)
    OSCfg_ISRStk                             0x2000b1a4   Data         512  os_cfg_app.o(.bss)
    OSCfg_MsgPool                            0x2000b3a4   Data        1600  os_cfg_app.o(.bss)
    OSCfg_StatTaskStk                        0x2000b9e4   Data         512  os_cfg_app.o(.bss)
    OSCfg_TickTaskStk                        0x2000bbe4   Data         512  os_cfg_app.o(.bss)
    OSCfg_TickWheel                          0x2000bde4   Data         136  os_cfg_app.o(.bss)
    OSCfg_TmrTaskStk                         0x2000be6c   Data         512  os_cfg_app.o(.bss)
    OSCfg_TmrWheel                           0x2000c06c   Data         136  os_cfg_app.o(.bss)
    OSIdleTaskTCB                            0x2000c0f4   Data         200  os_var.o(.bss)
    OSIntQTaskTCB                            0x2000c1bc   Data         200  os_var.o(.bss)
    OSMsgPool                                0x2000c284   Data          12  os_var.o(.bss)
    OSRdyList                                0x2000c290   Data         384  os_var.o(.bss)
    OSStatTaskTCB                            0x2000c410   Data         200  os_var.o(.bss)
    OSTickTaskTCB                            0x2000c4d8   Data         200  os_var.o(.bss)
    OSTmrTaskTCB                             0x2000c5a0   Data         200  os_var.o(.bss)
    __initial_sp                             0x2000ca68   Data           0  startup_stm32f10x_hd.o(STACK)



==============================================================================

Memory Map of the image

  Image Entry point : 0x08000131

  Load Region LR_IROM1 (Base: 0x08000000, Size: 0x00009170, Max: 0x00080000, ABSOLUTE, COMPRESSED[0x00009054])

    Execution Region ER_IROM1 (Base: 0x08000000, Size: 0x00008e34, Max: 0x00080000, ABSOLUTE)

    Base Addr    Size         Type   Attr      Idx    E Section Name        Object

    0x08000000   0x00000130   Data   RO            3    RESET               startup_stm32f10x_hd.o
    0x08000130   0x00000000   Code   RO         6219  * .ARM.Collect$$$$00000000  mc_w.l(entry.o)
    0x08000130   0x00000004   Code   RO         6511    .ARM.Collect$$$$00000001  mc_w.l(entry2.o)
    0x08000134   0x00000004   Code   RO         6514    .ARM.Collect$$$$00000004  mc_w.l(entry5.o)
    0x08000138   0x00000000   Code   RO         6516    .ARM.Collect$$$$00000008  mc_w.l(entry7b.o)
    0x08000138   0x00000000   Code   RO         6518    .ARM.Collect$$$$0000000A  mc_w.l(entry8b.o)
    0x08000138   0x00000008   Code   RO         6519    .ARM.Collect$$$$0000000B  mc_w.l(entry9a.o)
    0x08000140   0x00000000   Code   RO         6521    .ARM.Collect$$$$0000000D  mc_w.l(entry10a.o)
    0x08000140   0x00000000   Code   RO         6523    .ARM.Collect$$$$0000000F  mc_w.l(entry11a.o)
    0x08000140   0x00000004   Code   RO         6512    .ARM.Collect$$$$00002712  mc_w.l(entry2.o)
    0x08000144   0x00000024   Code   RO            4    .text               startup_stm32f10x_hd.o
    0x08000168   0x00000034   Code   RO         4539    .text               cpu_a.o
    0x0800019c   0x00000024   Code   RO         6222    .text               mc_w.l(memseta.o)
    0x080001c0   0x00000024   Code   RO         6224    .text               mc_w.l(strstr.o)
    0x080001e4   0x0000001a   Code   RO         6487    .text               mc_w.l(atoi.o)
    0x080001fe   0x000000b0   Code   RO         6489    .text               mf_w.l(fadd.o)
    0x080002ae   0x00000064   Code   RO         6491    .text               mf_w.l(fmul.o)
    0x08000312   0x0000007c   Code   RO         6493    .text               mf_w.l(fdiv.o)
    0x0800038e   0x000000e4   Code   RO         6495    .text               mf_w.l(dmul.o)
    0x08000472   0x0000000a   Code   RO         6497    .text               mf_w.l(ffltui.o)
    0x0800047c   0x00000022   Code   RO         6499    .text               mf_w.l(dflti.o)
    0x0800049e   0x00000032   Code   RO         6501    .text               mf_w.l(ffixi.o)
    0x080004d0   0x0000003e   Code   RO         6503    .text               mf_w.l(dfixi.o)
    0x0800050e   0x00000026   Code   RO         6505    .text               mf_w.l(f2d.o)
    0x08000534   0x00000038   Code   RO         6507    .text               mf_w.l(d2f.o)
    0x0800056c   0x00000062   Code   RO         6528    .text               mc_w.l(uldiv.o)
    0x080005ce   0x00000020   Code   RO         6530    .text               mc_w.l(llushr.o)
    0x080005ee   0x00000070   Code   RO         6539    .text               mc_w.l(strtol.o)
    0x0800065e   0x00000000   Code   RO         6541    .text               mc_w.l(iusefp.o)
    0x0800065e   0x0000006e   Code   RO         6542    .text               mf_w.l(fepilogue.o)
    0x080006cc   0x000000ba   Code   RO         6544    .text               mf_w.l(depilogue.o)
    0x08000786   0x00000002   PAD
    0x08000788   0x00000024   Code   RO         6554    .text               mc_w.l(init.o)
    0x080007ac   0x0000001e   Code   RO         6556    .text               mc_w.l(llshl.o)
    0x080007ca   0x00000002   PAD
    0x080007cc   0x00000008   Code   RO         6560    .text               mc_w.l(ctype_o.o)
    0x080007d4   0x0000009e   Code   RO         6588    .text               mc_w.l(_strtoul.o)
    0x08000872   0x0000001c   Code   RO         6590    .text               mc_w.l(_chval.o)
    0x0800088e   0x0000003a   Code   RO         6600    .text               mc_w.l(__dczerorl.o)
    0x080008c8   0x00000084   Code   RO         6138    CODE                os_cpu_a.o
    0x0800094c   0x00000030   Code   RO         3108    i.ADC1_2_IRQHandler  stm32f10x_it.o
    0x0800097c   0x0000000a   Code   RO          182    i.ADC_ClearITPendingBit  stm32f10x_adc.o
    0x08000986   0x00000016   Code   RO          183    i.ADC_Cmd           stm32f10x_adc.o
    0x0800099c   0x00000014   Code   RO          191    i.ADC_GetCalibrationStatus  stm32f10x_adc.o
    0x080009b0   0x00000008   Code   RO          192    i.ADC_GetConversionValue  stm32f10x_adc.o
    0x080009b8   0x00000024   Code   RO          195    i.ADC_GetITStatus   stm32f10x_adc.o
    0x080009dc   0x00000014   Code   RO          197    i.ADC_GetResetCalibrationStatus  stm32f10x_adc.o
    0x080009f0   0x00000018   Code   RO          200    i.ADC_ITConfig      stm32f10x_adc.o
    0x08000a08   0x00000050   Code   RO          201    i.ADC_Init          stm32f10x_adc.o
    0x08000a58   0x00000026   Code   RO         3850    i.ADC_NVIC_Config   bsp_adc.o
    0x08000a7e   0x000000b8   Code   RO          205    i.ADC_RegularChannelConfig  stm32f10x_adc.o
    0x08000b36   0x0000000a   Code   RO          206    i.ADC_ResetCalibration  stm32f10x_adc.o
    0x08000b40   0x00000016   Code   RO          208    i.ADC_SoftwareStartConvCmd  stm32f10x_adc.o
    0x08000b56   0x0000000a   Code   RO          210    i.ADC_StartCalibration  stm32f10x_adc.o
    0x08000b60   0x00000024   Code   RO         3851    i.ADCx_GPIO_Config  bsp_adc.o
    0x08000b84   0x00000010   Code   RO         3852    i.ADCx_Init         bsp_adc.o
    0x08000b94   0x00000090   Code   RO         3853    i.ADCx_Mode_Config  bsp_adc.o
    0x08000c24   0x0000000c   Code   RO         4306    i.ADVANCE_TIM1_Init  bsp_advancetim.o
    0x08000c30   0x00000050   Code   RO         4307    i.ADVANCE_TIM1_Mode_Config  bsp_advancetim.o
    0x08000c80   0x0000002a   Code   RO         4308    i.ADVANCE_TIM1_NVIC_Config  bsp_advancetim.o
    0x08000caa   0x00000002   PAD
    0x08000cac   0x00000024   Code   RO         4309    i.ADVANCE_TIM8_GPIO_Config  bsp_advancetim.o
    0x08000cd0   0x00000010   Code   RO         4310    i.ADVANCE_TIM8_Init  bsp_advancetim.o
    0x08000ce0   0x0000008c   Code   RO         4311    i.ADVANCE_TIM8_Mode_Config  bsp_advancetim.o
    0x08000d6c   0x0000002a   Code   RO         4312    i.ADVANCE_TIM8_NVIC_Config  bsp_advancetim.o
    0x08000d96   0x00000002   PAD
    0x08000d98   0x000001f4   Code   RO         3359    i.AppTaskStart      app.o
    0x08000f8c   0x00000024   Code   RO         3360    i.AppTask_1         app.o
    0x08000fb0   0x00000016   Code   RO         3361    i.AppTask_2         app.o
    0x08000fc6   0x00000010   Code   RO         3362    i.AppTask_3         app.o
    0x08000fd6   0x00000012   Code   RO         3363    i.AppTask_4         app.o
    0x08000fe8   0x00000016   Code   RO         3364    i.AppTask_5         app.o
    0x08000ffe   0x00000010   Code   RO         3365    i.AppTask_6         app.o
    0x0800100e   0x00000010   Code   RO         3520    i.BSP_CPU_ClkFreq   bsp.o
    0x0800101e   0x00000002   PAD
    0x08001020   0x00000050   Code   RO         3521    i.BSP_Init          bsp.o
    0x08001070   0x00000278   Code   RO         4244    i.Battery_rx        bsp_task.o
    0x080012e8   0x00000004   Code   RO         3110    i.BusFault_Handler  stm32f10x_it.o
    0x080012ec   0x00000010   Code   RO         4375    i.CPU_Init          cpu_core.o
    0x080012fc   0x00000084   Code   RO         4376    i.CPU_IntDisMeasInit  cpu_core.o
    0x08001380   0x0000001c   Code   RO         4377    i.CPU_IntDisMeasMaxCalc  cpu_core.o
    0x0800139c   0x0000002c   Code   RO         4378    i.CPU_IntDisMeasMaxCurGet  cpu_core.o
    0x080013c8   0x0000002c   Code   RO         4379    i.CPU_IntDisMeasMaxCurReset  cpu_core.o
    0x080013f4   0x0000002c   Code   RO         4380    i.CPU_IntDisMeasMaxGet  cpu_core.o
    0x08001420   0x00000034   Code   RO         4381    i.CPU_IntDisMeasStart  cpu_core.o
    0x08001454   0x00000054   Code   RO         4382    i.CPU_IntDisMeasStop  cpu_core.o
    0x080014a8   0x00000038   Code   RO         4383    i.CPU_NameClr       cpu_core.o
    0x080014e0   0x00000008   Code   RO         4385    i.CPU_NameInit      cpu_core.o
    0x080014e8   0x00000014   Code   RO         4389    i.CPU_TS_Init       cpu_core.o
    0x080014fc   0x0000000c   Code   RO         4391    i.CPU_TS_TmrFreqSet  cpu_core.o
    0x08001508   0x00000034   Code   RO         3522    i.CPU_TS_TmrInit    bsp.o
    0x0800153c   0x0000000c   Code   RO         3523    i.CPU_TS_TmrRd      bsp.o
    0x08001548   0x0000002c   Code   RO         3877    i.DS18B20_GPIO_Config  bsp_ds18b20.o
    0x08001574   0x00000070   Code   RO         3879    i.DS18B20_GetTemp_SkipRom  bsp_ds18b20.o
    0x080015e4   0x0000001c   Code   RO         3880    i.DS18B20_Init      bsp_ds18b20.o
    0x08001600   0x0000001c   Code   RO         3882    i.DS18B20_Mode_IPU  bsp_ds18b20.o
    0x0800161c   0x00000024   Code   RO         3883    i.DS18B20_Mode_Out_PP  bsp_ds18b20.o
    0x08001640   0x00000058   Code   RO         3884    i.DS18B20_Presence  bsp_ds18b20.o
    0x08001698   0x00000038   Code   RO         3885    i.DS18B20_ReadBit   bsp_ds18b20.o
    0x080016d0   0x00000022   Code   RO         3886    i.DS18B20_ReadByte  bsp_ds18b20.o
    0x080016f2   0x00000002   PAD
    0x080016f4   0x0000002c   Code   RO         3888    i.DS18B20_Rst       bsp_ds18b20.o
    0x08001720   0x00000012   Code   RO         3889    i.DS18B20_SkipRom   bsp_ds18b20.o
    0x08001732   0x00000002   PAD
    0x08001734   0x0000005c   Code   RO         3890    i.DS18B20_WriteByte  bsp_ds18b20.o
    0x08001790   0x00000002   Code   RO         3111    i.DebugMon_Handler  stm32f10x_it.o
    0x08001792   0x00000002   PAD
    0x08001794   0x00000050   Code   RO         3962    i.Delay_Tim5_Init   bsp_tim.o
    0x080017e4   0x00000044   Code   RO         3963    i.Delay_us          bsp_tim.o
    0x08001828   0x000000b8   Code   RO         3681    i.ESP8266_Cmd       bsp_esp8266.o
    0x080018e0   0x00000040   Code   RO         3682    i.ESP8266_Enable_MultipleId  bsp_esp8266.o
    0x08001920   0x0000003c   Code   RO         3683    i.ESP8266_ExitUnvarnishSend  bsp_esp8266.o
    0x0800195c   0x00000044   Code   RO         3684    i.ESP8266_GPIO_Config  bsp_esp8266.o
    0x080019a0   0x0000007c   Code   RO         3686    i.ESP8266_Get_LinkStatus  bsp_esp8266.o
    0x08001a1c   0x00000024   Code   RO         3687    i.ESP8266_Init      bsp_esp8266.o
    0x08001a40   0x00000048   Code   RO         3689    i.ESP8266_JoinAP    bsp_esp8266.o
    0x08001a88   0x000000c0   Code   RO         3690    i.ESP8266_Link_Server  bsp_esp8266.o
    0x08001b48   0x00000078   Code   RO         3691    i.ESP8266_Net_Mode_Choose  bsp_esp8266.o
    0x08001bc0   0x000000a0   Code   RO         3694    i.ESP8266_SendString  bsp_esp8266.o
    0x08001c60   0x0000009c   Code   RO         3696    i.ESP8266_USART_Config  bsp_esp8266.o
    0x08001cfc   0x00000028   Code   RO         3697    i.ESP8266_USART_NVIC_Configuration  bsp_esp8266.o
    0x08001d24   0x0000004c   Code   RO         3698    i.ESP8266_UnvarnishSend  bsp_esp8266.o
    0x08001d70   0x0000003c   Code   RO         3112    i.EXTI2_IRQHandler  stm32f10x_it.o
    0x08001dac   0x00000040   Code   RO         3113    i.EXTI4_IRQHandler  stm32f10x_it.o
    0x08001dec   0x00000050   Code   RO         3114    i.EXTI9_5_IRQHandler  stm32f10x_it.o
    0x08001e3c   0x0000000c   Code   RO          939    i.EXTI_ClearITPendingBit  stm32f10x_exti.o
    0x08001e48   0x00000028   Code   RO          943    i.EXTI_GetITStatus  stm32f10x_exti.o
    0x08001e70   0x00000098   Code   RO         3833    i.EXTI_HUOER_Config  huoer_exti.o
    0x08001f08   0x00000094   Code   RO          944    i.EXTI_Init         stm32f10x_exti.o
    0x08001f9c   0x00000054   Code   RO         4209    i.EXTI_LIGHT_Config  bsp_light_exit.o
    0x08001ff0   0x00000014   Code   RO         1286    i.GPIO_AFIODeInit   stm32f10x_gpio.o
    0x08002004   0x00000040   Code   RO         1289    i.GPIO_EXTILineConfig  stm32f10x_gpio.o
    0x08002044   0x00000116   Code   RO         1292    i.GPIO_Init         stm32f10x_gpio.o
    0x0800215a   0x00000002   PAD
    0x0800215c   0x00000090   Code   RO         1294    i.GPIO_PinRemapConfig  stm32f10x_gpio.o
    0x080021ec   0x00000012   Code   RO         1296    i.GPIO_ReadInputDataBit  stm32f10x_gpio.o
    0x080021fe   0x00000004   Code   RO         1299    i.GPIO_ResetBits    stm32f10x_gpio.o
    0x08002202   0x00000004   Code   RO         1300    i.GPIO_SetBits      stm32f10x_gpio.o
    0x08002206   0x00000004   Code   RO         3115    i.HardFault_Handler  stm32f10x_it.o
    0x0800220a   0x00000076   Code   RO         3988    i.HexToStr          bsp_agreement.o
    0x08002280   0x00000018   Code   RO         1406    i.I2C_Cmd           stm32f10x_i2c.o
    0x08002298   0x00000018   Code   RO         4059    i.I2C_EE_Init       bsp_i2c_ee.o
    0x080022b0   0x0000004c   Code   RO         4062    i.I2C_GPIO_Config   bsp_i2c_ee.o
    0x080022fc   0x000000ec   Code   RO         1420    i.I2C_Init          stm32f10x_i2c.o
    0x080023e8   0x00000044   Code   RO         4063    i.I2C_Mode_Configu  bsp_i2c_ee.o
    0x0800242c   0x000000a4   Code   RO         3561    i.LED_GPIO_Config   bsp_led.o
    0x080024d0   0x00000048   Code   RO         3562    i.LED_Init          bsp_led.o
    0x08002518   0x00000308   Code   RO         4247    i.Link_start        bsp_task.o
    0x08002820   0x00000004   Code   RO         3116    i.MemManage_Handler  stm32f10x_it.o
    0x08002824   0x00000012   Code   RO         4731    i.Mem_Clr           lib_mem.o
    0x08002836   0x00000002   PAD
    0x08002838   0x00000048   Code   RO         4735    i.Mem_Init          lib_mem.o
    0x08002880   0x00000062   Code   RO         4748    i.Mem_Set           lib_mem.o
    0x080028e2   0x00000002   PAD
    0x080028e4   0x00000014   Code   RO         4248    i.Modbus_tx         bsp_task.o
    0x080028f8   0x00000044   Code   RO         3578    i.Motor_Speed_Set   bsp_tim_pwm.o
    0x0800293c   0x00000002   Code   RO         3117    i.NMI_Handler       stm32f10x_it.o
    0x0800293e   0x0000002a   Code   RO         3579    i.NVIC_Config_PWM   bsp_tim_pwm.o
    0x08002968   0x00000026   Code   RO         3622    i.NVIC_Configuration  bsp_usart.o
    0x0800298e   0x00000032   Code   RO         3834    i.NVIC_Houer_Configuration  huoer_exti.o
    0x080029c0   0x00000070   Code   RO          137    i.NVIC_Init         misc.o
    0x08002a30   0x0000002a   Code   RO         4210    i.NVIC_LIGHT_Configuration  bsp_light_exit.o
    0x08002a5a   0x00000002   PAD
    0x08002a5c   0x00000014   Code   RO          138    i.NVIC_PriorityGroupConfig  misc.o
    0x08002a70   0x00000002   Code   RO         5005    i.OSCfg_Init        os_cfg_app.o
    0x08002a72   0x00000002   PAD
    0x08002a74   0x00000014   Code   RO         6141    i.OSIdleTaskHook    os_cpu_c.o
    0x08002a88   0x0000018c   Code   RO         5028    i.OSInit            os_core.o
    0x08002c14   0x00000038   Code   RO         6142    i.OSInitHook        os_cpu_c.o
    0x08002c4c   0x000000e4   Code   RO         5030    i.OSIntExit         os_core.o
    0x08002d30   0x000000a8   Code   RO         5031    i.OSSched           os_core.o
    0x08002dd8   0x0000007c   Code   RO         5032    i.OSSchedLock       os_core.o
    0x08002e54   0x000000a0   Code   RO         5035    i.OSSchedUnlock     os_core.o
    0x08002ef4   0x00000068   Code   RO         5036    i.OSStart           os_core.o
    0x08002f5c   0x00000168   Code   RO         5746    i.OSStatReset       os_stat.o
    0x080030c4   0x00000100   Code   RO         5747    i.OSStatTaskCPUUsageInit  os_stat.o
    0x080031c4   0x00000014   Code   RO         6143    i.OSStatTaskHook    os_cpu_c.o
    0x080031d8   0x00000294   Code   RO         5777    i.OSTaskCreate      os_task.o
    0x0800346c   0x00000018   Code   RO         6144    i.OSTaskCreateHook  os_cpu_c.o
    0x08003484   0x00000208   Code   RO         5778    i.OSTaskDel         os_task.o
    0x0800368c   0x00000018   Code   RO         6145    i.OSTaskDelHook     os_cpu_c.o
    0x080036a4   0x00000088   Code   RO         5786    i.OSTaskResume      os_task.o
    0x0800372c   0x00000018   Code   RO         6146    i.OSTaskReturnHook  os_cpu_c.o
    0x08003744   0x00000250   Code   RO         5787    i.OSTaskSemPend     os_task.o
    0x08003994   0x000000e4   Code   RO         5791    i.OSTaskStkChk      os_task.o
    0x08003a78   0x000000c0   Code   RO         6147    i.OSTaskStkInit     os_cpu_c.o
    0x08003b38   0x00000060   Code   RO         5792    i.OSTaskSuspend     os_task.o
    0x08003b98   0x000000a4   Code   RO         6148    i.OSTaskSwHook      os_cpu_c.o
    0x08003c3c   0x00000150   Code   RO         5992    i.OSTimeDly         os_time.o
    0x08003d8c   0x0000022c   Code   RO         5993    i.OSTimeDlyHMSM     os_time.o
    0x08003fb8   0x00000044   Code   RO         5997    i.OSTimeTick        os_time.o
    0x08003ffc   0x00000014   Code   RO         6149    i.OSTimeTickHook    os_cpu_c.o
    0x08004010   0x00000040   Code   RO         6150    i.OS_CPU_SysTickHandler  os_cpu_c.o
    0x08004050   0x00000030   Code   RO         6151    i.OS_CPU_SysTickInit  os_cpu_c.o
    0x08004080   0x000001b4   Code   RO         5274    i.OS_Dbg_Init       os_dbg.o
    0x08004234   0x00000018   Code   RO         5299    i.OS_FlagInit       os_flag.o
    0x0800424c   0x0000027c   Code   RO         5300    i.OS_FlagPost       os_flag.o
    0x080044c8   0x00000056   Code   RO         5301    i.OS_FlagTaskRdy    os_flag.o
    0x0800451e   0x00000002   PAD
    0x08004520   0x0000004c   Code   RO         5038    i.OS_IdleTask       os_core.o
    0x0800456c   0x00000070   Code   RO         5039    i.OS_IdleTaskInit   os_core.o
    0x080045dc   0x00000104   Code   RO         5373    i.OS_IntQPost       os_int.o
    0x080046e0   0x000001a4   Code   RO         5374    i.OS_IntQRePost     os_int.o
    0x08004884   0x000000c8   Code   RO         5375    i.OS_IntQTask       os_int.o
    0x0800494c   0x00000128   Code   RO         5376    i.OS_IntQTaskInit   os_int.o
    0x08004a74   0x00000018   Code   RO         5407    i.OS_MemInit        os_mem.o
    0x08004a8c   0x0000007c   Code   RO         5439    i.OS_MsgPoolInit    os_msg.o
    0x08004b08   0x00000044   Code   RO         5440    i.OS_MsgQFreeAll    os_msg.o
    0x08004b4c   0x0000000e   Code   RO         5442    i.OS_MsgQInit       os_msg.o
    0x08004b5a   0x00000002   PAD
    0x08004b5c   0x00000104   Code   RO         5443    i.OS_MsgQPut        os_msg.o
    0x08004c60   0x00000018   Code   RO         5483    i.OS_MutexInit      os_mutex.o
    0x08004c78   0x00000068   Code   RO         5040    i.OS_Pend           os_core.o
    0x08004ce0   0x00000026   Code   RO         5043    i.OS_PendDataInit   os_core.o
    0x08004d06   0x00000002   PAD
    0x08004d08   0x0000005c   Code   RO         5044    i.OS_PendDbgNameAdd  os_core.o
    0x08004d64   0x00000024   Code   RO         5045    i.OS_PendDbgNameRemove  os_core.o
    0x08004d88   0x00000066   Code   RO         5049    i.OS_PendListInsertPrio  os_core.o
    0x08004dee   0x00000030   Code   RO         5050    i.OS_PendListRemove  os_core.o
    0x08004e1e   0x00000042   Code   RO         5051    i.OS_PendListRemove1  os_core.o
    0x08004e60   0x000000c0   Code   RO         5054    i.OS_Post           os_core.o
    0x08004f20   0x0000002a   Code   RO         5055    i.OS_Post1          os_core.o
    0x08004f4a   0x00000002   PAD
    0x08004f4c   0x00000028   Code   RO         5565    i.OS_PrioGetHighest  os_prio.o
    0x08004f74   0x00000018   Code   RO         5566    i.OS_PrioInit       os_prio.o
    0x08004f8c   0x00000024   Code   RO         5567    i.OS_PrioInsert     os_prio.o
    0x08004fb0   0x00000024   Code   RO         5568    i.OS_PrioRemove     os_prio.o
    0x08004fd4   0x00000018   Code   RO         5611    i.OS_QInit          os_q.o
    0x08004fec   0x00000188   Code   RO         5612    i.OS_QPost          os_q.o
    0x08005174   0x00000024   Code   RO         5056    i.OS_RdyListInit    os_core.o
    0x08005198   0x0000002c   Code   RO         5057    i.OS_RdyListInsert  os_core.o
    0x080051c4   0x00000040   Code   RO         5058    i.OS_RdyListInsertHead  os_core.o
    0x08005204   0x0000003c   Code   RO         5059    i.OS_RdyListInsertTail  os_core.o
    0x08005240   0x00000044   Code   RO         5060    i.OS_RdyListMoveHeadToTail  os_core.o
    0x08005284   0x0000005c   Code   RO         5061    i.OS_RdyListRemove  os_core.o
    0x080052e0   0x0000005c   Code   RO         5062    i.OS_Sched0         os_core.o
    0x0800533c   0x0000001c   Code   RO         5063    i.OS_SchedLockTimeMeasStart  os_core.o
    0x08005358   0x0000003c   Code   RO         5064    i.OS_SchedLockTimeMeasStop  os_core.o
    0x08005394   0x000000ec   Code   RO         5065    i.OS_SchedRoundRobin  os_core.o
    0x08005480   0x00000018   Code   RO         5683    i.OS_SemInit        os_sem.o
    0x08005498   0x00000198   Code   RO         5684    i.OS_SemPost        os_sem.o
    0x08005630   0x000003b8   Code   RO         5748    i.OS_StatTask       os_stat.o
    0x080059e8   0x000000cc   Code   RO         5749    i.OS_StatTaskInit   os_stat.o
    0x08005ab4   0x00000038   Code   RO         5066    i.OS_TaskBlock      os_core.o
    0x08005aec   0x00000030   Code   RO         5794    i.OS_TaskDbgListAdd  os_task.o
    0x08005b1c   0x00000044   Code   RO         5795    i.OS_TaskDbgListRemove  os_task.o
    0x08005b60   0x00000020   Code   RO         5796    i.OS_TaskInit       os_task.o
    0x08005b80   0x000000d0   Code   RO         5797    i.OS_TaskInitTCB    os_task.o
    0x08005c50   0x0000026c   Code   RO         5798    i.OS_TaskQPost      os_task.o
    0x08005ebc   0x0000001c   Code   RO         5067    i.OS_TaskRdy        os_core.o
    0x08005ed8   0x0000017c   Code   RO         5799    i.OS_TaskResume     os_task.o
    0x08006054   0x00000018   Code   RO         5800    i.OS_TaskReturn     os_task.o
    0x0800606c   0x000005a8   Code   RO         5801    i.OS_TaskSemPost    os_task.o
    0x08006614   0x00000190   Code   RO         5802    i.OS_TaskSuspend    os_task.o
    0x080067a4   0x00000028   Code   RO         5944    i.OS_TickListInit   os_tick.o
    0x080067cc   0x000001bc   Code   RO         5945    i.OS_TickListInsert  os_tick.o
    0x08006988   0x00000038   Code   RO         5946    i.OS_TickListRemove  os_tick.o
    0x080069c0   0x00000024   Code   RO         5947    i.OS_TickListResetPeak  os_tick.o
    0x080069e4   0x00000220   Code   RO         5948    i.OS_TickListUpdate  os_tick.o
    0x08006c04   0x0000002c   Code   RO         5949    i.OS_TickTask       os_tick.o
    0x08006c30   0x000000b8   Code   RO         5950    i.OS_TickTaskInit   os_tick.o
    0x08006ce8   0x00000128   Code   RO         6043    i.OS_TmrInit        os_tmr.o
    0x08006e10   0x000000d0   Code   RO         6044    i.OS_TmrLink        os_tmr.o
    0x08006ee0   0x00000024   Code   RO         6045    i.OS_TmrResetPeak   os_tmr.o
    0x08006f04   0x000000c0   Code   RO         6046    i.OS_TmrTask        os_tmr.o
    0x08006fc4   0x00000050   Code   RO         6047    i.OS_TmrUnlink      os_tmr.o
    0x08007014   0x00000018   Code   RO         1706    i.RCC_ADCCLKConfig  stm32f10x_rcc.o
    0x0800702c   0x00000020   Code   RO         1708    i.RCC_APB1PeriphClockCmd  stm32f10x_rcc.o
    0x0800704c   0x00000020   Code   RO         1710    i.RCC_APB2PeriphClockCmd  stm32f10x_rcc.o
    0x0800706c   0x00000020   Code   RO         1711    i.RCC_APB2PeriphResetCmd  stm32f10x_rcc.o
    0x0800708c   0x000000d4   Code   RO         1718    i.RCC_GetClocksFreq  stm32f10x_rcc.o
    0x08007160   0x00000012   Code   RO         4122    i.RS485_Delay       bsp_485.o
    0x08007172   0x00000026   Code   RO         4123    i.RS485_NVIC_Configuration  bsp_485.o
    0x08007198   0x000000c0   Code   RO         4124    i.RS485_USART_Config  bsp_485.o
    0x08007258   0x00000060   Code   RO         4125    i.RS485_Usart_SendArray  bsp_485.o
    0x080072b8   0x0000001e   Code   RO         4126    i.RS485_Usart_SendByte  bsp_485.o
    0x080072d6   0x00000002   Code   RO         3120    i.SVC_Handler       stm32f10x_it.o
    0x080072d8   0x00000008   Code   RO           24    i.SetSysClock       system_stm32f10x.o
    0x080072e0   0x000000e0   Code   RO           25    i.SetSysClockTo72   system_stm32f10x.o
    0x080073c0   0x00000060   Code   RO           27    i.SystemInit        system_stm32f10x.o
    0x08007420   0x00000080   Code   RO         2326    i.TI1_Config        stm32f10x_tim.o
    0x080074a0   0x00000098   Code   RO         2327    i.TI2_Config        stm32f10x_tim.o
    0x08007538   0x0000002c   Code   RO         3122    i.TIM1_UP_IRQHandler  stm32f10x_it.o
    0x08007564   0x00000048   Code   RO         3123    i.TIM3_IRQHandler   stm32f10x_it.o
    0x080075ac   0x00000018   Code   RO         2330    i.TIM_ARRPreloadConfig  stm32f10x_tim.o
    0x080075c4   0x00000006   Code   RO         2336    i.TIM_ClearFlag     stm32f10x_tim.o
    0x080075ca   0x00000006   Code   RO         2337    i.TIM_ClearITPendingBit  stm32f10x_tim.o
    0x080075d0   0x00000018   Code   RO         2342    i.TIM_Cmd           stm32f10x_tim.o
    0x080075e8   0x00000022   Code   RO         2363    i.TIM_GetITStatus   stm32f10x_tim.o
    0x0800760a   0x00000012   Code   RO         2367    i.TIM_ITConfig      stm32f10x_tim.o
    0x0800761c   0x000000a4   Code   RO         2376    i.TIM_OC2Init       stm32f10x_tim.o
    0x080076c0   0x0000001a   Code   RO         2379    i.TIM_OC2PreloadConfig  stm32f10x_tim.o
    0x080076da   0x0000007c   Code   RO         2390    i.TIM_PWMIConfig    stm32f10x_tim.o
    0x08007756   0x00000012   Code   RO         2395    i.TIM_SelectInputTrigger  stm32f10x_tim.o
    0x08007768   0x00000012   Code   RO         2396    i.TIM_SelectMasterSlaveMode  stm32f10x_tim.o
    0x0800777a   0x00000012   Code   RO         2400    i.TIM_SelectSlaveMode  stm32f10x_tim.o
    0x0800778c   0x00000012   Code   RO         2408    i.TIM_SetIC1Prescaler  stm32f10x_tim.o
    0x0800779e   0x0000001a   Code   RO         2409    i.TIM_SetIC2Prescaler  stm32f10x_tim.o
    0x080077b8   0x000000a4   Code   RO         2413    i.TIM_TimeBaseInit  stm32f10x_tim.o
    0x0800785c   0x00000012   Code   RO         2414    i.TIM_TimeBaseStructInit  stm32f10x_tim.o
    0x0800786e   0x0000000c   Code   RO         3582    i.TIMx_Breathing_Init  bsp_tim_pwm.o
    0x0800787a   0x00000002   PAD
    0x0800787c   0x00000044   Code   RO         3583    i.TIMx_GPIO_Config  bsp_tim_pwm.o
    0x080078c0   0x00000084   Code   RO         3584    i.TIMx_Mode_Config  bsp_tim_pwm.o
    0x08007944   0x00000054   Code   RO         3124    i.USART2_IRQHandler  stm32f10x_it.o
    0x08007998   0x000000a0   Code   RO         3125    i.USART3_IRQHandler  stm32f10x_it.o
    0x08007a38   0x0000001e   Code   RO         2875    i.USART_ClearITPendingBit  stm32f10x_usart.o
    0x08007a56   0x00000018   Code   RO         2878    i.USART_Cmd         stm32f10x_usart.o
    0x08007a6e   0x00000002   PAD
    0x08007a70   0x00000090   Code   RO         3623    i.USART_Config      bsp_usart.o
    0x08007b00   0x0000001a   Code   RO         2881    i.USART_GetFlagStatus  stm32f10x_usart.o
    0x08007b1a   0x00000054   Code   RO         2882    i.USART_GetITStatus  stm32f10x_usart.o
    0x08007b6e   0x0000004a   Code   RO         2884    i.USART_ITConfig    stm32f10x_usart.o
    0x08007bb8   0x000000d8   Code   RO         2885    i.USART_Init        stm32f10x_usart.o
    0x08007c90   0x0000000a   Code   RO         2892    i.USART_ReceiveData  stm32f10x_usart.o
    0x08007c9a   0x00000008   Code   RO         2895    i.USART_SendData    stm32f10x_usart.o
    0x08007ca2   0x00000106   Code   RO         3813    i.USART_printf      bsp_common.o
    0x08007da8   0x00000004   Code   RO         3126    i.UsageFault_Handler  stm32f10x_it.o
    0x08007dac   0x00000020   Code   RO         6433    i.__0printf$8       mc_w.l(printf8.o)
    0x08007dcc   0x00000028   Code   RO         6435    i.__0sprintf$8      mc_w.l(printf8.o)
    0x08007df4   0x00000008   Code   RO         6532    i.__aeabi_errno_addr  mc_w.l(errno.o)
    0x08007dfc   0x0000000e   Code   RO         6594    i.__scatterload_copy  mc_w.l(handlers.o)
    0x08007e0a   0x00000002   Code   RO         6595    i.__scatterload_null  mc_w.l(handlers.o)
    0x08007e0c   0x0000000e   Code   RO         6596    i.__scatterload_zeroinit  mc_w.l(handlers.o)
    0x08007e1a   0x00000002   PAD
    0x08007e1c   0x00000410   Code   RO         6440    i._printf_core      mc_w.l(printf8.o)
    0x0800822c   0x00000024   Code   RO         6441    i._printf_post_padding  mc_w.l(printf8.o)
    0x08008250   0x0000002e   Code   RO         6442    i._printf_pre_padding  mc_w.l(printf8.o)
    0x0800827e   0x0000000a   Code   RO         6444    i._sputc            mc_w.l(printf8.o)
    0x08008288   0x00000020   Code   RO         4250    i.ascii_to_int      bsp_task.o
    0x080082a8   0x0000002c   Code   RO         4168    i.crc16             crc16.o
    0x080082d4   0x00000088   Code   RO         3991    i.dt_send           bsp_agreement.o
    0x0800835c   0x00000088   Code   RO         3993    i.dt_send2          bsp_agreement.o
    0x080083e4   0x00000024   Code   RO         3629    i.fputc             bsp_usart.o
    0x08008408   0x00000062   Code   RO         3814    i.itoa              bsp_common.o
    0x0800846a   0x00000002   PAD
    0x0800846c   0x0000002c   Code   RO         3994    i.jiansu            bsp_agreement.o
    0x08008498   0x0000002c   Code   RO         3995    i.jiasu             bsp_agreement.o
    0x080084c4   0x00000060   Code   RO         3367    i.main              app.o
    0x08008524   0x00000090   Code   RO         4251    i.modbus_rx         bsp_task.o
    0x080085b4   0x000000d0   Code   RO         4187    i.modbusrtu_send    bsp_modbusrtu.o
    0x08008684   0x00000220   Code   RO         4252    i.real_time_data    bsp_task.o
    0x080088a4   0x000002d8   Code   RO         3996    i.tcp_Agreement     bsp_agreement.o
    0x08008b7c   0x000000a4   Data   RO         5007    .constdata          os_cfg_app.o
    0x08008c20   0x0000016c   Data   RO         5275    .constdata          os_dbg.o
    0x08008d8c   0x00000081   Data   RO         6561    .constdata          mc_w.l(ctype_o.o)
    0x08008e0d   0x00000003   PAD
    0x08008e10   0x00000004   Data   RO         6562    .constdata          mc_w.l(ctype_o.o)
    0x08008e14   0x00000020   Data   RO         6592    Region$$Table       anon$$obj.o


    Execution Region RW_IRAM1 (Base: 0x20000000, Size: 0x0000ca68, Max: 0x00010000, ABSOLUTE, COMPRESSED[0x00000220])

    Base Addr    Size         Type   Attr      Idx    E Section Name        Object

    0x20000000   0x00000014   Data   RW         1738    .data               stm32f10x_rcc.o
    0x20000014   0x00000003   Data   RW         3998    .data               bsp_agreement.o
    0x20000017   0x00000001   PAD
    0x20000018   0x00000008   Data   RW         4066    .data               bsp_i2c_ee.o
    0x20000020   0x00000200   Data   RW         4169    .data               crc16.o
    0x20000220   0x00000002   Data   RW         4253    .data               bsp_task.o
    0x20000222   0x00000002   PAD
    0x20000224   0x00000018   Data   RW         4355    .data               bsp_variable.o
    0x2000023c   0x0000001c   Data   RW         4395    .data               cpu_core.o
    0x20000258   0x00000004   Data   RW         4750    .data               lib_mem.o
    0x2000025c   0x00000004   Data   RW         5569    .data               os_prio.o
    0x20000260   0x000000d0   Data   RW         6125    .data               os_var.o
    0x20000330   0x00000004   Data   RW         6152    .data               os_cpu_c.o
    0x20000334   0x00000004   Data   RW         6525    .data               mc_w.l(stdout.o)
    0x20000338   0x00000004   Data   RW         6535    .data               mc_w.l(errno.o)
    0x2000033c   0x00003778   Zero   RW         3368    .bss                app.o
    0x20003ab4   0x00000402   Zero   RW         3700    .bss                bsp_esp8266.o
    0x20003eb6   0x00000064   Zero   RW         3997    .bss                bsp_agreement.o
    0x20003f1a   0x00000002   PAD
    0x20003f1c   0x000000ef   Zero   RW         4354    .bss                bsp_variable.o
    0x2000400b   0x00000010   Zero   RW         4393    .bss                cpu_core.o
    0x2000401b   0x00000001   PAD
    0x2000401c   0x00006c48   Zero   RW         4749    .bss                lib_mem.o
    0x2000ac64   0x00001490   Zero   RW         5006    .bss                os_cfg_app.o
    0x2000c0f4   0x00000574   Zero   RW         6124    .bss                os_var.o
    0x2000c668   0x00000400   Zero   RW            1    STACK               startup_stm32f10x_hd.o


==============================================================================

Image component sizes


      Code (inc. data)   RO Data    RW Data    ZI Data      Debug   Object Name

       726        186          0          0      14200      34024   app.o
       160         32          0          0          0       1897   bsp.o
       374         16          0          0          0       3124   bsp_485.o
       234         10          0          0          0       1948   bsp_adc.o
       368         14          0          0          0       3628   bsp_advancetim.o
      1206         70          0          3        100      20328   bsp_agreement.o
       360          0          0          0          0       2687   bsp_common.o
       580         44          0          0          0       5673   bsp_ds18b20.o
      1352        380          0          0       1026      10657   bsp_esp8266.o
       168         20          0          8          0       2047   bsp_i2c_ee.o
       236         20          0          0          0        983   bsp_led.o
       126          4          0          0          0       1096   bsp_light_exit.o
       208         36          0          0          0       1493   bsp_modbusrtu.o
      2148        550          0          2          0       4165   bsp_task.o
       148          8          0          0          0        993   bsp_tim.o
       322         40          0          0          0       2540   bsp_tim_pwm.o
       218         12          0          0          0       2883   bsp_usart.o
         0          0          0         24        239       1657   bsp_variable.o
         0          0          0          0          0       4500   core_cm3.o
        52          0          0          0          0        324   cpu_a.o
       540         98          0         28         16      16089   cpu_core.o
        44          6          0        512          0       1181   crc16.o
       202          8          0          0          0       1128   huoer_exti.o
       188         18          0          4      27720      13467   lib_mem.o
       132         22          0          0          0       1507   misc.o
         2          0        164          0       5264      20878   os_cfg_app.o
      2952        402          0          0          0      18808   os_core.o
       132         32          0          0          0        372   os_cpu_a.o
       656         68          0          4          0       7897   os_cpu_c.o
       436        286        364          0          0       4745   os_dbg.o
       746         28          0          0          0       3017   os_flag.o
      1176        204          0          0          0       3394   os_int.o
        24         10          0          0          0        833   os_mem.o
       466         26          0          0          0       3125   os_msg.o
        24         10          0          0          0        835   os_mutex.o
       136         16          0          4          0       2706   os_prio.o
       416         20          0          0          0       2146   os_q.o
       432         14          0          0          0       2170   os_sem.o
      1772        214          0          0          0       3955   os_stat.o
      5460        260          0          0          0      13512   os_task.o
      1348        124          0          0          0       5305   os_tick.o
       960         46          0          0          0       3037   os_time.o
       812        134          0          0          0       4020   os_tmr.o
         0          0          0        208       1396      19449   os_var.o
        36          8        304          0       1024        860   startup_stm32f10x_hd.o
       446         10          0          0          0       9186   stm32f10x_adc.o
       200         18          0          0          0       2072   stm32f10x_exti.o
       532         10          0          0          0       5538   stm32f10x_gpio.o
       260         14          0          0          0       2953   stm32f10x_i2c.o
       634        104          0          0          0      48584   stm32f10x_it.o
       332         44          0         20          0       5486   stm32f10x_rcc.o
       986         94          0          0          0      11439   stm32f10x_tim.o
       472          6          0          0          0       6723   stm32f10x_usart.o
       328         28          0          0          0     269465   system_stm32f10x.o

    ----------------------------------------------------------------------
     32304       3824        864        820      50988     622529   Object Totals
         0          0         32          0          0          0   (incl. Generated)
        36          0          0          3          3          0   (incl. Padding)

    ----------------------------------------------------------------------

      Code (inc. data)   RO Data    RW Data    ZI Data      Debug   Library Member Name

        58          0          0          0          0          0   __dczerorl.o
        28          0          0          0          0         68   _chval.o
       158          0          0          0          0         92   _strtoul.o
        26          0          0          0          0         80   atoi.o
         8          4        133          0          0         68   ctype_o.o
         0          0          0          0          0          0   entry.o
         0          0          0          0          0          0   entry10a.o
         0          0          0          0          0          0   entry11a.o
         8          4          0          0          0          0   entry2.o
         4          0          0          0          0          0   entry5.o
         0          0          0          0          0          0   entry7b.o
         0          0          0          0          0          0   entry8b.o
         8          4          0          0          0          0   entry9a.o
         8          4          0          4          0         68   errno.o
        30          0          0          0          0          0   handlers.o
        36          8          0          0          0         68   init.o
         0          0          0          0          0          0   iusefp.o
        30          0          0          0          0         68   llshl.o
        32          0          0          0          0         68   llushr.o
        36          0          0          0          0        108   memseta.o
      1204         60          0          0          0        504   printf8.o
         0          0          0          4          0          0   stdout.o
        36          0          0          0          0         80   strstr.o
       112          0          0          0          0         88   strtol.o
        98          0          0          0          0         92   uldiv.o
        56          0          0          0          0         88   d2f.o
       186          0          0          0          0        176   depilogue.o
        62          0          0          0          0         80   dfixi.o
        34          0          0          0          0         76   dflti.o
       228          0          0          0          0         96   dmul.o
        38          0          0          0          0         68   f2d.o
       176          0          0          0          0        140   fadd.o
       124          0          0          0          0         88   fdiv.o
       110          0          0          0          0        168   fepilogue.o
        50          0          0          0          0         68   ffixi.o
        10          0          0          0          0         68   ffltui.o
       100          0          0          0          0         76   fmul.o

    ----------------------------------------------------------------------
      3100         84        136          8          0       2644   Library Totals
         6          0          3          0          0          0   (incl. Padding)

    ----------------------------------------------------------------------

      Code (inc. data)   RO Data    RW Data    ZI Data      Debug   Library Name

      1920         84        133          8          0       1452   mc_w.l
      1174          0          0          0          0       1192   mf_w.l

    ----------------------------------------------------------------------
      3100         84        136          8          0       2644   Library Totals

    ----------------------------------------------------------------------

==============================================================================


      Code (inc. data)   RO Data    RW Data    ZI Data      Debug   

     35404       3908       1000        828      50988     610013   Grand Totals
     35404       3908       1000        544      50988     610013   ELF Image Totals (compressed)
     35404       3908       1000        544          0          0   ROM Totals

==============================================================================

    Total RO  Size (Code + RO Data)                36404 (  35.55kB)
    Total RW  Size (RW Data + ZI Data)             51816 (  50.60kB)
    Total ROM Size (Code + RO Data + RW Data)      36948 (  36.08kB)

==============================================================================

